Copyright 1986-2022 Xilinx, Inc. All Rights Reserved. Copyright 2022-2024 Advanced Micro Devices, Inc. All Rights Reserved.
---------------------------------------------------------------------------------------------------------------------------------------------
| Tool Version : Vivado v.2024.2 (win64) Build 5239630 Fri Nov 08 22:35:27 MST 2024
| Date         : Fri Jan 30 12:24:00 2026
| Host         : DESKTOP-6GKB5CJ running 64-bit major release  (build 9200)
| Command      : upgrade_ip
| Device       : xc7a35tcpg236-1
---------------------------------------------------------------------------------------------------------------------------------------------

Upgrade Log for IP 'fpga_mnist_mnist_accel_0_2'

1. Summary
----------

SUCCESS in the upgrade of fpga_mnist_mnist_accel_0_2 (xilinx.com:user:mnist_accel:1.0) from (Rev. 64) to (Rev. 65)






Copyright 1986-2022 Xilinx, Inc. All Rights Reserved. Copyright 2022-2024 Advanced Micro Devices, Inc. All Rights Reserved.
---------------------------------------------------------------------------------------------------------------------------------------------
| Tool Version : Vivado v.2024.2 (win64) Build 5239630 Fri Nov 08 22:35:27 MST 2024
| Date         : Thu Jan 29 22:56:40 2026
| Host         : DESKTOP-6GKB5CJ running 64-bit major release  (build 9200)
| Command      : upgrade_ip
| Device       : xc7a35tcpg236-1
---------------------------------------------------------------------------------------------------------------------------------------------

Upgrade Log for IP 'fpga_mnist_mnist_accel_0_2'

1. Summary
----------

SUCCESS in the upgrade of fpga_mnist_mnist_accel_0_2 (xilinx.com:user:mnist_accel:1.0) from (Rev. 63) to (Rev. 64)






Copyright 1986-2022 Xilinx, Inc. All Rights Reserved. Copyright 2022-2024 Advanced Micro Devices, Inc. All Rights Reserved.
---------------------------------------------------------------------------------------------------------------------------------------------
| Tool Version : Vivado v.2024.2 (win64) Build 5239630 Fri Nov 08 22:35:27 MST 2024
| Date         : Thu Jan 29 22:21:16 2026
| Host         : DESKTOP-6GKB5CJ running 64-bit major release  (build 9200)
| Command      : upgrade_ip
| Device       : xc7a35tcpg236-1
---------------------------------------------------------------------------------------------------------------------------------------------

Upgrade Log for IP 'fpga_mnist_mnist_accel_0_2'

1. Summary
----------

SUCCESS in the upgrade of fpga_mnist_mnist_accel_0_2 (xilinx.com:user:mnist_accel:1.0) from (Rev. 62) to (Rev. 63)






Copyright 1986-2022 Xilinx, Inc. All Rights Reserved. Copyright 2022-2024 Advanced Micro Devices, Inc. All Rights Reserved.
---------------------------------------------------------------------------------------------------------------------------------------------
| Tool Version : Vivado v.2024.2 (win64) Build 5239630 Fri Nov 08 22:35:27 MST 2024
| Date         : Thu Jan 29 21:48:14 2026
| Host         : DESKTOP-6GKB5CJ running 64-bit major release  (build 9200)
| Command      : upgrade_ip
| Device       : xc7a35tcpg236-1
---------------------------------------------------------------------------------------------------------------------------------------------

Upgrade Log for IP 'fpga_mnist_mnist_accel_0_2'

1. Summary
----------

SUCCESS in the upgrade of fpga_mnist_mnist_accel_0_2 (xilinx.com:user:mnist_accel:1.0) from (Rev. 61) to (Rev. 62)






Copyright 1986-2022 Xilinx, Inc. All Rights Reserved. Copyright 2022-2024 Advanced Micro Devices, Inc. All Rights Reserved.
---------------------------------------------------------------------------------------------------------------------------------------------
| Tool Version : Vivado v.2024.2 (win64) Build 5239630 Fri Nov 08 22:35:27 MST 2024
| Date         : Thu Jan 29 21:26:07 2026
| Host         : DESKTOP-6GKB5CJ running 64-bit major release  (build 9200)
| Command      : upgrade_ip
| Device       : xc7a35tcpg236-1
---------------------------------------------------------------------------------------------------------------------------------------------

Upgrade Log for IP 'fpga_mnist_mnist_accel_0_2'

1. Summary
----------

SUCCESS in the upgrade of fpga_mnist_mnist_accel_0_2 (xilinx.com:user:mnist_accel:1.0) from (Rev. 60) to (Rev. 61)






Copyright 1986-2022 Xilinx, Inc. All Rights Reserved. Copyright 2022-2024 Advanced Micro Devices, Inc. All Rights Reserved.
---------------------------------------------------------------------------------------------------------------------------------------------
| Tool Version : Vivado v.2024.2 (win64) Build 5239630 Fri Nov 08 22:35:27 MST 2024
| Date         : Thu Jan 29 20:52:32 2026
| Host         : DESKTOP-6GKB5CJ running 64-bit major release  (build 9200)
| Command      : upgrade_ip
| Device       : xc7a35tcpg236-1
---------------------------------------------------------------------------------------------------------------------------------------------

Upgrade Log for IP 'fpga_mnist_mnist_accel_0_2'

1. Summary
----------

SUCCESS in the upgrade of fpga_mnist_mnist_accel_0_2 (xilinx.com:user:mnist_accel:1.0) from (Rev. 59) to (Rev. 60)






Copyright 1986-2022 Xilinx, Inc. All Rights Reserved. Copyright 2022-2024 Advanced Micro Devices, Inc. All Rights Reserved.
---------------------------------------------------------------------------------------------------------------------------------------------
| Tool Version : Vivado v.2024.2 (win64) Build 5239630 Fri Nov 08 22:35:27 MST 2024
| Date         : Mon Jan 26 20:42:27 2026
| Host         : DESKTOP-6GKB5CJ running 64-bit major release  (build 9200)
| Command      : upgrade_ip
| Device       : xc7a35tcpg236-1
---------------------------------------------------------------------------------------------------------------------------------------------

Upgrade Log for IP 'fpga_mnist_mnist_accel_0_2'

1. Summary
----------

SUCCESS in the upgrade of fpga_mnist_mnist_accel_0_2 (xilinx.com:user:mnist_accel:1.0) from (Rev. 58) to (Rev. 59)






Copyright 1986-2022 Xilinx, Inc. All Rights Reserved. Copyright 2022-2024 Advanced Micro Devices, Inc. All Rights Reserved.
---------------------------------------------------------------------------------------------------------------------------------------------
| Tool Version : Vivado v.2024.2 (win64) Build 5239630 Fri Nov 08 22:35:27 MST 2024
| Date         : Mon Jan 26 20:21:47 2026
| Host         : DESKTOP-6GKB5CJ running 64-bit major release  (build 9200)
| Command      : upgrade_ip
| Device       : xc7a35tcpg236-1
---------------------------------------------------------------------------------------------------------------------------------------------

Upgrade Log for IP 'fpga_mnist_mnist_accel_0_2'

1. Summary
----------

SUCCESS in the upgrade of fpga_mnist_mnist_accel_0_2 (xilinx.com:user:mnist_accel:1.0) from (Rev. 57) to (Rev. 58)






Copyright 1986-2022 Xilinx, Inc. All Rights Reserved. Copyright 2022-2024 Advanced Micro Devices, Inc. All Rights Reserved.
---------------------------------------------------------------------------------------------------------------------------------------------
| Tool Version : Vivado v.2024.2 (win64) Build 5239630 Fri Nov 08 22:35:27 MST 2024
| Date         : Mon Jan 26 20:06:51 2026
| Host         : DESKTOP-6GKB5CJ running 64-bit major release  (build 9200)
| Command      : upgrade_ip
| Device       : xc7a35tcpg236-1
---------------------------------------------------------------------------------------------------------------------------------------------

Upgrade Log for IP 'fpga_mnist_mnist_accel_0_2'

1. Summary
----------

SUCCESS in the upgrade of fpga_mnist_mnist_accel_0_2 (xilinx.com:user:mnist_accel:1.0) from (Rev. 56) to (Rev. 57)






Copyright 1986-2022 Xilinx, Inc. All Rights Reserved. Copyright 2022-2024 Advanced Micro Devices, Inc. All Rights Reserved.
---------------------------------------------------------------------------------------------------------------------------------------------
| Tool Version : Vivado v.2024.2 (win64) Build 5239630 Fri Nov 08 22:35:27 MST 2024
| Date         : Mon Jan 26 19:43:46 2026
| Host         : DESKTOP-6GKB5CJ running 64-bit major release  (build 9200)
| Command      : upgrade_ip
| Device       : xc7a35tcpg236-1
---------------------------------------------------------------------------------------------------------------------------------------------

Upgrade Log for IP 'fpga_mnist_mnist_accel_0_2'

1. Summary
----------

SUCCESS in the upgrade of fpga_mnist_mnist_accel_0_2 (xilinx.com:user:mnist_accel:1.0) from (Rev. 55) to (Rev. 56)






Copyright 1986-2022 Xilinx, Inc. All Rights Reserved. Copyright 2022-2024 Advanced Micro Devices, Inc. All Rights Reserved.
---------------------------------------------------------------------------------------------------------------------------------------------
| Tool Version : Vivado v.2024.2 (win64) Build 5239630 Fri Nov 08 22:35:27 MST 2024
| Date         : Mon Jan 26 15:43:20 2026
| Host         : DESKTOP-6GKB5CJ running 64-bit major release  (build 9200)
| Command      : upgrade_ip
| Device       : xc7a35tcpg236-1
---------------------------------------------------------------------------------------------------------------------------------------------

Upgrade Log for IP 'fpga_mnist_mnist_accel_0_2'

1. Summary
----------

SUCCESS in the upgrade of fpga_mnist_mnist_accel_0_2 (xilinx.com:user:mnist_accel:1.0) from (Rev. 54) to (Rev. 55)






Copyright 1986-2022 Xilinx, Inc. All Rights Reserved. Copyright 2022-2024 Advanced Micro Devices, Inc. All Rights Reserved.
---------------------------------------------------------------------------------------------------------------------------------------------
| Tool Version : Vivado v.2024.2 (win64) Build 5239630 Fri Nov 08 22:35:27 MST 2024
| Date         : Mon Jan 26 15:21:26 2026
| Host         : DESKTOP-6GKB5CJ running 64-bit major release  (build 9200)
| Command      : upgrade_ip
| Device       : xc7a35tcpg236-1
---------------------------------------------------------------------------------------------------------------------------------------------

Upgrade Log for IP 'fpga_mnist_mnist_accel_0_2'

1. Summary
----------

SUCCESS in the upgrade of fpga_mnist_mnist_accel_0_2 (xilinx.com:user:mnist_accel:1.0) from (Rev. 53) to (Rev. 54)






Copyright 1986-2022 Xilinx, Inc. All Rights Reserved. Copyright 2022-2024 Advanced Micro Devices, Inc. All Rights Reserved.
---------------------------------------------------------------------------------------------------------------------------------------------
| Tool Version : Vivado v.2024.2 (win64) Build 5239630 Fri Nov 08 22:35:27 MST 2024
| Date         : Mon Jan 26 15:03:07 2026
| Host         : DESKTOP-6GKB5CJ running 64-bit major release  (build 9200)
| Command      : upgrade_ip
| Device       : xc7a35tcpg236-1
---------------------------------------------------------------------------------------------------------------------------------------------

Upgrade Log for IP 'fpga_mnist_mnist_accel_0_2'

1. Summary
----------

SUCCESS in the upgrade of fpga_mnist_mnist_accel_0_2 (xilinx.com:user:mnist_accel:1.0) from (Rev. 52) to (Rev. 53)






Copyright 1986-2022 Xilinx, Inc. All Rights Reserved. Copyright 2022-2024 Advanced Micro Devices, Inc. All Rights Reserved.
---------------------------------------------------------------------------------------------------------------------------------------------
| Tool Version : Vivado v.2024.2 (win64) Build 5239630 Fri Nov 08 22:35:27 MST 2024
| Date         : Mon Jan 26 14:59:51 2026
| Host         : DESKTOP-6GKB5CJ running 64-bit major release  (build 9200)
| Command      : upgrade_ip
| Device       : xc7a35tcpg236-1
---------------------------------------------------------------------------------------------------------------------------------------------

Upgrade Log for IP 'fpga_mnist_mnist_accel_0_2'

1. Summary
----------

SUCCESS in the upgrade of fpga_mnist_mnist_accel_0_2 (xilinx.com:user:mnist_accel:1.0) from (Rev. 51) to (Rev. 52)






Copyright 1986-2022 Xilinx, Inc. All Rights Reserved. Copyright 2022-2024 Advanced Micro Devices, Inc. All Rights Reserved.
---------------------------------------------------------------------------------------------------------------------------------------------
| Tool Version : Vivado v.2024.2 (win64) Build 5239630 Fri Nov 08 22:35:27 MST 2024
| Date         : Mon Jan 26 14:41:56 2026
| Host         : DESKTOP-6GKB5CJ running 64-bit major release  (build 9200)
| Command      : upgrade_ip
| Device       : xc7a35tcpg236-1
---------------------------------------------------------------------------------------------------------------------------------------------

Upgrade Log for IP 'fpga_mnist_mnist_accel_0_2'

1. Summary
----------

SUCCESS in the upgrade of fpga_mnist_mnist_accel_0_2 (xilinx.com:user:mnist_accel:1.0) from (Rev. 50) to (Rev. 51)






Copyright 1986-2022 Xilinx, Inc. All Rights Reserved. Copyright 2022-2024 Advanced Micro Devices, Inc. All Rights Reserved.
---------------------------------------------------------------------------------------------------------------------------------------------
| Tool Version : Vivado v.2024.2 (win64) Build 5239630 Fri Nov 08 22:35:27 MST 2024
| Date         : Mon Jan 26 14:25:24 2026
| Host         : DESKTOP-6GKB5CJ running 64-bit major release  (build 9200)
| Command      : upgrade_ip
| Device       : xc7a35tcpg236-1
---------------------------------------------------------------------------------------------------------------------------------------------

Upgrade Log for IP 'fpga_mnist_mnist_accel_0_2'

1. Summary
----------

SUCCESS in the upgrade of fpga_mnist_mnist_accel_0_2 (xilinx.com:user:mnist_accel:1.0) from (Rev. 49) to (Rev. 50)






Copyright 1986-2022 Xilinx, Inc. All Rights Reserved. Copyright 2022-2024 Advanced Micro Devices, Inc. All Rights Reserved.
---------------------------------------------------------------------------------------------------------------------------------------------
| Tool Version : Vivado v.2024.2 (win64) Build 5239630 Fri Nov 08 22:35:27 MST 2024
| Date         : Mon Jan 26 14:03:23 2026
| Host         : DESKTOP-6GKB5CJ running 64-bit major release  (build 9200)
| Command      : upgrade_ip
| Device       : xc7a35tcpg236-1
---------------------------------------------------------------------------------------------------------------------------------------------

Upgrade Log for IP 'fpga_mnist_mnist_accel_0_2'

1. Summary
----------

SUCCESS in the upgrade of fpga_mnist_mnist_accel_0_2 (xilinx.com:user:mnist_accel:1.0) from (Rev. 48) to (Rev. 49)






Copyright 1986-2022 Xilinx, Inc. All Rights Reserved. Copyright 2022-2024 Advanced Micro Devices, Inc. All Rights Reserved.
---------------------------------------------------------------------------------------------------------------------------------------------
| Tool Version : Vivado v.2024.2 (win64) Build 5239630 Fri Nov 08 22:35:27 MST 2024
| Date         : Mon Jan 26 13:40:02 2026
| Host         : DESKTOP-6GKB5CJ running 64-bit major release  (build 9200)
| Command      : upgrade_ip
| Device       : xc7a35tcpg236-1
---------------------------------------------------------------------------------------------------------------------------------------------

Upgrade Log for IP 'fpga_mnist_mnist_accel_0_2'

1. Summary
----------

SUCCESS in the upgrade of fpga_mnist_mnist_accel_0_2 (xilinx.com:user:mnist_accel:1.0) from (Rev. 47) to (Rev. 48)






Copyright 1986-2022 Xilinx, Inc. All Rights Reserved. Copyright 2022-2024 Advanced Micro Devices, Inc. All Rights Reserved.
---------------------------------------------------------------------------------------------------------------------------------------------
| Tool Version : Vivado v.2024.2 (win64) Build 5239630 Fri Nov 08 22:35:27 MST 2024
| Date         : Mon Jan 26 13:16:43 2026
| Host         : DESKTOP-6GKB5CJ running 64-bit major release  (build 9200)
| Command      : upgrade_ip
| Device       : xc7a35tcpg236-1
---------------------------------------------------------------------------------------------------------------------------------------------

Upgrade Log for IP 'fpga_mnist_mnist_accel_0_2'

1. Summary
----------

SUCCESS in the upgrade of fpga_mnist_mnist_accel_0_2 (xilinx.com:user:mnist_accel:1.0) from (Rev. 46) to (Rev. 47)






Copyright 1986-2022 Xilinx, Inc. All Rights Reserved. Copyright 2022-2024 Advanced Micro Devices, Inc. All Rights Reserved.
---------------------------------------------------------------------------------------------------------------------------------------------
| Tool Version : Vivado v.2024.2 (win64) Build 5239630 Fri Nov 08 22:35:27 MST 2024
| Date         : Mon Jan 26 12:58:09 2026
| Host         : DESKTOP-6GKB5CJ running 64-bit major release  (build 9200)
| Command      : upgrade_ip
| Device       : xc7a35tcpg236-1
---------------------------------------------------------------------------------------------------------------------------------------------

Upgrade Log for IP 'fpga_mnist_mnist_accel_0_2'

1. Summary
----------

SUCCESS in the upgrade of fpga_mnist_mnist_accel_0_2 (xilinx.com:user:mnist_accel:1.0) from (Rev. 45) to (Rev. 46)






Copyright 1986-2022 Xilinx, Inc. All Rights Reserved. Copyright 2022-2024 Advanced Micro Devices, Inc. All Rights Reserved.
---------------------------------------------------------------------------------------------------------------------------------------------
| Tool Version : Vivado v.2024.2 (win64) Build 5239630 Fri Nov 08 22:35:27 MST 2024
| Date         : Mon Jan 26 12:38:50 2026
| Host         : DESKTOP-6GKB5CJ running 64-bit major release  (build 9200)
| Command      : upgrade_ip
| Device       : xc7a35tcpg236-1
---------------------------------------------------------------------------------------------------------------------------------------------

Upgrade Log for IP 'fpga_mnist_mnist_accel_0_2'

1. Summary
----------

SUCCESS in the upgrade of fpga_mnist_mnist_accel_0_2 (xilinx.com:user:mnist_accel:1.0) from (Rev. 44) to (Rev. 45)






Copyright 1986-2022 Xilinx, Inc. All Rights Reserved. Copyright 2022-2024 Advanced Micro Devices, Inc. All Rights Reserved.
---------------------------------------------------------------------------------------------------------------------------------------------
| Tool Version : Vivado v.2024.2 (win64) Build 5239630 Fri Nov 08 22:35:27 MST 2024
| Date         : Mon Jan 26 12:21:18 2026
| Host         : DESKTOP-6GKB5CJ running 64-bit major release  (build 9200)
| Command      : upgrade_ip
| Device       : xc7a35tcpg236-1
---------------------------------------------------------------------------------------------------------------------------------------------

Upgrade Log for IP 'fpga_mnist_mnist_accel_0_2'

1. Summary
----------

SUCCESS in the upgrade of fpga_mnist_mnist_accel_0_2 (xilinx.com:user:mnist_accel:1.0) from (Rev. 43) to (Rev. 44)






Copyright 1986-2022 Xilinx, Inc. All Rights Reserved. Copyright 2022-2024 Advanced Micro Devices, Inc. All Rights Reserved.
---------------------------------------------------------------------------------------------------------------------------------------------
| Tool Version : Vivado v.2024.2 (win64) Build 5239630 Fri Nov 08 22:35:27 MST 2024
| Date         : Mon Jan 26 12:06:24 2026
| Host         : DESKTOP-6GKB5CJ running 64-bit major release  (build 9200)
| Command      : upgrade_ip
| Device       : xc7a35tcpg236-1
---------------------------------------------------------------------------------------------------------------------------------------------

Upgrade Log for IP 'fpga_mnist_mnist_accel_0_2'

1. Summary
----------

SUCCESS in the upgrade of fpga_mnist_mnist_accel_0_2 (xilinx.com:user:mnist_accel:1.0) from (Rev. 42) to (Rev. 43)






Copyright 1986-2022 Xilinx, Inc. All Rights Reserved. Copyright 2022-2024 Advanced Micro Devices, Inc. All Rights Reserved.
---------------------------------------------------------------------------------------------------------------------------------------------
| Tool Version : Vivado v.2024.2 (win64) Build 5239630 Fri Nov 08 22:35:27 MST 2024
| Date         : Sun Jan 25 15:12:54 2026
| Host         : DESKTOP-6GKB5CJ running 64-bit major release  (build 9200)
| Command      : upgrade_ip
| Device       : xc7a35tcpg236-1
---------------------------------------------------------------------------------------------------------------------------------------------

Upgrade Log for IP 'fpga_mnist_mnist_accel_0_2'

1. Summary
----------

SUCCESS in the upgrade of fpga_mnist_mnist_accel_0_2 (xilinx.com:user:mnist_accel:1.0) from (Rev. 41) to (Rev. 42)






Copyright 1986-2022 Xilinx, Inc. All Rights Reserved. Copyright 2022-2024 Advanced Micro Devices, Inc. All Rights Reserved.
---------------------------------------------------------------------------------------------------------------------------------------------
| Tool Version : Vivado v.2024.2 (win64) Build 5239630 Fri Nov 08 22:35:27 MST 2024
| Date         : Sun Jan 25 14:33:58 2026
| Host         : DESKTOP-6GKB5CJ running 64-bit major release  (build 9200)
| Command      : upgrade_ip
| Device       : xc7a35tcpg236-1
---------------------------------------------------------------------------------------------------------------------------------------------

Upgrade Log for IP 'fpga_mnist_mnist_accel_0_2'

1. Summary
----------

CAUTION (success, with warnings) in the upgrade of fpga_mnist_mnist_accel_0_2 (xilinx.com:user:mnist_accel:1.0) from (Rev. 40) to (Rev. 41)

After upgrade, an IP may have parameter and port differences compared to the original customization. Please review the parameters within the IP customization GUI to ensure proper functionality. Also, please review the updated IP instantiation template to ensure proper connectivity, and update your design if required.

2. Connection Warnings
----------------------

Detected external port differences while upgrading 'fpga_mnist_mnist_accel_0_2'. These changes may impact your design.


-Upgraded port 'dbg_result_valid' width 32 differs from original width 12







Copyright 1986-2022 Xilinx, Inc. All Rights Reserved. Copyright 2022-2024 Advanced Micro Devices, Inc. All Rights Reserved.
---------------------------------------------------------------------------------------------------------------------------------------------
| Tool Version : Vivado v.2024.2 (win64) Build 5239630 Fri Nov 08 22:35:27 MST 2024
| Date         : Sun Jan 25 14:15:32 2026
| Host         : DESKTOP-6GKB5CJ running 64-bit major release  (build 9200)
| Command      : upgrade_ip
| Device       : xc7a35tcpg236-1
---------------------------------------------------------------------------------------------------------------------------------------------

Upgrade Log for IP 'fpga_mnist_mnist_accel_0_2'

1. Summary
----------

CAUTION (success, with warnings) in the upgrade of fpga_mnist_mnist_accel_0_2 (xilinx.com:user:mnist_accel:1.0) from (Rev. 39) to (Rev. 40)

After upgrade, an IP may have parameter and port differences compared to the original customization. Please review the parameters within the IP customization GUI to ensure proper functionality. Also, please review the updated IP instantiation template to ensure proper connectivity, and update your design if required.

2. Connection Warnings
----------------------

Detected external port differences while upgrading 'fpga_mnist_mnist_accel_0_2'. These changes may impact your design.


-Upgraded port 'dbg_result_valid' width 12 differs from original width 1







Copyright 1986-2022 Xilinx, Inc. All Rights Reserved. Copyright 2022-2024 Advanced Micro Devices, Inc. All Rights Reserved.
---------------------------------------------------------------------------------------------------------------------------------------------
| Tool Version : Vivado v.2024.2 (win64) Build 5239630 Fri Nov 08 22:35:27 MST 2024
| Date         : Sat Jan 24 17:02:16 2026
| Host         : DESKTOP-6GKB5CJ running 64-bit major release  (build 9200)
| Command      : upgrade_ip
| Device       : xc7a35tcpg236-1
---------------------------------------------------------------------------------------------------------------------------------------------

Upgrade Log for IP 'fpga_mnist_mnist_accel_0_2'

1. Summary
----------

SUCCESS in the upgrade of fpga_mnist_mnist_accel_0_2 (xilinx.com:user:mnist_accel:1.0) from (Rev. 38) to (Rev. 39)






Copyright 1986-2022 Xilinx, Inc. All Rights Reserved. Copyright 2022-2024 Advanced Micro Devices, Inc. All Rights Reserved.
---------------------------------------------------------------------------------------------------------------------------------------------
| Tool Version : Vivado v.2024.2 (win64) Build 5239630 Fri Nov 08 22:35:27 MST 2024
| Date         : Sat Jan 24 16:41:15 2026
| Host         : DESKTOP-6GKB5CJ running 64-bit major release  (build 9200)
| Command      : upgrade_ip
| Device       : xc7a35tcpg236-1
---------------------------------------------------------------------------------------------------------------------------------------------

Upgrade Log for IP 'fpga_mnist_mnist_accel_0_2'

1. Summary
----------

SUCCESS in the upgrade of fpga_mnist_mnist_accel_0_2 (xilinx.com:user:mnist_accel:1.0) from (Rev. 36) to (Rev. 38)






Copyright 1986-2022 Xilinx, Inc. All Rights Reserved. Copyright 2022-2024 Advanced Micro Devices, Inc. All Rights Reserved.
---------------------------------------------------------------------------------------------------------------------------------------------
| Tool Version : Vivado v.2024.2 (win64) Build 5239630 Fri Nov 08 22:35:27 MST 2024
| Date         : Sat Jan 24 16:20:05 2026
| Host         : DESKTOP-6GKB5CJ running 64-bit major release  (build 9200)
| Command      : upgrade_ip
| Device       : xc7a35tcpg236-1
---------------------------------------------------------------------------------------------------------------------------------------------

Upgrade Log for IP 'fpga_mnist_mnist_accel_0_2'

1. Summary
----------

SUCCESS in the upgrade of fpga_mnist_mnist_accel_0_2 (xilinx.com:user:mnist_accel:1.0) from (Rev. 34) to (Rev. 36)






Copyright 1986-2022 Xilinx, Inc. All Rights Reserved. Copyright 2022-2024 Advanced Micro Devices, Inc. All Rights Reserved.
---------------------------------------------------------------------------------------------------------------------------------------------
| Tool Version : Vivado v.2024.2 (win64) Build 5239630 Fri Nov 08 22:35:27 MST 2024
| Date         : Sat Jan 24 16:06:22 2026
| Host         : DESKTOP-6GKB5CJ running 64-bit major release  (build 9200)
| Command      : upgrade_ip
| Device       : xc7a35tcpg236-1
---------------------------------------------------------------------------------------------------------------------------------------------

Upgrade Log for IP 'fpga_mnist_mnist_accel_0_2'

1. Summary
----------

SUCCESS in the upgrade of fpga_mnist_mnist_accel_0_2 (xilinx.com:user:mnist_accel:1.0) from (Rev. 33) to (Rev. 34)






Copyright 1986-2022 Xilinx, Inc. All Rights Reserved. Copyright 2022-2024 Advanced Micro Devices, Inc. All Rights Reserved.
---------------------------------------------------------------------------------------------------------------------------------------------
| Tool Version : Vivado v.2024.2 (win64) Build 5239630 Fri Nov 08 22:35:27 MST 2024
| Date         : Sat Jan 24 15:34:43 2026
| Host         : DESKTOP-6GKB5CJ running 64-bit major release  (build 9200)
| Command      : upgrade_ip
| Device       : xc7a35tcpg236-1
---------------------------------------------------------------------------------------------------------------------------------------------

Upgrade Log for IP 'fpga_mnist_mnist_accel_0_2'

1. Summary
----------

SUCCESS in the upgrade of fpga_mnist_mnist_accel_0_2 (xilinx.com:user:mnist_accel:1.0) from (Rev. 32) to (Rev. 33)






Copyright 1986-2022 Xilinx, Inc. All Rights Reserved. Copyright 2022-2024 Advanced Micro Devices, Inc. All Rights Reserved.
---------------------------------------------------------------------------------------------------------------------------------------------
| Tool Version : Vivado v.2024.2 (win64) Build 5239630 Fri Nov 08 22:35:27 MST 2024
| Date         : Sat Jan 24 15:21:35 2026
| Host         : DESKTOP-6GKB5CJ running 64-bit major release  (build 9200)
| Command      : upgrade_ip
| Device       : xc7a35tcpg236-1
---------------------------------------------------------------------------------------------------------------------------------------------

Upgrade Log for IP 'fpga_mnist_mnist_accel_0_2'

1. Summary
----------

SUCCESS in the upgrade of fpga_mnist_mnist_accel_0_2 (xilinx.com:user:mnist_accel:1.0) from (Rev. 31) to (Rev. 32)






Copyright 1986-2022 Xilinx, Inc. All Rights Reserved. Copyright 2022-2024 Advanced Micro Devices, Inc. All Rights Reserved.
---------------------------------------------------------------------------------------------------------------------------------------------
| Tool Version : Vivado v.2024.2 (win64) Build 5239630 Fri Nov 08 22:35:27 MST 2024
| Date         : Sat Jan 24 15:04:42 2026
| Host         : DESKTOP-6GKB5CJ running 64-bit major release  (build 9200)
| Command      : upgrade_ip
| Device       : xc7a35tcpg236-1
---------------------------------------------------------------------------------------------------------------------------------------------

Upgrade Log for IP 'fpga_mnist_mnist_accel_0_2'

1. Summary
----------

SUCCESS in the upgrade of fpga_mnist_mnist_accel_0_2 (xilinx.com:user:mnist_accel:1.0) from (Rev. 30) to (Rev. 31)






Copyright 1986-2022 Xilinx, Inc. All Rights Reserved. Copyright 2022-2024 Advanced Micro Devices, Inc. All Rights Reserved.
---------------------------------------------------------------------------------------------------------------------------------------------
| Tool Version : Vivado v.2024.2 (win64) Build 5239630 Fri Nov 08 22:35:27 MST 2024
| Date         : Fri Jan 23 17:32:56 2026
| Host         : DESKTOP-6GKB5CJ running 64-bit major release  (build 9200)
| Command      : upgrade_ip
| Device       : xc7a35tcpg236-1
---------------------------------------------------------------------------------------------------------------------------------------------

Upgrade Log for IP 'fpga_mnist_mnist_accel_0_2'

1. Summary
----------

CAUTION (success, with warnings) in the upgrade of fpga_mnist_mnist_accel_0_2 (xilinx.com:user:mnist_accel:1.0) from (Rev. 29) to (Rev. 30)

After upgrade, an IP may have parameter and port differences compared to the original customization. Please review the parameters within the IP customization GUI to ensure proper functionality. Also, please review the updated IP instantiation template to ensure proper connectivity, and update your design if required.

2. Connection Warnings
----------------------

Detected external port differences while upgrading 'fpga_mnist_mnist_accel_0_2'. These changes may impact your design.


-Upgrade has added port 'dbg_control_strobe'

-Upgrade has added port 'dbg_pix_wr_strobe'







Copyright 1986-2022 Xilinx, Inc. All Rights Reserved. Copyright 2022-2024 Advanced Micro Devices, Inc. All Rights Reserved.
---------------------------------------------------------------------------------------------------------------------------------------------
| Tool Version : Vivado v.2024.2 (win64) Build 5239630 Fri Nov 08 22:35:27 MST 2024
| Date         : Fri Jan 23 17:27:58 2026
| Host         : DESKTOP-6GKB5CJ running 64-bit major release  (build 9200)
| Command      : upgrade_ip
| Device       : xc7a35tcpg236-1
---------------------------------------------------------------------------------------------------------------------------------------------

Upgrade Log for IP 'fpga_mnist_mnist_accel_0_2'

1. Summary
----------

SUCCESS in the upgrade of fpga_mnist_mnist_accel_0_2 (xilinx.com:user:mnist_accel:1.0) from (Rev. 28) to (Rev. 29)






Copyright 1986-2022 Xilinx, Inc. All Rights Reserved. Copyright 2022-2024 Advanced Micro Devices, Inc. All Rights Reserved.
---------------------------------------------------------------------------------------------------------------------------------------------
| Tool Version : Vivado v.2024.2 (win64) Build 5239630 Fri Nov 08 22:35:27 MST 2024
| Date         : Fri Jan 23 15:56:28 2026
| Host         : DESKTOP-6GKB5CJ running 64-bit major release  (build 9200)
| Command      : upgrade_ip
| Device       : xc7a35tcpg236-1
---------------------------------------------------------------------------------------------------------------------------------------------

Upgrade Log for IP 'fpga_mnist_mnist_accel_0_2'

1. Summary
----------

SUCCESS in the upgrade of fpga_mnist_mnist_accel_0_2 (xilinx.com:user:mnist_accel:1.0) from (Rev. 27) to (Rev. 28)






Copyright 1986-2022 Xilinx, Inc. All Rights Reserved. Copyright 2022-2024 Advanced Micro Devices, Inc. All Rights Reserved.
---------------------------------------------------------------------------------------------------------------------------------------------
| Tool Version : Vivado v.2024.2 (win64) Build 5239630 Fri Nov 08 22:35:27 MST 2024
| Date         : Fri Jan 23 15:50:12 2026
| Host         : DESKTOP-6GKB5CJ running 64-bit major release  (build 9200)
| Command      : upgrade_ip
| Device       : xc7a35tcpg236-1
---------------------------------------------------------------------------------------------------------------------------------------------

Upgrade Log for IP 'fpga_mnist_mnist_accel_0_2'

1. Summary
----------

SUCCESS in the upgrade of fpga_mnist_mnist_accel_0_2 (xilinx.com:user:mnist_accel:1.0) from (Rev. 26) to (Rev. 27)






Copyright 1986-2022 Xilinx, Inc. All Rights Reserved. Copyright 2022-2024 Advanced Micro Devices, Inc. All Rights Reserved.
---------------------------------------------------------------------------------------------------------------------------------------------
| Tool Version : Vivado v.2024.2 (win64) Build 5239630 Fri Nov 08 22:35:27 MST 2024
| Date         : Fri Jan 23 15:31:25 2026
| Host         : DESKTOP-6GKB5CJ running 64-bit major release  (build 9200)
| Command      : upgrade_ip
| Device       : xc7a35tcpg236-1
---------------------------------------------------------------------------------------------------------------------------------------------

Upgrade Log for IP 'fpga_mnist_mnist_accel_0_2'

1. Summary
----------

CAUTION (success, with warnings) in the upgrade of fpga_mnist_mnist_accel_0_2 (xilinx.com:user:mnist_accel:1.0) from (Rev. 25) to (Rev. 26)

After upgrade, an IP may have parameter and port differences compared to the original customization. Please review the parameters within the IP customization GUI to ensure proper functionality. Also, please review the updated IP instantiation template to ensure proper connectivity, and update your design if required.

2. Connection Warnings
----------------------

Detected external port differences while upgrading 'fpga_mnist_mnist_accel_0_2'. These changes may impact your design.


-Upgrade has added port 'dbg_pix_waddr'







Copyright 1986-2022 Xilinx, Inc. All Rights Reserved. Copyright 2022-2024 Advanced Micro Devices, Inc. All Rights Reserved.
---------------------------------------------------------------------------------------------------------------------------------------------
| Tool Version : Vivado v.2024.2 (win64) Build 5239630 Fri Nov 08 22:35:27 MST 2024
| Date         : Fri Jan 23 15:03:16 2026
| Host         : DESKTOP-6GKB5CJ running 64-bit major release  (build 9200)
| Command      : upgrade_ip
| Device       : xc7a35tcpg236-1
---------------------------------------------------------------------------------------------------------------------------------------------

Upgrade Log for IP 'fpga_mnist_mnist_accel_0_2'

1. Summary
----------

SUCCESS in the upgrade of fpga_mnist_mnist_accel_0_2 (xilinx.com:user:mnist_accel:1.0) from (Rev. 24) to (Rev. 25)






Copyright 1986-2022 Xilinx, Inc. All Rights Reserved. Copyright 2022-2024 Advanced Micro Devices, Inc. All Rights Reserved.
---------------------------------------------------------------------------------------------------------------------------------------------
| Tool Version : Vivado v.2024.2 (win64) Build 5239630 Fri Nov 08 22:35:27 MST 2024
| Date         : Fri Jan 23 14:35:09 2026
| Host         : DESKTOP-6GKB5CJ running 64-bit major release  (build 9200)
| Command      : upgrade_ip
| Device       : xc7a35tcpg236-1
---------------------------------------------------------------------------------------------------------------------------------------------

Upgrade Log for IP 'fpga_mnist_mnist_accel_0_2'

1. Summary
----------

SUCCESS in the upgrade of fpga_mnist_mnist_accel_0_2 (xilinx.com:user:mnist_accel:1.0) from (Rev. 23) to (Rev. 24)






Copyright 1986-2022 Xilinx, Inc. All Rights Reserved. Copyright 2022-2024 Advanced Micro Devices, Inc. All Rights Reserved.
---------------------------------------------------------------------------------------------------------------------------------------------
| Tool Version : Vivado v.2024.2 (win64) Build 5239630 Fri Nov 08 22:35:27 MST 2024
| Date         : Fri Jan 23 14:04:46 2026
| Host         : DESKTOP-6GKB5CJ running 64-bit major release  (build 9200)
| Command      : upgrade_ip
| Device       : xc7a35tcpg236-1
---------------------------------------------------------------------------------------------------------------------------------------------

Upgrade Log for IP 'fpga_mnist_mnist_accel_0_2'

1. Summary
----------

SUCCESS in the upgrade of fpga_mnist_mnist_accel_0_2 (xilinx.com:user:mnist_accel:1.0) from (Rev. 22) to (Rev. 23)






Copyright 1986-2022 Xilinx, Inc. All Rights Reserved. Copyright 2022-2024 Advanced Micro Devices, Inc. All Rights Reserved.
---------------------------------------------------------------------------------------------------------------------------------------------
| Tool Version : Vivado v.2024.2 (win64) Build 5239630 Fri Nov 08 22:35:27 MST 2024
| Date         : Fri Jan 23 13:34:48 2026
| Host         : DESKTOP-6GKB5CJ running 64-bit major release  (build 9200)
| Command      : upgrade_ip
| Device       : xc7a35tcpg236-1
---------------------------------------------------------------------------------------------------------------------------------------------

Upgrade Log for IP 'fpga_mnist_mnist_accel_0_2'

1. Summary
----------

SUCCESS in the upgrade of fpga_mnist_mnist_accel_0_2 (xilinx.com:user:mnist_accel:1.0) from (Rev. 21) to (Rev. 22)






Copyright 1986-2022 Xilinx, Inc. All Rights Reserved. Copyright 2022-2024 Advanced Micro Devices, Inc. All Rights Reserved.
---------------------------------------------------------------------------------------------------------------------------------------------
| Tool Version : Vivado v.2024.2 (win64) Build 5239630 Fri Nov 08 22:35:27 MST 2024
| Date         : Fri Jan 23 11:38:30 2026
| Host         : DESKTOP-6GKB5CJ running 64-bit major release  (build 9200)
| Command      : upgrade_ip
| Device       : xc7a35tcpg236-1
---------------------------------------------------------------------------------------------------------------------------------------------

Upgrade Log for IP 'fpga_mnist_mnist_accel_0_2'

1. Summary
----------

SUCCESS in the upgrade of fpga_mnist_mnist_accel_0_2 (xilinx.com:user:mnist_accel:1.0) from (Rev. 19) to (Rev. 21)






Copyright 1986-2022 Xilinx, Inc. All Rights Reserved. Copyright 2022-2024 Advanced Micro Devices, Inc. All Rights Reserved.
---------------------------------------------------------------------------------------------------------------------------------------------
| Tool Version : Vivado v.2024.2 (win64) Build 5239630 Fri Nov 08 22:35:27 MST 2024
| Date         : Fri Jan 23 11:30:43 2026
| Host         : DESKTOP-6GKB5CJ running 64-bit major release  (build 9200)
| Command      : upgrade_ip
| Device       : xc7a35tcpg236-1
---------------------------------------------------------------------------------------------------------------------------------------------

Upgrade Log for IP 'fpga_mnist_mnist_accel_0_2'

1. Summary
----------

SUCCESS in the upgrade of fpga_mnist_mnist_accel_0_2 (xilinx.com:user:mnist_accel:1.0) from (Rev. 18) to (Rev. 19)






Copyright 1986-2022 Xilinx, Inc. All Rights Reserved. Copyright 2022-2024 Advanced Micro Devices, Inc. All Rights Reserved.
---------------------------------------------------------------------------------------------------------------------------------------------
| Tool Version : Vivado v.2024.2 (win64) Build 5239630 Fri Nov 08 22:35:27 MST 2024
| Date         : Fri Jan 23 11:13:10 2026
| Host         : DESKTOP-6GKB5CJ running 64-bit major release  (build 9200)
| Command      : upgrade_ip
| Device       : xc7a35tcpg236-1
---------------------------------------------------------------------------------------------------------------------------------------------

Upgrade Log for IP 'fpga_mnist_mnist_accel_0_2'

1. Summary
----------

SUCCESS in the upgrade of fpga_mnist_mnist_accel_0_2 (xilinx.com:user:mnist_accel:1.0) from (Rev. 17) to (Rev. 18)






Copyright 1986-2022 Xilinx, Inc. All Rights Reserved. Copyright 2022-2024 Advanced Micro Devices, Inc. All Rights Reserved.
---------------------------------------------------------------------------------------------------------------------------------------------
| Tool Version : Vivado v.2024.2 (win64) Build 5239630 Fri Nov 08 22:35:27 MST 2024
| Date         : Tue Jan 20 12:23:33 2026
| Host         : DESKTOP-6GKB5CJ running 64-bit major release  (build 9200)
| Command      : upgrade_ip
| Device       : xc7a35tcpg236-1
---------------------------------------------------------------------------------------------------------------------------------------------

Upgrade Log for IP 'fpga_mnist_mnist_accel_0_2'

1. Summary
----------

SUCCESS in the upgrade of fpga_mnist_mnist_accel_0_2 (xilinx.com:user:mnist_accel:1.0) from (Rev. 16) to (Rev. 17)






Copyright 1986-2022 Xilinx, Inc. All Rights Reserved. Copyright 2022-2024 Advanced Micro Devices, Inc. All Rights Reserved.
---------------------------------------------------------------------------------------------------------------------------------------------
| Tool Version : Vivado v.2024.2 (win64) Build 5239630 Fri Nov 08 22:35:27 MST 2024
| Date         : Tue Jan 20 12:15:56 2026
| Host         : DESKTOP-6GKB5CJ running 64-bit major release  (build 9200)
| Command      : upgrade_ip
| Device       : xc7a35tcpg236-1
---------------------------------------------------------------------------------------------------------------------------------------------

Upgrade Log for IP 'fpga_mnist_mnist_accel_0_2'

1. Summary
----------

SUCCESS in the upgrade of fpga_mnist_mnist_accel_0_2 (xilinx.com:user:mnist_accel:1.0) from (Rev. 15) to (Rev. 16)






Copyright 1986-2022 Xilinx, Inc. All Rights Reserved. Copyright 2022-2024 Advanced Micro Devices, Inc. All Rights Reserved.
---------------------------------------------------------------------------------------------------------------------------------------------
| Tool Version : Vivado v.2024.2 (win64) Build 5239630 Fri Nov 08 22:35:27 MST 2024
| Date         : Tue Jan 20 11:59:44 2026
| Host         : DESKTOP-6GKB5CJ running 64-bit major release  (build 9200)
| Command      : upgrade_ip
| Device       : xc7a35tcpg236-1
---------------------------------------------------------------------------------------------------------------------------------------------

Upgrade Log for IP 'fpga_mnist_mnist_accel_0_2'

1. Summary
----------

SUCCESS in the upgrade of fpga_mnist_mnist_accel_0_2 (xilinx.com:user:mnist_accel:1.0) from (Rev. 14) to (Rev. 15)






Copyright 1986-2022 Xilinx, Inc. All Rights Reserved. Copyright 2022-2024 Advanced Micro Devices, Inc. All Rights Reserved.
---------------------------------------------------------------------------------------------------------------------------------------------
| Tool Version : Vivado v.2024.2 (win64) Build 5239630 Fri Nov 08 22:35:27 MST 2024
| Date         : Tue Jan 20 11:54:36 2026
| Host         : DESKTOP-6GKB5CJ running 64-bit major release  (build 9200)
| Command      : upgrade_ip
| Device       : xc7a35tcpg236-1
---------------------------------------------------------------------------------------------------------------------------------------------

Upgrade Log for IP 'fpga_mnist_mnist_accel_0_2'

1. Summary
----------

SUCCESS in the upgrade of fpga_mnist_mnist_accel_0_2 (xilinx.com:user:mnist_accel:1.0) from (Rev. 13) to (Rev. 14)






Copyright 1986-2022 Xilinx, Inc. All Rights Reserved. Copyright 2022-2024 Advanced Micro Devices, Inc. All Rights Reserved.
---------------------------------------------------------------------------------------------------------------------------------------------
| Tool Version : Vivado v.2024.2 (win64) Build 5239630 Fri Nov 08 22:35:27 MST 2024
| Date         : Tue Jan 20 11:27:08 2026
| Host         : DESKTOP-6GKB5CJ running 64-bit major release  (build 9200)
| Command      : upgrade_ip
| Device       : xc7a35tcpg236-1
---------------------------------------------------------------------------------------------------------------------------------------------

Upgrade Log for IP 'fpga_mnist_mnist_accel_0_2'

1. Summary
----------

SUCCESS in the upgrade of fpga_mnist_mnist_accel_0_2 (xilinx.com:user:mnist_accel:1.0) from (Rev. 12) to (Rev. 13)






Copyright 1986-2022 Xilinx, Inc. All Rights Reserved. Copyright 2022-2024 Advanced Micro Devices, Inc. All Rights Reserved.
---------------------------------------------------------------------------------------------------------------------------------------------
| Tool Version : Vivado v.2024.2 (win64) Build 5239630 Fri Nov 08 22:35:27 MST 2024
| Date         : Tue Jan 20 11:04:03 2026
| Host         : DESKTOP-6GKB5CJ running 64-bit major release  (build 9200)
| Command      : upgrade_ip
| Device       : xc7a35tcpg236-1
---------------------------------------------------------------------------------------------------------------------------------------------

Upgrade Log for IP 'fpga_mnist_mnist_accel_0_2'

1. Summary
----------

SUCCESS in the update of fpga_mnist_mnist_accel_0_2 (xilinx.com:user:mnist_accel:1.0 (Rev. 12)) to current project options.






Copyright 1986-2022 Xilinx, Inc. All Rights Reserved. Copyright 2022-2024 Advanced Micro Devices, Inc. All Rights Reserved.
---------------------------------------------------------------------------------------------------------------------------------------------
| Tool Version : Vivado v.2024.2 (win64) Build 5239630 Fri Nov 08 22:35:27 MST 2024
| Date         : Tue Jan 20 11:03:52 2026
| Host         : DESKTOP-6GKB5CJ running 64-bit major release  (build 9200)
| Command      : upgrade_ip
| Device       : xc7a35tcpg236-1
---------------------------------------------------------------------------------------------------------------------------------------------

Upgrade Log for IP 'fpga_mnist_mnist_accel_0_2'

1. Summary
----------

SUCCESS in the upgrade of fpga_mnist_mnist_accel_0_2 (xilinx.com:user:mnist_accel:1.0) from (Rev. 11) to (Rev. 12)






Copyright 1986-2022 Xilinx, Inc. All Rights Reserved. Copyright 2022-2024 Advanced Micro Devices, Inc. All Rights Reserved.
---------------------------------------------------------------------------------------------------------------------------------------------
| Tool Version : Vivado v.2024.2 (win64) Build 5239630 Fri Nov 08 22:35:27 MST 2024
| Date         : Mon Jan 19 19:45:58 2026
| Host         : DESKTOP-6GKB5CJ running 64-bit major release  (build 9200)
| Command      : upgrade_ip
| Device       : xc7a35tcpg236-1
---------------------------------------------------------------------------------------------------------------------------------------------

Upgrade Log for IP 'fpga_mnist_mnist_accel_0_2'

1. Summary
----------

SUCCESS in the upgrade of fpga_mnist_mnist_accel_0_2 (xilinx.com:user:mnist_accel:1.0) from (Rev. 10) to (Rev. 11)






Copyright 1986-2022 Xilinx, Inc. All Rights Reserved. Copyright 2022-2024 Advanced Micro Devices, Inc. All Rights Reserved.
---------------------------------------------------------------------------------------------------------------------------------------------
| Tool Version : Vivado v.2024.2 (win64) Build 5239630 Fri Nov 08 22:35:27 MST 2024
| Date         : Mon Jan 19 19:17:26 2026
| Host         : DESKTOP-6GKB5CJ running 64-bit major release  (build 9200)
| Command      : upgrade_ip
| Device       : xc7a35tcpg236-1
---------------------------------------------------------------------------------------------------------------------------------------------

Upgrade Log for IP 'fpga_mnist_mnist_accel_0_2'

1. Summary
----------

CAUTION (success, with warnings) in the upgrade of fpga_mnist_mnist_accel_0_2 (xilinx.com:user:mnist_accel:1.0) from (Rev. 9) to (Rev. 10)

After upgrade, an IP may have parameter and port differences compared to the original customization. Please review the parameters within the IP customization GUI to ensure proper functionality. Also, please review the updated IP instantiation template to ensure proper connectivity, and update your design if required.

2. Connection Warnings
----------------------

Detected external port differences while upgrading 'fpga_mnist_mnist_accel_0_2'. These changes may impact your design.


-Upgraded port 'anode' width 4 differs from original width 1







Copyright 1986-2022 Xilinx, Inc. All Rights Reserved. Copyright 2022-2024 Advanced Micro Devices, Inc. All Rights Reserved.
---------------------------------------------------------------------------------------------------------------------------------------------
| Tool Version : Vivado v.2024.2 (win64) Build 5239630 Fri Nov 08 22:35:27 MST 2024
| Date         : Mon Jan 19 18:58:59 2026
| Host         : DESKTOP-6GKB5CJ running 64-bit major release  (build 9200)
| Command      : upgrade_ip
| Device       : xc7a35tcpg236-1
---------------------------------------------------------------------------------------------------------------------------------------------

Upgrade Log for IP 'fpga_mnist_mnist_accel_0_2'

1. Summary
----------

SUCCESS in the upgrade of fpga_mnist_mnist_accel_0_2 (xilinx.com:user:mnist_accel:1.0) from (Rev. 8) to (Rev. 9)






Copyright 1986-2022 Xilinx, Inc. All Rights Reserved. Copyright 2022-2024 Advanced Micro Devices, Inc. All Rights Reserved.
---------------------------------------------------------------------------------------------------------------------------------------------
| Tool Version : Vivado v.2024.2 (win64) Build 5239630 Fri Nov 08 22:35:27 MST 2024
| Date         : Mon Jan 19 18:42:13 2026
| Host         : DESKTOP-6GKB5CJ running 64-bit major release  (build 9200)
| Command      : upgrade_ip
| Device       : xc7a35tcpg236-1
---------------------------------------------------------------------------------------------------------------------------------------------

Upgrade Log for IP 'fpga_mnist_mnist_accel_0_2'

1. Summary
----------

SUCCESS in the upgrade of fpga_mnist_mnist_accel_0_2 (xilinx.com:user:mnist_accel:1.0) from (Rev. 7) to (Rev. 8)






Copyright 1986-2022 Xilinx, Inc. All Rights Reserved. Copyright 2022-2024 Advanced Micro Devices, Inc. All Rights Reserved.
---------------------------------------------------------------------------------------------------------------------------------------------
| Tool Version : Vivado v.2024.2 (win64) Build 5239630 Fri Nov 08 22:35:27 MST 2024
| Date         : Mon Jan 19 18:02:35 2026
| Host         : DESKTOP-6GKB5CJ running 64-bit major release  (build 9200)
| Command      : upgrade_ip
| Device       : xc7a35tcpg236-1
---------------------------------------------------------------------------------------------------------------------------------------------

Upgrade Log for IP 'fpga_mnist_mnist_accel_0_2'

1. Summary
----------

SUCCESS in the upgrade of fpga_mnist_mnist_accel_0_2 (xilinx.com:user:mnist_accel:1.0) from (Rev. 6) to (Rev. 7)






Copyright 1986-2022 Xilinx, Inc. All Rights Reserved. Copyright 2022-2024 Advanced Micro Devices, Inc. All Rights Reserved.
---------------------------------------------------------------------------------------------------------------------------------------------
| Tool Version : Vivado v.2024.2 (win64) Build 5239630 Fri Nov 08 22:35:27 MST 2024
| Date         : Mon Jan 19 17:58:10 2026
| Host         : DESKTOP-6GKB5CJ running 64-bit major release  (build 9200)
| Command      : upgrade_ip
| Device       : xc7a35tcpg236-1
---------------------------------------------------------------------------------------------------------------------------------------------

Upgrade Log for IP 'fpga_mnist_mnist_accel_0_2'

1. Summary
----------

SUCCESS in the upgrade of fpga_mnist_mnist_accel_0_2 (xilinx.com:user:mnist_accel:1.0) from (Rev. 5) to (Rev. 6)






Copyright 1986-2022 Xilinx, Inc. All Rights Reserved. Copyright 2022-2024 Advanced Micro Devices, Inc. All Rights Reserved.
---------------------------------------------------------------------------------------------------------------------------------------------
| Tool Version : Vivado v.2024.2 (win64) Build 5239630 Fri Nov 08 22:35:27 MST 2024
| Date         : Mon Jan 19 15:04:50 2026
| Host         : DESKTOP-6GKB5CJ running 64-bit major release  (build 9200)
| Command      : upgrade_ip
| Device       : xc7a35tcpg236-1
---------------------------------------------------------------------------------------------------------------------------------------------

Upgrade Log for IP 'fpga_mnist_mnist_accel_0_2'

1. Summary
----------

SUCCESS in the upgrade of fpga_mnist_mnist_accel_0_2 (xilinx.com:user:mnist_accel:1.0) from (Rev. 4) to (Rev. 5)






Copyright 1986-2022 Xilinx, Inc. All Rights Reserved. Copyright 2022-2024 Advanced Micro Devices, Inc. All Rights Reserved.
---------------------------------------------------------------------------------------------------------------------------------------------
| Tool Version : Vivado v.2024.2 (win64) Build 5239630 Fri Nov 08 22:35:27 MST 2024
| Date         : Sun Jan 18 14:15:13 2026
| Host         : DESKTOP-6GKB5CJ running 64-bit major release  (build 9200)
| Command      : upgrade_ip
| Device       : xc7a35tcpg236-1
---------------------------------------------------------------------------------------------------------------------------------------------

Upgrade Log for IP 'fpga_mnist_mnist_accel_0_2'

1. Summary
----------

SUCCESS in the upgrade of fpga_mnist_mnist_accel_0_2 (xilinx.com:user:mnist_accel:1.0) from (Rev. 3) to (Rev. 4)






Copyright 1986-2022 Xilinx, Inc. All Rights Reserved. Copyright 2022-2024 Advanced Micro Devices, Inc. All Rights Reserved.
---------------------------------------------------------------------------------------------------------------------------------------------
| Tool Version : Vivado v.2024.2 (win64) Build 5239630 Fri Nov 08 22:35:27 MST 2024
| Date         : Sun Jan 18 13:44:06 2026
| Host         : DESKTOP-6GKB5CJ running 64-bit major release  (build 9200)
| Command      : upgrade_ip
| Device       : xc7a35tcpg236-1
---------------------------------------------------------------------------------------------------------------------------------------------

Upgrade Log for IP 'fpga_mnist_mnist_accel_0_2'

1. Summary
----------

SUCCESS in the upgrade of fpga_mnist_mnist_accel_0_2 (xilinx.com:user:mnist_accel:1.0) from (Rev. 2) to (Rev. 3)






Copyright 1986-2022 Xilinx, Inc. All Rights Reserved. Copyright 2022-2024 Advanced Micro Devices, Inc. All Rights Reserved.
---------------------------------------------------------------------------------------------------------------------------------------------
| Tool Version : Vivado v.2024.2 (win64) Build 5239630 Fri Nov 08 22:35:27 MST 2024
| Date         : Fri Jan 16 12:38:54 2026
| Host         : DESKTOP-6GKB5CJ running 64-bit major release  (build 9200)
| Command      : upgrade_ip
| Device       : xc7a35tcpg236-1
---------------------------------------------------------------------------------------------------------------------------------------------

Upgrade Log for IP 'fpga_mnist_mnist_accel_0_1'

1. Summary
----------

SUCCESS in the upgrade of fpga_mnist_mnist_accel_0_1 (xilinx.com:user:mnist_accel:1.0) from (Rev. 24) to (Rev. 25)






Copyright 1986-2022 Xilinx, Inc. All Rights Reserved. Copyright 2022-2024 Advanced Micro Devices, Inc. All Rights Reserved.
---------------------------------------------------------------------------------------------------------------------------------------------
| Tool Version : Vivado v.2024.2 (win64) Build 5239630 Fri Nov 08 22:35:27 MST 2024
| Date         : Fri Jan 16 11:39:37 2026
| Host         : DESKTOP-6GKB5CJ running 64-bit major release  (build 9200)
| Command      : upgrade_ip
| Device       : xc7a35tcpg236-1
---------------------------------------------------------------------------------------------------------------------------------------------

Upgrade Log for IP 'fpga_mnist_mnist_accel_0_1'

1. Summary
----------

SUCCESS in the upgrade of fpga_mnist_mnist_accel_0_1 (xilinx.com:user:mnist_accel:1.0) from (Rev. 23) to (Rev. 24)






Copyright 1986-2022 Xilinx, Inc. All Rights Reserved. Copyright 2022-2024 Advanced Micro Devices, Inc. All Rights Reserved.
---------------------------------------------------------------------------------------------------------------------------------------------
| Tool Version : Vivado v.2024.2 (win64) Build 5239630 Fri Nov 08 22:35:27 MST 2024
| Date         : Thu Jan 15 14:09:07 2026
| Host         : DESKTOP-6GKB5CJ running 64-bit major release  (build 9200)
| Command      : upgrade_ip
| Device       : xc7a35tcpg236-1
---------------------------------------------------------------------------------------------------------------------------------------------

Upgrade Log for IP 'fpga_mnist_mnist_accel_0_0'

1. Summary
----------

SUCCESS in the update of fpga_mnist_mnist_accel_0_0 (xilinx.com:user:mnist_accel:1.0 (Rev. 23)) to current project options.






Copyright 1986-2022 Xilinx, Inc. All Rights Reserved. Copyright 2022-2024 Advanced Micro Devices, Inc. All Rights Reserved.
---------------------------------------------------------------------------------------------------------------------------------------------
| Tool Version : Vivado v.2024.2 (win64) Build 5239630 Fri Nov 08 22:35:27 MST 2024
| Date         : Thu Jan 15 14:06:17 2026
| Host         : DESKTOP-6GKB5CJ running 64-bit major release  (build 9200)
| Command      : upgrade_ip
| Device       : xc7a35tcpg236-1
---------------------------------------------------------------------------------------------------------------------------------------------

Upgrade Log for IP 'fpga_mnist_mnist_accel_0_0'

1. Summary
----------

SUCCESS in the upgrade of fpga_mnist_mnist_accel_0_0 (xilinx.com:user:mnist_accel:1.0) from (Rev. 22) to (Rev. 23)






Copyright 1986-2022 Xilinx, Inc. All Rights Reserved. Copyright 2022-2024 Advanced Micro Devices, Inc. All Rights Reserved.
---------------------------------------------------------------------------------------------------------------------------------------------
| Tool Version : Vivado v.2024.2 (win64) Build 5239630 Fri Nov 08 22:35:27 MST 2024
| Date         : Thu Jan 15 11:38:10 2026
| Host         : DESKTOP-6GKB5CJ running 64-bit major release  (build 9200)
| Command      : upgrade_ip
| Device       : xc7a35tcpg236-1
---------------------------------------------------------------------------------------------------------------------------------------------

Upgrade Log for IP 'fpga_mnist_mnist_accel_0_0'

1. Summary
----------

SUCCESS in the upgrade of fpga_mnist_mnist_accel_0_0 (xilinx.com:user:mnist_accel:1.0) from (Rev. 21) to (Rev. 22)






Copyright 1986-2022 Xilinx, Inc. All Rights Reserved. Copyright 2022-2024 Advanced Micro Devices, Inc. All Rights Reserved.
---------------------------------------------------------------------------------------------------------------------------------------------
| Tool Version : Vivado v.2024.2 (win64) Build 5239630 Fri Nov 08 22:35:27 MST 2024
| Date         : Thu Jan 15 11:24:45 2026
| Host         : DESKTOP-6GKB5CJ running 64-bit major release  (build 9200)
| Command      : upgrade_ip
| Device       : xc7a35tcpg236-1
---------------------------------------------------------------------------------------------------------------------------------------------

Upgrade Log for IP 'fpga_mnist_mnist_accel_0_0'

1. Summary
----------

SUCCESS in the upgrade of fpga_mnist_mnist_accel_0_0 (xilinx.com:user:mnist_accel:1.0) from (Rev. 20) to (Rev. 21)






Copyright 1986-2022 Xilinx, Inc. All Rights Reserved. Copyright 2022-2024 Advanced Micro Devices, Inc. All Rights Reserved.
---------------------------------------------------------------------------------------------------------------------------------------------
| Tool Version : Vivado v.2024.2 (win64) Build 5239630 Fri Nov 08 22:35:27 MST 2024
| Date         : Wed Jan 14 22:51:41 2026
| Host         : DESKTOP-6GKB5CJ running 64-bit major release  (build 9200)
| Command      : upgrade_ip
| Device       : xc7a35tcpg236-1
---------------------------------------------------------------------------------------------------------------------------------------------

Upgrade Log for IP 'fpga_mnist_mnist_accel_0_0'

1. Summary
----------

SUCCESS in the upgrade of fpga_mnist_mnist_accel_0_0 (xilinx.com:user:mnist_accel:1.0) from (Rev. 19) to (Rev. 20)






Copyright 1986-2022 Xilinx, Inc. All Rights Reserved. Copyright 2022-2024 Advanced Micro Devices, Inc. All Rights Reserved.
---------------------------------------------------------------------------------------------------------------------------------------------
| Tool Version : Vivado v.2024.2 (win64) Build 5239630 Fri Nov 08 22:35:27 MST 2024
| Date         : Wed Jan 14 21:43:26 2026
| Host         : DESKTOP-6GKB5CJ running 64-bit major release  (build 9200)
| Command      : upgrade_ip
| Device       : xc7a35tcpg236-1
---------------------------------------------------------------------------------------------------------------------------------------------

Upgrade Log for IP 'fpga_mnist_mnist_accel_0_0'

1. Summary
----------

CAUTION (success, with warnings) in the upgrade of fpga_mnist_mnist_accel_0_0 (xilinx.com:user:mnist_accel:1.0) from (Rev. 18) to (Rev. 19)

After upgrade, an IP may have parameter and port differences compared to the original customization. Please review the parameters within the IP customization GUI to ensure proper functionality. Also, please review the updated IP instantiation template to ensure proper connectivity, and update your design if required.

2. Connection Warnings
----------------------

Detected external port differences while upgrading 'fpga_mnist_mnist_accel_0_0'. These changes may impact your design.


-Upgrade has added port 'dbg_fc2_done'

-Upgrade has added port 'dbg_neuron_index'

-Upgrade has added port 'dbg_result_valid'

-Upgrade has added port 'dbg_start_fc2'

-Upgrade has added port 'dbg_state'







Copyright 1986-2022 Xilinx, Inc. All Rights Reserved. Copyright 2022-2024 Advanced Micro Devices, Inc. All Rights Reserved.
---------------------------------------------------------------------------------------------------------------------------------------------
| Tool Version : Vivado v.2024.2 (win64) Build 5239630 Fri Nov 08 22:35:27 MST 2024
| Date         : Wed Jan 14 21:37:04 2026
| Host         : DESKTOP-6GKB5CJ running 64-bit major release  (build 9200)
| Command      : upgrade_ip
| Device       : xc7a35tcpg236-1
---------------------------------------------------------------------------------------------------------------------------------------------

Upgrade Log for IP 'fpga_mnist_mnist_accel_0_0'

1. Summary
----------

SUCCESS in the update of fpga_mnist_mnist_accel_0_0 (xilinx.com:user:mnist_accel:1.0 (Rev. 18)) to current project options.






Copyright 1986-2022 Xilinx, Inc. All Rights Reserved. Copyright 2022-2024 Advanced Micro Devices, Inc. All Rights Reserved.
---------------------------------------------------------------------------------------------------------------------------------------------
| Tool Version : Vivado v.2024.2 (win64) Build 5239630 Fri Nov 08 22:35:27 MST 2024
| Date         : Wed Jan 14 21:34:31 2026
| Host         : DESKTOP-6GKB5CJ running 64-bit major release  (build 9200)
| Command      : upgrade_ip
| Device       : xc7a35tcpg236-1
---------------------------------------------------------------------------------------------------------------------------------------------

Upgrade Log for IP 'fpga_mnist_mnist_accel_0_0'

1. Summary
----------

SUCCESS in the upgrade of fpga_mnist_mnist_accel_0_0 (xilinx.com:user:mnist_accel:1.0) from (Rev. 17) to (Rev. 18)






Copyright 1986-2022 Xilinx, Inc. All Rights Reserved. Copyright 2022-2024 Advanced Micro Devices, Inc. All Rights Reserved.
---------------------------------------------------------------------------------------------------------------------------------------------
| Tool Version : Vivado v.2024.2 (win64) Build 5239630 Fri Nov 08 22:35:27 MST 2024
| Date         : Wed Jan 14 21:33:44 2026
| Host         : DESKTOP-6GKB5CJ running 64-bit major release  (build 9200)
| Command      : upgrade_ip
| Device       : xc7a35tcpg236-1
---------------------------------------------------------------------------------------------------------------------------------------------

Upgrade Log for IP 'fpga_mnist_mnist_accel_0_0'

1. Summary
----------

CAUTION (success, with warnings) in the upgrade of fpga_mnist_mnist_accel_0_0 (xilinx.com:user:mnist_accel:1.0) from (Rev. 16) to (Rev. 17)

After upgrade, an IP may have parameter and port differences compared to the original customization. Please review the parameters within the IP customization GUI to ensure proper functionality. Also, please review the updated IP instantiation template to ensure proper connectivity, and update your design if required.

2. Connection Warnings
----------------------

Detected external port differences while upgrading 'fpga_mnist_mnist_accel_0_0'. These changes may impact your design.


-Upgrade has added port 'dbg_fsm_busy'

-Upgrade has added port 'dbg_pix_wr_index'

-Upgrade has added port 'dbg_pix_write_addr'

-Upgrade has added port 'dbg_pix_write_en'

-Upgrade has added port 'dbg_run_done'

-Upgrade has added port 'dbg_start_latched'

-Upgrade has added port 'dbg_start_run_raw'







Copyright 1986-2022 Xilinx, Inc. All Rights Reserved. Copyright 2022-2024 Advanced Micro Devices, Inc. All Rights Reserved.
---------------------------------------------------------------------------------------------------------------------------------------------
| Tool Version : Vivado v.2024.2 (win64) Build 5239630 Fri Nov 08 22:35:27 MST 2024
| Date         : Wed Jan 14 21:28:08 2026
| Host         : DESKTOP-6GKB5CJ running 64-bit major release  (build 9200)
| Command      : upgrade_ip
| Device       : xc7a35tcpg236-1
---------------------------------------------------------------------------------------------------------------------------------------------

Upgrade Log for IP 'fpga_mnist_mnist_accel_0_0'

1. Summary
----------

SUCCESS in the upgrade of fpga_mnist_mnist_accel_0_0 (xilinx.com:user:mnist_accel:1.0) from (Rev. 15) to (Rev. 16)






Copyright 1986-2022 Xilinx, Inc. All Rights Reserved. Copyright 2022-2024 Advanced Micro Devices, Inc. All Rights Reserved.
---------------------------------------------------------------------------------------------------------------------------------------------
| Tool Version : Vivado v.2024.2 (win64) Build 5239630 Fri Nov 08 22:35:27 MST 2024
| Date         : Wed Jan 14 21:19:53 2026
| Host         : DESKTOP-6GKB5CJ running 64-bit major release  (build 9200)
| Command      : upgrade_ip
| Device       : xc7a35tcpg236-1
---------------------------------------------------------------------------------------------------------------------------------------------

Upgrade Log for IP 'fpga_mnist_mnist_accel_0_0'

1. Summary
----------

SUCCESS in the update of fpga_mnist_mnist_accel_0_0 (xilinx.com:user:mnist_accel:1.0 (Rev. 15)) to current project options.






Copyright 1986-2022 Xilinx, Inc. All Rights Reserved. Copyright 2022-2024 Advanced Micro Devices, Inc. All Rights Reserved.
---------------------------------------------------------------------------------------------------------------------------------------------
| Tool Version : Vivado v.2024.2 (win64) Build 5239630 Fri Nov 08 22:35:27 MST 2024
| Date         : Wed Jan 14 21:17:13 2026
| Host         : DESKTOP-6GKB5CJ running 64-bit major release  (build 9200)
| Command      : upgrade_ip
| Device       : xc7a35tcpg236-1
---------------------------------------------------------------------------------------------------------------------------------------------

Upgrade Log for IP 'fpga_mnist_mnist_accel_0_0'

1. Summary
----------

SUCCESS in the upgrade of fpga_mnist_mnist_accel_0_0 (xilinx.com:user:mnist_accel:1.0) from (Rev. 14) to (Rev. 15)






Copyright 1986-2022 Xilinx, Inc. All Rights Reserved. Copyright 2022-2024 Advanced Micro Devices, Inc. All Rights Reserved.
---------------------------------------------------------------------------------------------------------------------------------------------
| Tool Version : Vivado v.2024.2 (win64) Build 5239630 Fri Nov 08 22:35:27 MST 2024
| Date         : Wed Jan 14 21:01:38 2026
| Host         : DESKTOP-6GKB5CJ running 64-bit major release  (build 9200)
| Command      : upgrade_ip
| Device       : xc7a35tcpg236-1
---------------------------------------------------------------------------------------------------------------------------------------------

Upgrade Log for IP 'fpga_mnist_mnist_accel_0_0'

1. Summary
----------

SUCCESS in the upgrade of fpga_mnist_mnist_accel_0_0 (xilinx.com:user:mnist_accel:1.0) from (Rev. 13) to (Rev. 14)






Copyright 1986-2022 Xilinx, Inc. All Rights Reserved. Copyright 2022-2024 Advanced Micro Devices, Inc. All Rights Reserved.
---------------------------------------------------------------------------------------------------------------------------------------------
| Tool Version : Vivado v.2024.2 (win64) Build 5239630 Fri Nov 08 22:35:27 MST 2024
| Date         : Wed Jan 14 20:54:34 2026
| Host         : DESKTOP-6GKB5CJ running 64-bit major release  (build 9200)
| Command      : upgrade_ip
| Device       : xc7a35tcpg236-1
---------------------------------------------------------------------------------------------------------------------------------------------

Upgrade Log for IP 'fpga_mnist_mnist_accel_0_0'

1. Summary
----------

SUCCESS in the upgrade of fpga_mnist_mnist_accel_0_0 (xilinx.com:user:mnist_accel:1.0) from (Rev. 12) to (Rev. 13)






Copyright 1986-2022 Xilinx, Inc. All Rights Reserved. Copyright 2022-2024 Advanced Micro Devices, Inc. All Rights Reserved.
---------------------------------------------------------------------------------------------------------------------------------------------
| Tool Version : Vivado v.2024.2 (win64) Build 5239630 Fri Nov 08 22:35:27 MST 2024
| Date         : Wed Jan 14 17:43:00 2026
| Host         : DESKTOP-6GKB5CJ running 64-bit major release  (build 9200)
| Command      : upgrade_ip
| Device       : xc7a35tcpg236-1
---------------------------------------------------------------------------------------------------------------------------------------------

Upgrade Log for IP 'fpga_mnist_mnist_accel_0_0'

1. Summary
----------

SUCCESS in the upgrade of fpga_mnist_mnist_accel_0_0 (xilinx.com:user:mnist_accel:1.0) from (Rev. 11) to (Rev. 12)






Copyright 1986-2022 Xilinx, Inc. All Rights Reserved. Copyright 2022-2024 Advanced Micro Devices, Inc. All Rights Reserved.
---------------------------------------------------------------------------------------------------------------------------------------------
| Tool Version : Vivado v.2024.2 (win64) Build 5239630 Fri Nov 08 22:35:27 MST 2024
| Date         : Wed Jan 14 17:04:14 2026
| Host         : DESKTOP-6GKB5CJ running 64-bit major release  (build 9200)
| Command      : upgrade_ip
| Device       : xc7a35tcpg236-1
---------------------------------------------------------------------------------------------------------------------------------------------

Upgrade Log for IP 'fpga_mnist_mnist_accel_0_0'

1. Summary
----------

SUCCESS in the upgrade of fpga_mnist_mnist_accel_0_0 (xilinx.com:user:mnist_accel:1.0) from (Rev. 10) to (Rev. 11)






Copyright 1986-2022 Xilinx, Inc. All Rights Reserved. Copyright 2022-2024 Advanced Micro Devices, Inc. All Rights Reserved.
---------------------------------------------------------------------------------------------------------------------------------------------
| Tool Version : Vivado v.2024.2 (win64) Build 5239630 Fri Nov 08 22:35:27 MST 2024
| Date         : Wed Jan 14 17:03:21 2026
| Host         : DESKTOP-6GKB5CJ running 64-bit major release  (build 9200)
| Command      : upgrade_ip
| Device       : xc7a35tcpg236-1
---------------------------------------------------------------------------------------------------------------------------------------------

Upgrade Log for IP 'fpga_mnist_mnist_accel_0_0'

1. Summary
----------

CAUTION (success, with warnings) in the upgrade of fpga_mnist_mnist_accel_0_0 (xilinx.com:user:mnist_accel:1.0) from (Rev. 8) to (Rev. 10)

After upgrade, an IP may have parameter and port differences compared to the original customization. Please review the parameters within the IP customization GUI to ensure proper functionality. Also, please review the updated IP instantiation template to ensure proper connectivity, and update your design if required.

2. Warnings
-----------

WARNING: The upgraded user parameter set contained parameters that could not be mapped on to the upgraded IP. Note that parameter names and IDs are case sensitive.


3. Connection Warnings
----------------------

Detected external port differences while upgrading 'fpga_mnist_mnist_accel_0_0'. These changes may impact your design.


-Upgraded port 's_axi_araddr' width 1 differs from original width 4

-Upgraded port 's_axi_awaddr' width 1 differs from original width 4


4. Customization warnings
-------------------------

The normal upgrade process failed due to validation failures in the given configuration. Attempting partial upgrade to set as many user parameters as possible. Please check the parameters whose values were not applied.

Unable to set the value '4' on parameter 'C S AXI ADDR WIDTH' due to the following failure - 
Validation failed for parameter 'C S AXI ADDR WIDTH(C_S_AXI_ADDR_WIDTH)' for BD Cell 'fpga_mnist_mnist_accel_0_0'. Value '4' is out of the range (0,0)
. Restoring to an old valid value of '0'

Validation failed for parameter 'C S AXI ADDR WIDTH(C_S_AXI_ADDR_WIDTH)' for BD Cell 'fpga_mnist_mnist_accel_0_0'. Value '4' is out of the range (0,0)

Customization errors found on 'fpga_mnist_mnist_accel_0_0'. Restoring to previous valid configuration.

Failed to restore IP 'fpga_mnist_mnist_accel_0_0' customization to its previous valid configuration.


5. Debug Commands
-----------------

  The following debug information can be passed to Vivado as Tcl commands,
in order to validate or debug the output of the upgrade flow.
  You may consult any warnings from within this upgrade, and alter or remove
the configuration parameter(s) which caused the warning; then execute the Tcl
commands, and use the IP Customization GUI to verify the IP configuration.

create_ip -vlnv xilinx.com:user:mnist_accel:1.0 -user_name fpga_mnist_mnist_accel_0_0
set_property -dict "\
  CONFIG.C_S_AXI_ADDR_WIDTH {4} \
  CONFIG.C_S_AXI_BASEADDR {0xFFFFFFFF} \
  CONFIG.C_S_AXI_DATA_WIDTH {32} \
  CONFIG.C_S_AXI_HIGHADDR {0x00000000} \
  CONFIG.Component_Name {fpga_mnist_mnist_accel_0_0} \
  CONFIG.S_AXI.ADDR_WIDTH {4} \
  CONFIG.S_AXI.ARUSER_WIDTH {0} \
  CONFIG.S_AXI.AWUSER_WIDTH {0} \
  CONFIG.S_AXI.BUSER_WIDTH {0} \
  CONFIG.S_AXI.CLK_DOMAIN {} \
  CONFIG.S_AXI.DATA_WIDTH {32} \
  CONFIG.S_AXI.FREQ_HZ {100000000} \
  CONFIG.S_AXI.HAS_BRESP {1} \
  CONFIG.S_AXI.HAS_BURST {0} \
  CONFIG.S_AXI.HAS_CACHE {0} \
  CONFIG.S_AXI.HAS_LOCK {0} \
  CONFIG.S_AXI.HAS_PROT {1} \
  CONFIG.S_AXI.HAS_QOS {0} \
  CONFIG.S_AXI.HAS_REGION {0} \
  CONFIG.S_AXI.HAS_RRESP {1} \
  CONFIG.S_AXI.HAS_WSTRB {1} \
  CONFIG.S_AXI.ID_WIDTH {0} \
  CONFIG.S_AXI.INSERT_VIP {0} \
  CONFIG.S_AXI.MAX_BURST_LENGTH {1} \
  CONFIG.S_AXI.NUM_READ_OUTSTANDING {1} \
  CONFIG.S_AXI.NUM_READ_THREADS {1} \
  CONFIG.S_AXI.NUM_WRITE_OUTSTANDING {1} \
  CONFIG.S_AXI.NUM_WRITE_THREADS {1} \
  CONFIG.S_AXI.PHASE {0.0} \
  CONFIG.S_AXI.PROTOCOL {AXI4LITE} \
  CONFIG.S_AXI.READ_WRITE_MODE {READ_WRITE} \
  CONFIG.S_AXI.RUSER_BITS_PER_BYTE {0} \
  CONFIG.S_AXI.RUSER_WIDTH {0} \
  CONFIG.S_AXI.SUPPORTS_NARROW_BURST {0} \
  CONFIG.S_AXI.WIZ_DATA_WIDTH {32} \
  CONFIG.S_AXI.WIZ_NUM_REG {4} \
  CONFIG.S_AXI.WUSER_BITS_PER_BYTE {0} \
  CONFIG.S_AXI.WUSER_WIDTH {0} \
  CONFIG.S_AXI_CLK.ASSOCIATED_BUSIF {S_AXI} \
  CONFIG.S_AXI_CLK.ASSOCIATED_PORT {} \
  CONFIG.S_AXI_CLK.ASSOCIATED_RESET {s_axi_aresetn} \
  CONFIG.S_AXI_CLK.CLK_DOMAIN {} \
  CONFIG.S_AXI_CLK.FREQ_HZ {100000000} \
  CONFIG.S_AXI_CLK.FREQ_TOLERANCE_HZ {0} \
  CONFIG.S_AXI_CLK.INSERT_VIP {0} \
  CONFIG.S_AXI_CLK.PHASE {0.0} \
  CONFIG.S_AXI_RST.INSERT_VIP {0} \
  CONFIG.S_AXI_RST.POLARITY {ACTIVE_LOW} " [get_ips fpga_mnist_mnist_accel_0_0]







Copyright 1986-2022 Xilinx, Inc. All Rights Reserved. Copyright 2022-2024 Advanced Micro Devices, Inc. All Rights Reserved.
---------------------------------------------------------------------------------------------------------------------------------------------
| Tool Version : Vivado v.2024.2 (win64) Build 5239630 Fri Nov 08 22:35:27 MST 2024
| Date         : Wed Jan 14 16:46:31 2026
| Host         : DESKTOP-6GKB5CJ running 64-bit major release  (build 9200)
| Command      : upgrade_ip
| Device       : xc7a35tcpg236-1
---------------------------------------------------------------------------------------------------------------------------------------------

Upgrade Log for IP 'fpga_mnist_mnist_accel_0_0'

1. Summary
----------

SUCCESS in the upgrade of fpga_mnist_mnist_accel_0_0 (xilinx.com:user:mnist_accel:1.0) from (Rev. 7) to (Rev. 8)






Copyright 1986-2022 Xilinx, Inc. All Rights Reserved. Copyright 2022-2024 Advanced Micro Devices, Inc. All Rights Reserved.
---------------------------------------------------------------------------------------------------------------------------------------------
| Tool Version : Vivado v.2024.2 (win64) Build 5239630 Fri Nov 08 22:35:27 MST 2024
| Date         : Mon Jan 12 13:07:05 2026
| Host         : DESKTOP-6GKB5CJ running 64-bit major release  (build 9200)
| Command      : upgrade_ip
| Device       : xc7a35tcpg236-1
---------------------------------------------------------------------------------------------------------------------------------------------

Upgrade Log for IP 'fpga_mnist_proc_sys_reset_0_0'

1. Summary
----------

SUCCESS in the update of fpga_mnist_proc_sys_reset_0_0 (xilinx.com:ip:proc_sys_reset:5.0 (Rev. 16)) to current project options.






Copyright 1986-2022 Xilinx, Inc. All Rights Reserved. Copyright 2022-2024 Advanced Micro Devices, Inc. All Rights Reserved.
---------------------------------------------------------------------------------------------------------------------------------------------
| Tool Version : Vivado v.2024.2 (win64) Build 5239630 Fri Nov 08 22:35:27 MST 2024
| Date         : Mon Jan 12 13:07:05 2026
| Host         : DESKTOP-6GKB5CJ running 64-bit major release  (build 9200)
| Command      : upgrade_ip
| Device       : xc7a35tcpg236-1
---------------------------------------------------------------------------------------------------------------------------------------------

Upgrade Log for IP 'fpga_mnist_clk_wiz_0_0'

1. Summary
----------

SUCCESS in the update of fpga_mnist_clk_wiz_0_0 (xilinx.com:ip:clk_wiz:6.0 (Rev. 15)) to current project options.






Copyright 1986-2022 Xilinx, Inc. All Rights Reserved. Copyright 2022-2024 Advanced Micro Devices, Inc. All Rights Reserved.
---------------------------------------------------------------------------------------------------------------------------------------------
| Tool Version : Vivado v.2024.2 (win64) Build 5239630 Fri Nov 08 22:35:27 MST 2024
| Date         : Mon Jan 12 13:07:05 2026
| Host         : DESKTOP-6GKB5CJ running 64-bit major release  (build 9200)
| Command      : upgrade_ip
| Device       : xc7a35tcpg236-1
---------------------------------------------------------------------------------------------------------------------------------------------

Upgrade Log for IP 'fpga_mnist_axi_uartlite_0_0'

1. Summary
----------

SUCCESS in the update of fpga_mnist_axi_uartlite_0_0 (xilinx.com:ip:axi_uartlite:2.0 (Rev. 37)) to current project options.






Copyright 1986-2022 Xilinx, Inc. All Rights Reserved. Copyright 2022-2024 Advanced Micro Devices, Inc. All Rights Reserved.
---------------------------------------------------------------------------------------------------------------------------------------------
| Tool Version : Vivado v.2024.2 (win64) Build 5239630 Fri Nov 08 22:35:27 MST 2024
| Date         : Mon Jan 12 13:07:05 2026
| Host         : DESKTOP-6GKB5CJ running 64-bit major release  (build 9200)
| Command      : upgrade_ip
| Device       : xc7a35tcpg236-1
---------------------------------------------------------------------------------------------------------------------------------------------

Upgrade Log for IP 'fpga_mnist_axi_smc_0'

1. Summary
----------

SUCCESS in the update of fpga_mnist_axi_smc_0 (xilinx.com:ip:smartconnect:1.0 (Rev. 25)) to current project options.

After upgrade, an IP may have parameter and port differences compared to the original customization. Please review the parameters within the IP customization GUI to ensure proper functionality. Also, please review the updated IP instantiation template to ensure proper connectivity, and update your design if required.

2. Connection and Interface Information
---------------------------------------

Connection and Interface information can not be compared for deferred elaboration IPs.
fpga_mnist_axi_smc_0 may have connection or interface changes.


