Copyright 1986-2022 Xilinx, Inc. All Rights Reserved. Copyright 2022-2024 Advanced Micro Devices, Inc. All Rights Reserved.
---------------------------------------------------------------------------------------------------------------------------------------------
| Tool Version : Vivado v.2024.2 (win64) Build 5239630 Fri Nov 08 22:35:27 MST 2024
| Date         : Wed Jan  7 13:47:57 2026
| Host         : DESKTOP-6GKB5CJ running 64-bit major release  (build 9200)
| Command      : report_control_sets -verbose -file fpga_mnist_wrapper_control_sets_placed.rpt
| Design       : fpga_mnist_wrapper
| Device       : xc7a35t
---------------------------------------------------------------------------------------------------------------------------------------------

Control Set Information

Table of Contents
-----------------
1. Summary
2. Histogram
3. Flip-Flop Distribution
4. Detailed Control Set Information

1. Summary
----------

+----------------------------------------------------------+-------+
|                          Status                          | Count |
+----------------------------------------------------------+-------+
| Total control sets                                       |   109 |
|    Minimum number of control sets                        |   109 |
|    Addition due to synthesis replication                 |     0 |
|    Addition due to physical synthesis replication        |     0 |
| Unused register locations in slices containing registers |   380 |
+----------------------------------------------------------+-------+
* Control sets can be merged at opt_design using control_set_merge or merge_equivalent_drivers
** Run report_qor_suggestions for automated merging and remapping suggestions


2. Histogram
------------

+--------------------+-------+
|       Fanout       | Count |
+--------------------+-------+
| Total control sets |   109 |
| >= 0 to < 4        |    45 |
| >= 4 to < 6        |    13 |
| >= 6 to < 8        |     6 |
| >= 8 to < 10       |     7 |
| >= 10 to < 12      |     2 |
| >= 12 to < 14      |     1 |
| >= 14 to < 16      |     1 |
| >= 16              |    34 |
+--------------------+-------+
* Control sets can be remapped at either synth_design or opt_design


3. Flip-Flop Distribution
-------------------------

+--------------+-----------------------+------------------------+-----------------+--------------+
| Clock Enable | Synchronous Set/Reset | Asynchronous Set/Reset | Total Registers | Total Slices |
+--------------+-----------------------+------------------------+-----------------+--------------+
| No           | No                    | No                     |             190 |           66 |
| No           | No                    | Yes                    |              89 |           31 |
| No           | Yes                   | No                     |             287 |          140 |
| Yes          | No                    | No                     |             396 |          139 |
| Yes          | No                    | Yes                    |             474 |           99 |
| Yes          | Yes                   | No                     |             504 |          156 |
+--------------+-----------------------+------------------------+-----------------+--------------+


4. Detailed Control Set Information
-----------------------------------

+---------------------------------------+---------------------------------------------------------------------------------------------------------------------------------------------------------------------------------+------------------------------------------------------------------------------------------------------------------------+------------------+----------------+--------------+
|              Clock Signal             |                                                                                  Enable Signal                                                                                  |                                                    Set/Reset Signal                                                    | Slice Load Count | Bel Load Count | Bels / Slice |
+---------------------------------------+---------------------------------------------------------------------------------------------------------------------------------------------------------------------------------+------------------------------------------------------------------------------------------------------------------------+------------------+----------------+--------------+
|  fpga_mnist_i/clk_wiz_0/inst/clk_out1 |                                                                                                                                                                                 | fpga_mnist_i/axi_smc/inst/m01_nodes/m01_w_node/inst/s_sc_areset_pipe                                                   |                1 |              1 |         1.00 |
|  fpga_mnist_i/clk_wiz_0/inst/clk_out1 |                                                                                                                                                                                 | fpga_mnist_i/axi_smc/inst/m01_nodes/m01_b_node/inst/s_sc_areset_pipe                                                   |                1 |              1 |         1.00 |
|  fpga_mnist_i/clk_wiz_0/inst/clk_out1 |                                                                                                                                                                                 | fpga_mnist_i/axi_smc/inst/m00_nodes/m00_b_node/inst/s_sc_areset_pipe                                                   |                1 |              1 |         1.00 |
|  fpga_mnist_i/clk_wiz_0/inst/clk_out1 |                                                                                                                                                                                 | fpga_mnist_i/axi_smc/inst/m00_nodes/m00_aw_node/inst/s_sc_areset_pipe                                                  |                1 |              1 |         1.00 |
|  fpga_mnist_i/clk_wiz_0/inst/clk_out1 |                                                                                                                                                                                 | fpga_mnist_i/axi_smc/inst/m00_nodes/m00_r_node/inst/s_sc_areset_pipe                                                   |                1 |              1 |         1.00 |
|  fpga_mnist_i/clk_wiz_0/inst/clk_out1 |                                                                                                                                                                                 | fpga_mnist_i/axi_smc/inst/switchboards/i_nodes/i_b_node/inst/s_sc_areset_pipe                                          |                1 |              1 |         1.00 |
|  fpga_mnist_i/clk_wiz_0/inst/clk_out1 |                                                                                                                                                                                 | fpga_mnist_i/axi_smc/inst/m00_nodes/m00_w_node/inst/s_sc_areset_pipe                                                   |                1 |              1 |         1.00 |
|  fpga_mnist_i/clk_wiz_0/inst/clk_out1 |                                                                                                                                                                                 | fpga_mnist_i/axi_smc/inst/m01_nodes/m01_ar_node/inst/s_sc_areset_pipe                                                  |                1 |              1 |         1.00 |
|  fpga_mnist_i/clk_wiz_0/inst/clk_out1 |                                                                                                                                                                                 | fpga_mnist_i/axi_smc/inst/m01_nodes/m01_aw_node/inst/s_sc_areset_pipe                                                  |                1 |              1 |         1.00 |
|  fpga_mnist_i/clk_wiz_0/inst/clk_out1 |                                                                                                                                                                                 | fpga_mnist_i/axi_smc/inst/m00_nodes/m00_ar_node/inst/s_sc_areset_pipe                                                  |                1 |              1 |         1.00 |
|  fpga_mnist_i/clk_wiz_0/inst/clk_out1 |                                                                                                                                                                                 | fpga_mnist_i/axi_smc/inst/m01_nodes/m01_r_node/inst/s_sc_areset_pipe                                                   |                1 |              1 |         1.00 |
|  fpga_mnist_i/clk_wiz_0/inst/clk_out1 |                                                                                                                                                                                 | fpga_mnist_i/axi_smc/inst/switchboards/i_nodes/i_r_node/inst/s_sc_areset_pipe                                          |                1 |              1 |         1.00 |
|  fpga_mnist_i/clk_wiz_0/inst/clk_out1 |                                                                                                                                                                                 | fpga_mnist_i/axi_smc/inst/s00_nodes/s00_ar_node/inst/s_sc_areset_pipe                                                  |                1 |              1 |         1.00 |
|  fpga_mnist_i/clk_wiz_0/inst/clk_out1 |                                                                                                                                                                                 | fpga_mnist_i/axi_smc/inst/s00_nodes/s00_aw_node/inst/s_sc_areset_pipe                                                  |                1 |              1 |         1.00 |
|  fpga_mnist_i/clk_wiz_0/inst/clk_out1 |                                                                                                                                                                                 | fpga_mnist_i/axi_smc/inst/s00_nodes/s00_b_node/inst/s_sc_areset_pipe                                                   |                1 |              1 |         1.00 |
|  fpga_mnist_i/clk_wiz_0/inst/clk_out1 |                                                                                                                                                                                 | fpga_mnist_i/axi_smc/inst/switchboards/i_nodes/i_ar_node/inst/s_sc_areset_pipe                                         |                1 |              1 |         1.00 |
|  fpga_mnist_i/clk_wiz_0/inst/clk_out1 |                                                                                                                                                                                 | fpga_mnist_i/axi_smc/inst/s00_nodes/s00_r_node/inst/s_sc_areset_pipe                                                   |                1 |              1 |         1.00 |
|  fpga_mnist_i/clk_wiz_0/inst/clk_out1 |                                                                                                                                                                                 | fpga_mnist_i/axi_smc/inst/s00_nodes/s00_w_node/inst/s_sc_areset_pipe                                                   |                1 |              1 |         1.00 |
|  fpga_mnist_i/clk_wiz_0/inst/clk_out1 |                                                                                                                                                                                 | fpga_mnist_i/axi_smc/inst/switchboards/i_nodes/i_aw_node/inst/s_sc_areset_pipe                                         |                1 |              1 |         1.00 |
|  fpga_mnist_i/clk_wiz_0/inst/clk_out1 |                                                                                                                                                                                 | fpga_mnist_i/axi_smc/inst/switchboards/i_nodes/i_w_node/inst/s_sc_areset_pipe                                          |                1 |              1 |         1.00 |
|  fpga_mnist_i/clk_wiz_0/inst/clk_out1 |                                                                                                                                                                                 | fpga_mnist_i/axi_smc/inst/m01_nodes/m01_aw_node/inst/s_sc_xpm_cdc_async_rst_inst/reset_pol                             |                1 |              3 |         3.00 |
|  fpga_mnist_i/clk_wiz_0/inst/clk_out1 |                                                                                                                                                                                 | fpga_mnist_i/axi_smc/inst/m01_nodes/m01_b_node/inst/s_sc_xpm_cdc_async_rst_inst/reset_pol                              |                1 |              3 |         3.00 |
|  fpga_mnist_i/clk_wiz_0/inst/clk_out1 |                                                                                                                                                                                 | fpga_mnist_i/axi_smc/inst/m00_nodes/m00_w_node/inst/s_sc_xpm_cdc_async_rst_inst/reset_pol                              |                1 |              3 |         3.00 |
|  fpga_mnist_i/clk_wiz_0/inst/clk_out1 |                                                                                                                                                                                 | fpga_mnist_i/axi_smc/inst/m01_nodes/m01_r_node/inst/s_sc_xpm_cdc_async_rst_inst/reset_pol                              |                1 |              3 |         3.00 |
|  fpga_mnist_i/clk_wiz_0/inst/clk_out1 |                                                                                                                                                                                 | fpga_mnist_i/axi_smc/inst/m00_nodes/m00_b_node/inst/s_sc_xpm_cdc_async_rst_inst/reset_pol                              |                1 |              3 |         3.00 |
|  fpga_mnist_i/clk_wiz_0/inst/clk_out1 |                                                                                                                                                                                 | fpga_mnist_i/axi_smc/inst/m01_nodes/m01_w_node/inst/s_sc_xpm_cdc_async_rst_inst/reset_pol                              |                1 |              3 |         3.00 |
|  fpga_mnist_i/clk_wiz_0/inst/clk_out1 |                                                                                                                                                                                 | fpga_mnist_i/axi_smc/inst/m00_nodes/m00_r_node/inst/s_sc_xpm_cdc_async_rst_inst/reset_pol                              |                1 |              3 |         3.00 |
|  fpga_mnist_i/clk_wiz_0/inst/clk_out1 |                                                                                                                                                                                 | fpga_mnist_i/axi_smc/inst/s00_entry_pipeline/s00_transaction_regulator/inst/xpm_cdc_async_rst_inst/reset_pol           |                1 |              3 |         3.00 |
|  fpga_mnist_i/clk_wiz_0/inst/clk_out1 |                                                                                                                                                                                 | fpga_mnist_i/axi_smc/inst/s00_nodes/s00_ar_node/inst/s_sc_xpm_cdc_async_rst_inst/reset_pol                             |                1 |              3 |         3.00 |
|  fpga_mnist_i/clk_wiz_0/inst/clk_out1 |                                                                                                                                                                                 | fpga_mnist_i/axi_smc/inst/m01_exit_pipeline/m01_exit/inst/xpm_cdc_async_rst_inst/reset_pol                             |                1 |              3 |         3.00 |
|  fpga_mnist_i/clk_wiz_0/inst/clk_out1 |                                                                                                                                                                                 | fpga_mnist_i/axi_smc/inst/s00_nodes/s00_aw_node/inst/s_sc_xpm_cdc_async_rst_inst/reset_pol                             |                1 |              3 |         3.00 |
|  fpga_mnist_i/clk_wiz_0/inst/clk_out1 |                                                                                                                                                                                 | fpga_mnist_i/axi_smc/inst/m00_nodes/m00_ar_node/inst/s_sc_xpm_cdc_async_rst_inst/reset_pol                             |                1 |              3 |         3.00 |
|  fpga_mnist_i/clk_wiz_0/inst/clk_out1 |                                                                                                                                                                                 | fpga_mnist_i/axi_smc/inst/s00_nodes/s00_b_node/inst/s_sc_xpm_cdc_async_rst_inst/reset_pol                              |                1 |              3 |         3.00 |
|  fpga_mnist_i/clk_wiz_0/inst/clk_out1 |                                                                                                                                                                                 | fpga_mnist_i/axi_smc/inst/m00_nodes/m00_aw_node/inst/s_sc_xpm_cdc_async_rst_inst/reset_pol                             |                1 |              3 |         3.00 |
|  fpga_mnist_i/clk_wiz_0/inst/clk_out1 |                                                                                                                                                                                 | fpga_mnist_i/axi_smc/inst/switchboards/i_nodes/i_w_node/inst/s_sc_xpm_cdc_async_rst_inst/reset_pol                     |                1 |              3 |         3.00 |
|  fpga_mnist_i/clk_wiz_0/inst/clk_out1 |                                                                                                                                                                                 | fpga_mnist_i/axi_smc/inst/m00_exit_pipeline/m00_exit/inst/xpm_cdc_async_rst_inst/reset_pol                             |                1 |              3 |         3.00 |
|  fpga_mnist_i/clk_wiz_0/inst/clk_out1 |                                                                                                                                                                                 | fpga_mnist_i/axi_smc/inst/s00_entry_pipeline/s00_mmu/inst/xpm_cdc_async_rst_inst/reset_pol                             |                1 |              3 |         3.00 |
|  fpga_mnist_i/clk_wiz_0/inst/clk_out1 |                                                                                                                                                                                 | fpga_mnist_i/axi_smc/inst/s00_nodes/s00_w_node/inst/s_sc_xpm_cdc_async_rst_inst/reset_pol                              |                1 |              3 |         3.00 |
|  fpga_mnist_i/clk_wiz_0/inst/clk_out1 |                                                                                                                                                                                 | fpga_mnist_i/axi_smc/inst/switchboards/i_nodes/i_ar_node/inst/s_sc_xpm_cdc_async_rst_inst/reset_pol                    |                1 |              3 |         3.00 |
|  fpga_mnist_i/clk_wiz_0/inst/clk_out1 |                                                                                                                                                                                 | fpga_mnist_i/axi_smc/inst/m01_nodes/m01_ar_node/inst/s_sc_xpm_cdc_async_rst_inst/reset_pol                             |                1 |              3 |         3.00 |
|  fpga_mnist_i/clk_wiz_0/inst/clk_out1 |                                                                                                                                                                                 | fpga_mnist_i/axi_smc/inst/switchboards/i_nodes/i_aw_node/inst/s_sc_xpm_cdc_async_rst_inst/reset_pol                    |                1 |              3 |         3.00 |
|  fpga_mnist_i/clk_wiz_0/inst/clk_out1 |                                                                                                                                                                                 | fpga_mnist_i/axi_smc/inst/switchboards/i_nodes/i_r_node/inst/s_sc_xpm_cdc_async_rst_inst/reset_pol                     |                1 |              3 |         3.00 |
|  fpga_mnist_i/clk_wiz_0/inst/clk_out1 |                                                                                                                                                                                 | fpga_mnist_i/axi_smc/inst/switchboards/i_nodes/i_b_node/inst/s_sc_xpm_cdc_async_rst_inst/reset_pol                     |                1 |              3 |         3.00 |
|  fpga_mnist_i/clk_wiz_0/inst/clk_out1 |                                                                                                                                                                                 | fpga_mnist_i/axi_smc/inst/s00_entry_pipeline/s00_si_converter/inst/xpm_cdc_async_rst_inst/reset_pol                    |                1 |              3 |         3.00 |
|  fpga_mnist_i/clk_wiz_0/inst/clk_out1 |                                                                                                                                                                                 | fpga_mnist_i/axi_smc/inst/s00_nodes/s00_r_node/inst/s_sc_xpm_cdc_async_rst_inst/reset_pol                              |                1 |              3 |         3.00 |
|  fpga_mnist_i/clk_wiz_0/inst/clk_out1 |                                                                                                                                                                                 | fpga_mnist_i/axi_smc/inst/clk_map/psr_aclk/U0/EXT_LPF/lpf_int                                                          |                1 |              4 |         4.00 |
|  fpga_mnist_i/clk_wiz_0/inst/clk_out1 | fpga_mnist_i/axi_smc/inst/s00_entry_pipeline/s00_mmu/inst/aw_reg_stall/skid_buffer[1136]_i_1__0_n_0                                                                             |                                                                                                                        |                1 |              4 |         4.00 |
|  fpga_mnist_i/clk_wiz_0/inst/clk_out1 | fpga_mnist_i/axi_smc/inst/switchboards/i_nodes/i_ar_node/inst/inst_mi_handler/gen_normal_area.inst_fifo_node_payld/gen_reg_fifo.inst_reg_fifo/gen_single_rank.data[132]_i_1_n_0 |                                                                                                                        |                2 |              4 |         2.00 |
|  fpga_mnist_i/clk_wiz_0/inst/clk_out1 | fpga_mnist_i/axi_smc/inst/switchboards/i_nodes/i_aw_node/inst/inst_mi_handler/gen_normal_area.inst_fifo_node_payld/gen_reg_fifo.inst_reg_fifo/gen_single_rank.data[132]_i_1_n_0 |                                                                                                                        |                1 |              4 |         4.00 |
|  fpga_mnist_i/clk_wiz_0/inst/clk_out1 | fpga_mnist_i/axi_uartlite_0/U0/AXI_LITE_IPIF_I/I_SLAVE_ATTACHMENT/start2                                                                                                        | fpga_mnist_i/axi_uartlite_0/U0/AXI_LITE_IPIF_I/I_SLAVE_ATTACHMENT/I_DECODER/cs_ce_clr                                  |                1 |              4 |         4.00 |
|  fpga_mnist_i/clk_wiz_0/inst/clk_out1 | fpga_mnist_i/axi_uartlite_0/U0/UARTLITE_CORE_I/BAUD_RATE_I/en_16x_Baud                                                                                                          |                                                                                                                        |                1 |              4 |         4.00 |
|  fpga_mnist_i/clk_wiz_0/inst/clk_out1 | fpga_mnist_i/mnist_accel_0/inst/mnist_accel_slave_lite_v1_0_S_AXI_inst/top_mnist_fpga_instance/u_argmax/i                                                                       | fpga_mnist_i/mnist_accel_0/inst/mnist_accel_slave_lite_v1_0_S_AXI_inst/top_mnist_fpga_instance/fc2_fsm/s_axi_aresetn_0 |                1 |              4 |         4.00 |
|  fpga_mnist_i/clk_wiz_0/inst/clk_out1 | fpga_mnist_i/mnist_accel_0/inst/mnist_accel_slave_lite_v1_0_S_AXI_inst/top_mnist_fpga_instance/fc2_fsm/word_idx[3]_i_1_n_0                                                      | fpga_mnist_i/mnist_accel_0/inst/mnist_accel_slave_lite_v1_0_S_AXI_inst/top_mnist_fpga_instance/fc2_fsm/s_axi_aresetn_0 |                1 |              4 |         4.00 |
|  fpga_mnist_i/clk_wiz_0/inst/clk_out1 | fpga_mnist_i/mnist_accel_0/inst/mnist_accel_slave_lite_v1_0_S_AXI_inst/top_mnist_fpga_instance/fc2_fsm/neuron[3]_i_1_n_0                                                        | fpga_mnist_i/mnist_accel_0/inst/mnist_accel_slave_lite_v1_0_S_AXI_inst/top_mnist_fpga_instance/fc2_fsm/s_axi_aresetn_0 |                1 |              4 |         4.00 |
|  fpga_mnist_i/clk_wiz_0/inst/clk_out1 |                                                                                                                                                                                 | fpga_mnist_i/proc_sys_reset_0/U0/EXT_LPF/lpf_int                                                                       |                2 |              4 |         2.00 |
|  fpga_mnist_i/clk_wiz_0/inst/clk_out1 | fpga_mnist_i/axi_smc/inst/s00_entry_pipeline/s00_mmu/inst/ar_reg_stall/m_vector_i                                                                                               |                                                                                                                        |                1 |              4 |         4.00 |
|  fpga_mnist_i/clk_wiz_0/inst/clk_out1 | fpga_mnist_i/axi_smc/inst/s00_entry_pipeline/s00_mmu/inst/ar_reg_stall/skid_buffer[1136]_i_1_n_0                                                                                |                                                                                                                        |                1 |              4 |         4.00 |
|  fpga_mnist_i/clk_wiz_0/inst/clk_out1 | fpga_mnist_i/axi_smc/inst/s00_entry_pipeline/s00_mmu/inst/aw_reg_stall/m_vector_i                                                                                               |                                                                                                                        |                1 |              4 |         4.00 |
|  fpga_mnist_i/clk_wiz_0/inst/clk_out1 |                                                                                                                                                                                 | fpga_mnist_i/axi_uartlite_0/U0/UARTLITE_CORE_I/UARTLITE_RX_I/SRL_FIFO_I/I_SRL_FIFO_RBU_F/CNTR_INCR_DECR_ADDN_F_I/SS[0] |                2 |              6 |         3.00 |
|  fpga_mnist_i/clk_wiz_0/inst/clk_out1 |                                                                                                                                                                                 | fpga_mnist_i/axi_uartlite_0/U0/UARTLITE_CORE_I/UARTLITE_TX_I/SRL_FIFO_I/I_SRL_FIFO_RBU_F/CNTR_INCR_DECR_ADDN_F_I/SS[0] |                3 |              6 |         2.00 |
|  fpga_mnist_i/clk_wiz_0/inst/clk_out1 | fpga_mnist_i/axi_smc/inst/clk_map/psr_aclk/U0/SEQ/seq_cnt_en                                                                                                                    | fpga_mnist_i/axi_smc/inst/clk_map/psr_aclk/U0/SEQ/SEQ_COUNTER/clear                                                    |                1 |              6 |         6.00 |
|  fpga_mnist_i/clk_wiz_0/inst/clk_out1 | fpga_mnist_i/proc_sys_reset_0/U0/SEQ/seq_cnt_en                                                                                                                                 | fpga_mnist_i/proc_sys_reset_0/U0/SEQ/SEQ_COUNTER/clear                                                                 |                1 |              6 |         6.00 |
|  fpga_mnist_i/clk_wiz_0/inst/clk_out1 | fpga_mnist_i/mnist_accel_0/inst/mnist_accel_slave_lite_v1_0_S_AXI_inst/top_mnist_fpga_instance/u_fsm/FSM_onehot_state[6]_i_1_n_0                                                | fpga_mnist_i/mnist_accel_0/inst/mnist_accel_slave_lite_v1_0_S_AXI_inst/top_mnist_fpga_instance/fc2_fsm/s_axi_aresetn_0 |                2 |              7 |         3.50 |
|  fpga_mnist_i/clk_wiz_0/inst/clk_out1 | fpga_mnist_i/axi_uartlite_0/U0/UARTLITE_CORE_I/BAUD_RATE_I/en_16x_Baud                                                                                                          | fpga_mnist_i/axi_uartlite_0/U0/UARTLITE_CORE_I/UARTLITE_RX_I/SERIAL_TO_PARALLEL[8].fifo_din[8]_i_1_n_0                 |                1 |              7 |         7.00 |
|  fpga_mnist_i/clk_wiz_0/inst/clk_out1 | fpga_mnist_i/axi_uartlite_0/U0/AXI_LITE_IPIF_I/I_SLAVE_ATTACHMENT/s_axi_rresp_i                                                                                                 | fpga_mnist_i/axi_uartlite_0/U0/AXI_LITE_IPIF_I/I_SLAVE_ATTACHMENT/rst                                                  |                2 |              8 |         4.00 |
|  fpga_mnist_i/clk_wiz_0/inst/clk_out1 |                                                                                                                                                                                 | fpga_mnist_i/axi_smc/inst/switchboards/i_nodes/i_b_node/inst/inst_si_handler/areset_r                                  |                3 |              8 |         2.67 |
|  fpga_mnist_i/clk_wiz_0/inst/clk_out1 |                                                                                                                                                                                 | fpga_mnist_i/axi_smc/inst/switchboards/i_nodes/i_r_node/inst/inst_si_handler/areset_r                                  |                3 |              8 |         2.67 |
|  fpga_mnist_i/clk_wiz_0/inst/clk_out1 | fpga_mnist_i/axi_smc/inst/switchboards/i_nodes/i_r_node/inst/inst_si_handler/gen_si_handler.gen_arbiter_rr_minimal_area.inst_arbiter/s_sc_valid                                 |                                                                                                                        |                2 |              8 |         4.00 |
|  fpga_mnist_i/clk_wiz_0/inst/clk_out1 | fpga_mnist_i/axi_uartlite_0/U0/AXI_LITE_IPIF_I/I_SLAVE_ATTACHMENT/I_DECODER/fifo_wr                                                                                             |                                                                                                                        |                1 |              8 |         8.00 |
|  fpga_mnist_i/clk_wiz_0/inst/clk_out1 | fpga_mnist_i/axi_uartlite_0/U0/UARTLITE_CORE_I/UARTLITE_RX_I/SRL_FIFO_I/I_SRL_FIFO_RBU_F/DYNSHREG_F_I/fifo_wr                                                                   |                                                                                                                        |                1 |              8 |         8.00 |
|  fpga_mnist_i/clk_wiz_0/inst/clk_out1 | fpga_mnist_i/mnist_accel_0/inst/mnist_accel_slave_lite_v1_0_S_AXI_inst/pix_data_write_strobe                                                                                    | fpga_mnist_i/mnist_accel_0/inst/mnist_accel_slave_lite_v1_0_S_AXI_inst/pix_wr_index[7]_i_1_n_0                         |                2 |              8 |         4.00 |
|  fpga_mnist_i/clk_wiz_0/inst/clk_out1 |                                                                                                                                                                                 | fpga_mnist_i/axi_uartlite_0/U0/AXI_LITE_IPIF_I/I_SLAVE_ATTACHMENT/rst                                                  |                4 |             10 |         2.50 |
|  fpga_mnist_i/clk_wiz_0/inst/clk_out1 | fpga_mnist_i/axi_smc/inst/switchboards/i_nodes/i_w_node/inst/inst_mi_handler/gen_normal_area.inst_fifo_node_payld/gen_reg_fifo.inst_reg_fifo/gen_single_rank.data[54]_i_1_n_0   |                                                                                                                        |                2 |             10 |         5.00 |
|  fpga_mnist_i/clk_wiz_0/inst/clk_out1 | fpga_mnist_i/mnist_accel_0/inst/mnist_accel_slave_lite_v1_0_S_AXI_inst/top_mnist_fpga_instance/fc2_fsm/FSM_onehot_state[11]_i_1_n_0                                             | fpga_mnist_i/mnist_accel_0/inst/mnist_accel_slave_lite_v1_0_S_AXI_inst/top_mnist_fpga_instance/fc2_fsm/s_axi_aresetn_0 |                2 |             12 |         6.00 |
|  fpga_mnist_i/clk_wiz_0/inst/clk_out1 | fpga_mnist_i/microblaze_0/U0/MicroBlaze_Core_I/Performance.Core/Decode_I/mem_wait_on_ready_N_carry_or/MUXCY_I/lopt_1                                                            | fpga_mnist_i/microblaze_0/U0/MicroBlaze_Core_I/sync_reset                                                              |                5 |             14 |         2.80 |
|  fpga_mnist_i/clk_wiz_0/inst/clk_out1 | fpga_mnist_i/mnist_accel_0/inst/mnist_accel_slave_lite_v1_0_S_AXI_inst/top_mnist_fpga_instance/u_fsm/neuron_cnt[15]_i_1_n_0                                                     | fpga_mnist_i/mnist_accel_0/inst/mnist_accel_slave_lite_v1_0_S_AXI_inst/top_mnist_fpga_instance/fc2_fsm/s_axi_aresetn_0 |                3 |             16 |         5.33 |
|  fpga_mnist_i/clk_wiz_0/inst/clk_out1 | fpga_mnist_i/mnist_accel_0/inst/mnist_accel_slave_lite_v1_0_S_AXI_inst/top_mnist_fpga_instance/u_fsm/group_cnt[15]_i_1_n_0                                                      | fpga_mnist_i/mnist_accel_0/inst/mnist_accel_slave_lite_v1_0_S_AXI_inst/top_mnist_fpga_instance/fc2_fsm/s_axi_aresetn_0 |                2 |             16 |         8.00 |
|  fpga_mnist_i/clk_wiz_0/inst/clk_out1 | fpga_mnist_i/microblaze_0/U0/MicroBlaze_Core_I/Performance.Core/Decode_I/PreFetch_Buffer_I1/OF_Valid_DFF/E[0]                                                                   | fpga_mnist_i/microblaze_0/U0/MicroBlaze_Core_I/sync_reset                                                              |                9 |             16 |         1.78 |
|  fpga_mnist_i/clk_wiz_0/inst/clk_out1 | fpga_mnist_i/mnist_accel_0/inst/mnist_accel_slave_lite_v1_0_S_AXI_inst/top_mnist_fpga_instance/u_fsm/FSM_onehot_state_reg_n_0_[5]                                               | fpga_mnist_i/mnist_accel_0/inst/mnist_accel_slave_lite_v1_0_S_AXI_inst/top_mnist_fpga_instance/fc2_fsm/s_axi_aresetn_0 |                5 |             16 |         3.20 |
|  fpga_mnist_i/clk_wiz_0/inst/clk_out1 |                                                                                                                                                                                 | fpga_mnist_i/axi_smc/inst/s00_entry_pipeline/s00_mmu/inst/areset                                                       |                9 |             18 |         2.00 |
|  fpga_mnist_i/clk_wiz_0/inst/clk_out1 | fpga_mnist_i/axi_smc/inst/s00_entry_pipeline/s00_mmu/inst/gen_endpoint.decerr_slave_inst/s_axi_rvalid                                                                           | fpga_mnist_i/microblaze_0/U0/MicroBlaze_Core_I/sync_reset                                                              |                7 |             22 |         3.14 |
|  fpga_mnist_i/clk_wiz_0/inst/clk_out1 |                                                                                                                                                                                 | fpga_mnist_i/mnist_accel_0/inst/mnist_accel_slave_lite_v1_0_S_AXI_inst/top_mnist_fpga_instance/fc2_fsm/s_axi_aresetn_0 |                9 |             24 |         2.67 |
|  fpga_mnist_i/clk_wiz_0/inst/clk_out1 | fpga_mnist_i/axi_uartlite_0/U0/UARTLITE_CORE_I/BAUD_RATE_I/en_16x_Baud                                                                                                          | fpga_mnist_i/axi_uartlite_0/U0/UARTLITE_CORE_I/UARTLITE_RX_I/s_axi_aresetn_0                                           |                4 |             28 |         7.00 |
|  fpga_mnist_i/clk_wiz_0/inst/clk_out1 |                                                                                                                                                                                 | fpga_mnist_i/axi_uartlite_0/U0/UARTLITE_CORE_I/UARTLITE_RX_I/s_axi_aresetn_0                                           |               11 |             30 |         2.73 |
|  fpga_mnist_i/clk_wiz_0/inst/clk_out1 | fpga_mnist_i/microblaze_0/U0/MicroBlaze_Core_I/Performance.Core/Decode_I/mem_wait_on_ready_N_carry_or/MUXCY_I/lopt_1                                                            | fpga_mnist_i/microblaze_0/U0/MicroBlaze_Core_I/Performance.Core/Decode_I/SR[0]                                         |               10 |             32 |         3.20 |
|  fpga_mnist_i/clk_wiz_0/inst/clk_out1 | fpga_mnist_i/microblaze_0/U0/MicroBlaze_Core_I/Performance.Core/Decode_I/PreFetch_Buffer_I1/Gen_Mux_Select_LUT6[1].Gen_Sel_DFF/if_fetch_in_progress_reg[0]                      | fpga_mnist_i/microblaze_0/U0/MicroBlaze_Core_I/sync_reset                                                              |                9 |             32 |         3.56 |
|  fpga_mnist_i/clk_wiz_0/inst/clk_out1 | fpga_mnist_i/microblaze_0/U0/MicroBlaze_Core_I/Performance.Core/Decode_I/Use_MuxCy[3].OF_Piperun_Stage/MUXCY_I/Using_FPGA.Native_0                                              | fpga_mnist_i/microblaze_0/U0/MicroBlaze_Core_I/Performance.Core/Decode_I/R                                             |               11 |             32 |         2.91 |
|  fpga_mnist_i/clk_wiz_0/inst/clk_out1 | fpga_mnist_i/microblaze_0/U0/MicroBlaze_Core_I/Performance.Core/Decode_I/mem_wait_on_ready_N_carry_or/MUXCY_I/lopt_1                                                            |                                                                                                                        |                8 |             32 |         4.00 |
|  fpga_mnist_i/clk_wiz_0/inst/clk_out1 | fpga_mnist_i/microblaze_0/U0/MicroBlaze_Core_I/Performance.Core/Decode_I/Use_MuxCy[3].OF_Piperun_Stage/MUXCY_I/E[0]                                                             | fpga_mnist_i/microblaze_0/U0/MicroBlaze_Core_I/sync_reset                                                              |                7 |             32 |         4.57 |
|  fpga_mnist_i/clk_wiz_0/inst/clk_out1 | fpga_mnist_i/mnist_accel_0/inst/mnist_accel_slave_lite_v1_0_S_AXI_inst/top_mnist_fpga_instance/fc2_fsm/fc2_out[0][31]_i_1_n_0                                                   |                                                                                                                        |               11 |             32 |         2.91 |
|  fpga_mnist_i/clk_wiz_0/inst/clk_out1 | fpga_mnist_i/mnist_accel_0/inst/mnist_accel_slave_lite_v1_0_S_AXI_inst/top_mnist_fpga_instance/fc2_fsm/fc2_out[2][31]_i_1_n_0                                                   |                                                                                                                        |               12 |             32 |         2.67 |
|  fpga_mnist_i/clk_wiz_0/inst/clk_out1 | fpga_mnist_i/mnist_accel_0/inst/mnist_accel_slave_lite_v1_0_S_AXI_inst/top_mnist_fpga_instance/fc2_fsm/fc2_out[3][31]_i_1_n_0                                                   |                                                                                                                        |               15 |             32 |         2.13 |
|  fpga_mnist_i/clk_wiz_0/inst/clk_out1 | fpga_mnist_i/mnist_accel_0/inst/mnist_accel_slave_lite_v1_0_S_AXI_inst/top_mnist_fpga_instance/fc2_fsm/fc2_out[4][31]_i_1_n_0                                                   |                                                                                                                        |               12 |             32 |         2.67 |
|  fpga_mnist_i/clk_wiz_0/inst/clk_out1 | fpga_mnist_i/mnist_accel_0/inst/mnist_accel_slave_lite_v1_0_S_AXI_inst/top_mnist_fpga_instance/fc2_fsm/fc2_out[1][31]_i_1_n_0                                                   |                                                                                                                        |               12 |             32 |         2.67 |
|  fpga_mnist_i/clk_wiz_0/inst/clk_out1 | fpga_mnist_i/mnist_accel_0/inst/mnist_accel_slave_lite_v1_0_S_AXI_inst/top_mnist_fpga_instance/fc2_fsm/fc2_out[5][31]_i_1_n_0                                                   |                                                                                                                        |               12 |             32 |         2.67 |
|  fpga_mnist_i/clk_wiz_0/inst/clk_out1 |                                                                                                                                                                                 | fpga_mnist_i/microblaze_0/U0/MicroBlaze_Core_I/Performance.Core/wb_dlmb_valid_read_data0                               |               11 |             32 |         2.91 |
|  fpga_mnist_i/clk_wiz_0/inst/clk_out1 | fpga_mnist_i/mnist_accel_0/inst/mnist_accel_slave_lite_v1_0_S_AXI_inst/top_mnist_fpga_instance/fc2_fsm/fc2_out[7][31]_i_1_n_0                                                   |                                                                                                                        |               16 |             32 |         2.00 |
|  fpga_mnist_i/clk_wiz_0/inst/clk_out1 | fpga_mnist_i/mnist_accel_0/inst/mnist_accel_slave_lite_v1_0_S_AXI_inst/top_mnist_fpga_instance/fc2_fsm/fc2_out[8][31]_i_1_n_0                                                   |                                                                                                                        |               10 |             32 |         3.20 |
|  fpga_mnist_i/clk_wiz_0/inst/clk_out1 | fpga_mnist_i/mnist_accel_0/inst/mnist_accel_slave_lite_v1_0_S_AXI_inst/top_mnist_fpga_instance/fc2_fsm/fc2_out[6][31]_i_1_n_0                                                   |                                                                                                                        |               11 |             32 |         2.91 |
|  fpga_mnist_i/clk_wiz_0/inst/clk_out1 | fpga_mnist_i/mnist_accel_0/inst/mnist_accel_slave_lite_v1_0_S_AXI_inst/top_mnist_fpga_instance/fc2_fsm/fc2_out[9][31]_i_1_n_0                                                   |                                                                                                                        |                8 |             32 |         4.00 |
|  fpga_mnist_i/clk_wiz_0/inst/clk_out1 | fpga_mnist_i/mnist_accel_0/inst/mnist_accel_slave_lite_v1_0_S_AXI_inst/top_mnist_fpga_instance/u_argmax/max_val[31]_i_1_n_0                                                     | fpga_mnist_i/mnist_accel_0/inst/mnist_accel_slave_lite_v1_0_S_AXI_inst/top_mnist_fpga_instance/fc2_fsm/s_axi_aresetn_0 |               10 |             36 |         3.60 |
|  fpga_mnist_i/clk_wiz_0/inst/clk_out1 | fpga_mnist_i/mnist_accel_0/inst/mnist_accel_slave_lite_v1_0_S_AXI_inst/top_mnist_fpga_instance/fc2_fsm/acc[38]_i_1_n_0                                                          | fpga_mnist_i/mnist_accel_0/inst/mnist_accel_slave_lite_v1_0_S_AXI_inst/top_mnist_fpga_instance/fc2_fsm/s_axi_aresetn_0 |                5 |             39 |         7.80 |
|  fpga_mnist_i/clk_wiz_0/inst/clk_out1 | fpga_mnist_i/microblaze_0/U0/MicroBlaze_Core_I/Performance.Core/Decode_I/Use_MuxCy[3].OF_Piperun_Stage/MUXCY_I/Using_FPGA.Native_0                                              | fpga_mnist_i/microblaze_0/U0/MicroBlaze_Core_I/sync_reset                                                              |               19 |             45 |         2.37 |
|  fpga_mnist_i/clk_wiz_0/inst/clk_out1 | fpga_mnist_i/microblaze_0/U0/MicroBlaze_Core_I/Performance.Core/Decode_I/PreFetch_Buffer_I1/Instruction_Prefetch_Mux[42].Instr_Mux_MUXF7/IReady_0                               |                                                                                                                        |               11 |             75 |         6.82 |
|  fpga_mnist_i/clk_wiz_0/inst/clk_out1 | fpga_mnist_i/microblaze_0/U0/MicroBlaze_Core_I/Performance.Core/Decode_I/WB_GPR_Wr                                                                                              |                                                                                                                        |               16 |            128 |         8.00 |
|  fpga_mnist_i/clk_wiz_0/inst/clk_out1 |                                                                                                                                                                                 | fpga_mnist_i/microblaze_0/U0/MicroBlaze_Core_I/sync_reset                                                              |               68 |            131 |         1.93 |
|  fpga_mnist_i/clk_wiz_0/inst/clk_out1 |                                                                                                                                                                                 |                                                                                                                        |               68 |            194 |         2.85 |
|  fpga_mnist_i/clk_wiz_0/inst/clk_out1 | fpga_mnist_i/microblaze_0/U0/MicroBlaze_Core_I/Performance.Core/Decode_I/Use_MuxCy[11].OF_Piperun_Stage/MUXCY_I/Using_FPGA.Native_0                                             | fpga_mnist_i/microblaze_0/U0/MicroBlaze_Core_I/sync_reset                                                              |               67 |            212 |         3.16 |
|  fpga_mnist_i/clk_wiz_0/inst/clk_out1 | fpga_mnist_i/mnist_accel_0/inst/mnist_accel_slave_lite_v1_0_S_AXI_inst/top_mnist_fpga_instance/fc2_fsm/run_done                                                                 | fpga_mnist_i/mnist_accel_0/inst/mnist_accel_slave_lite_v1_0_S_AXI_inst/top_mnist_fpga_instance/fc2_fsm/s_axi_aresetn_0 |               67 |            320 |         4.78 |
+---------------------------------------+---------------------------------------------------------------------------------------------------------------------------------------------------------------------------------+------------------------------------------------------------------------------------------------------------------------+------------------+----------------+--------------+


