Copyright 1986-2022 Xilinx, Inc. All Rights Reserved. Copyright 2022-2024 Advanced Micro Devices, Inc. All Rights Reserved.
---------------------------------------------------------------------------------------------------------------------------------------------
| Tool Version : Vivado v.2024.2 (win64) Build 5239630 Fri Nov 08 22:35:27 MST 2024
| Date         : Fri Jan 30 12:30:39 2026
| Host         : DESKTOP-6GKB5CJ running 64-bit major release  (build 9200)
| Command      : report_drc -file fpga_mnist_wrapper_drc_opted.rpt -pb fpga_mnist_wrapper_drc_opted.pb -rpx fpga_mnist_wrapper_drc_opted.rpx
| Design       : fpga_mnist_wrapper
| Device       : xc7a35tcpg236-1
| Speed File   : -1
| Design State : Synthesized
---------------------------------------------------------------------------------------------------------------------------------------------

Report DRC

Table of Contents
-----------------
1. REPORT SUMMARY
2. REPORT DETAILS

1. REPORT SUMMARY
-----------------
            Netlist: netlist
          Floorplan: design_1
      Design limits: <entire design considered>
           Ruledeck: default
             Max checks: <unlimited>
             Checks found: 74
+-----------+----------+-----------------------------------------------------+--------+
| Rule      | Severity | Description                                         | Checks |
+-----------+----------+-----------------------------------------------------+--------+
| CFGBVS-1  | Warning  | Missing CFGBVS and CONFIG_VOLTAGE Design Properties | 1      |
| CHECK-3   | Warning  | Report rule limit reached                           | 2      |
| DPIP-1    | Warning  | Input pipelining                                    | 4      |
| DPOP-1    | Warning  | PREG Output pipelining                              | 1      |
| DPOP-2    | Warning  | MREG Output pipelining                              | 2      |
| DPOR-1    | Warning  | Asynchronous load check                             | 17     |
| RBOR-1    | Warning  | RAMB output registers                               | 7      |
| REQP-1839 | Warning  | RAMB36 async control check                          | 20     |
| REQP-1840 | Warning  | RAMB18 async control check                          | 20     |
+-----------+----------+-----------------------------------------------------+--------+

2. REPORT DETAILS
-----------------
CFGBVS-1#1 Warning
Missing CFGBVS and CONFIG_VOLTAGE Design Properties  
Neither the CFGBVS nor CONFIG_VOLTAGE voltage property is set in the current_design.  Configuration bank voltage select (CFGBVS) must be set to VCCO or GND, and CONFIG_VOLTAGE must be set to the correct configuration voltage, in order to determine the I/O voltage support for the pins in bank 0.  It is suggested to specify these either using the 'Edit Device Properties' function in the GUI or directly in the XDC file using the following syntax:

 set_property CFGBVS value1 [current_design]
 #where value1 is either VCCO or GND

 set_property CONFIG_VOLTAGE value2 [current_design]
 #where value2 is the voltage provided to configuration bank 0

Refer to the device configuration user guide for more information.
Related violations: <none>

CHECK-3#1 Warning
Report rule limit reached  
REQP-1839 rule limit reached: 20 violations have been found.
Related violations: <none>

CHECK-3#2 Warning
Report rule limit reached  
REQP-1840 rule limit reached: 20 violations have been found.
Related violations: <none>

DPIP-1#1 Warning
Input pipelining  
DSP fpga_mnist_i/mnist_accel_0/inst/mnist_accel_slave_lite_v1_0_S_AXI_inst/top_mnist_fpga_instance/fc2_fsm/mac_reg0 input fpga_mnist_i/mnist_accel_0/inst/mnist_accel_slave_lite_v1_0_S_AXI_inst/top_mnist_fpga_instance/fc2_fsm/mac_reg0/A[29:0] is not pipelined. Pipelining DSP48 input will improve performance.
Related violations: <none>

DPIP-1#2 Warning
Input pipelining  
DSP fpga_mnist_i/mnist_accel_0/inst/mnist_accel_slave_lite_v1_0_S_AXI_inst/top_mnist_fpga_instance/fc2_fsm/mac_reg0 input fpga_mnist_i/mnist_accel_0/inst/mnist_accel_slave_lite_v1_0_S_AXI_inst/top_mnist_fpga_instance/fc2_fsm/mac_reg0/B[17:0] is not pipelined. Pipelining DSP48 input will improve performance.
Related violations: <none>

DPIP-1#3 Warning
Input pipelining  
DSP fpga_mnist_i/mnist_accel_0/inst/mnist_accel_slave_lite_v1_0_S_AXI_inst/top_mnist_fpga_instance/fc2_fsm/mac_reg0__0 input fpga_mnist_i/mnist_accel_0/inst/mnist_accel_slave_lite_v1_0_S_AXI_inst/top_mnist_fpga_instance/fc2_fsm/mac_reg0__0/A[29:0] is not pipelined. Pipelining DSP48 input will improve performance.
Related violations: <none>

DPIP-1#4 Warning
Input pipelining  
DSP fpga_mnist_i/mnist_accel_0/inst/mnist_accel_slave_lite_v1_0_S_AXI_inst/top_mnist_fpga_instance/fc2_fsm/mac_reg0__0 input fpga_mnist_i/mnist_accel_0/inst/mnist_accel_slave_lite_v1_0_S_AXI_inst/top_mnist_fpga_instance/fc2_fsm/mac_reg0__0/B[17:0] is not pipelined. Pipelining DSP48 input will improve performance.
Related violations: <none>

DPOP-1#1 Warning
PREG Output pipelining  
DSP fpga_mnist_i/mnist_accel_0/inst/mnist_accel_slave_lite_v1_0_S_AXI_inst/top_mnist_fpga_instance/fc2_fsm/mac_reg0 output fpga_mnist_i/mnist_accel_0/inst/mnist_accel_slave_lite_v1_0_S_AXI_inst/top_mnist_fpga_instance/fc2_fsm/mac_reg0/P[47:0] is not pipelined (PREG=0). Pipelining the DSP48 output will improve performance and often saves power so it is suggested whenever possible to fully pipeline this function.  If this DSP48 function was inferred, it is suggested to describe an additional register stage after this function.  If the DSP48 was instantiated in the design, it is suggested to set the PREG attribute to 1.
Related violations: <none>

DPOP-2#1 Warning
MREG Output pipelining  
DSP fpga_mnist_i/mnist_accel_0/inst/mnist_accel_slave_lite_v1_0_S_AXI_inst/top_mnist_fpga_instance/fc2_fsm/mac_reg0 multiplier stage fpga_mnist_i/mnist_accel_0/inst/mnist_accel_slave_lite_v1_0_S_AXI_inst/top_mnist_fpga_instance/fc2_fsm/mac_reg0/P[47:0] is not pipelined (MREG=0). Pipelining the multiplier function will improve performance and will save significant power so it is suggested whenever possible to fully pipeline this function.  If this multiplier was inferred, it is suggested to describe an additional register stage after this function.  If there is no registered adder/accumulator following the multiply function, two pipeline stages are suggested to allow both the MREG and PREG registers to be used.  If the DSP48 was instantiated in the design, it is suggested to set both the MREG and PREG attributes to 1 when performing multiply functions.
Related violations: <none>

DPOP-2#2 Warning
MREG Output pipelining  
DSP fpga_mnist_i/mnist_accel_0/inst/mnist_accel_slave_lite_v1_0_S_AXI_inst/top_mnist_fpga_instance/fc2_fsm/mac_reg0__0 multiplier stage fpga_mnist_i/mnist_accel_0/inst/mnist_accel_slave_lite_v1_0_S_AXI_inst/top_mnist_fpga_instance/fc2_fsm/mac_reg0__0/P[47:0] is not pipelined (MREG=0). Pipelining the multiplier function will improve performance and will save significant power so it is suggested whenever possible to fully pipeline this function.  If this multiplier was inferred, it is suggested to describe an additional register stage after this function.  If there is no registered adder/accumulator following the multiply function, two pipeline stages are suggested to allow both the MREG and PREG registers to be used.  If the DSP48 was instantiated in the design, it is suggested to set both the MREG and PREG attributes to 1 when performing multiply functions.
Related violations: <none>

DPOR-1#1 Warning
Asynchronous load check  
DSP fpga_mnist_i/mnist_accel_0/inst/mnist_accel_slave_lite_v1_0_S_AXI_inst/top_mnist_fpga_instance/fc2_fsm/mac_reg0 output is connected to registers with an asynchronous reset (fpga_mnist_i/mnist_accel_0/inst/mnist_accel_slave_lite_v1_0_S_AXI_inst/top_mnist_fpga_instance/fc2_fsm/mac_reg_reg[0]). This is preventing the possibility of merging these registers in to the DSP Block since the DSP block registers only possess synchronous reset capability.  It is suggested to recode or change these registers to remove the reset or use a synchronous reset to get the best optimization for performance, power and area.
Related violations: <none>

DPOR-1#2 Warning
Asynchronous load check  
DSP fpga_mnist_i/mnist_accel_0/inst/mnist_accel_slave_lite_v1_0_S_AXI_inst/top_mnist_fpga_instance/fc2_fsm/mac_reg0 output is connected to registers with an asynchronous reset (fpga_mnist_i/mnist_accel_0/inst/mnist_accel_slave_lite_v1_0_S_AXI_inst/top_mnist_fpga_instance/fc2_fsm/mac_reg_reg[10]). This is preventing the possibility of merging these registers in to the DSP Block since the DSP block registers only possess synchronous reset capability.  It is suggested to recode or change these registers to remove the reset or use a synchronous reset to get the best optimization for performance, power and area.
Related violations: <none>

DPOR-1#3 Warning
Asynchronous load check  
DSP fpga_mnist_i/mnist_accel_0/inst/mnist_accel_slave_lite_v1_0_S_AXI_inst/top_mnist_fpga_instance/fc2_fsm/mac_reg0 output is connected to registers with an asynchronous reset (fpga_mnist_i/mnist_accel_0/inst/mnist_accel_slave_lite_v1_0_S_AXI_inst/top_mnist_fpga_instance/fc2_fsm/mac_reg_reg[11]). This is preventing the possibility of merging these registers in to the DSP Block since the DSP block registers only possess synchronous reset capability.  It is suggested to recode or change these registers to remove the reset or use a synchronous reset to get the best optimization for performance, power and area.
Related violations: <none>

DPOR-1#4 Warning
Asynchronous load check  
DSP fpga_mnist_i/mnist_accel_0/inst/mnist_accel_slave_lite_v1_0_S_AXI_inst/top_mnist_fpga_instance/fc2_fsm/mac_reg0 output is connected to registers with an asynchronous reset (fpga_mnist_i/mnist_accel_0/inst/mnist_accel_slave_lite_v1_0_S_AXI_inst/top_mnist_fpga_instance/fc2_fsm/mac_reg_reg[12]). This is preventing the possibility of merging these registers in to the DSP Block since the DSP block registers only possess synchronous reset capability.  It is suggested to recode or change these registers to remove the reset or use a synchronous reset to get the best optimization for performance, power and area.
Related violations: <none>

DPOR-1#5 Warning
Asynchronous load check  
DSP fpga_mnist_i/mnist_accel_0/inst/mnist_accel_slave_lite_v1_0_S_AXI_inst/top_mnist_fpga_instance/fc2_fsm/mac_reg0 output is connected to registers with an asynchronous reset (fpga_mnist_i/mnist_accel_0/inst/mnist_accel_slave_lite_v1_0_S_AXI_inst/top_mnist_fpga_instance/fc2_fsm/mac_reg_reg[13]). This is preventing the possibility of merging these registers in to the DSP Block since the DSP block registers only possess synchronous reset capability.  It is suggested to recode or change these registers to remove the reset or use a synchronous reset to get the best optimization for performance, power and area.
Related violations: <none>

DPOR-1#6 Warning
Asynchronous load check  
DSP fpga_mnist_i/mnist_accel_0/inst/mnist_accel_slave_lite_v1_0_S_AXI_inst/top_mnist_fpga_instance/fc2_fsm/mac_reg0 output is connected to registers with an asynchronous reset (fpga_mnist_i/mnist_accel_0/inst/mnist_accel_slave_lite_v1_0_S_AXI_inst/top_mnist_fpga_instance/fc2_fsm/mac_reg_reg[14]). This is preventing the possibility of merging these registers in to the DSP Block since the DSP block registers only possess synchronous reset capability.  It is suggested to recode or change these registers to remove the reset or use a synchronous reset to get the best optimization for performance, power and area.
Related violations: <none>

DPOR-1#7 Warning
Asynchronous load check  
DSP fpga_mnist_i/mnist_accel_0/inst/mnist_accel_slave_lite_v1_0_S_AXI_inst/top_mnist_fpga_instance/fc2_fsm/mac_reg0 output is connected to registers with an asynchronous reset (fpga_mnist_i/mnist_accel_0/inst/mnist_accel_slave_lite_v1_0_S_AXI_inst/top_mnist_fpga_instance/fc2_fsm/mac_reg_reg[15]). This is preventing the possibility of merging these registers in to the DSP Block since the DSP block registers only possess synchronous reset capability.  It is suggested to recode or change these registers to remove the reset or use a synchronous reset to get the best optimization for performance, power and area.
Related violations: <none>

DPOR-1#8 Warning
Asynchronous load check  
DSP fpga_mnist_i/mnist_accel_0/inst/mnist_accel_slave_lite_v1_0_S_AXI_inst/top_mnist_fpga_instance/fc2_fsm/mac_reg0 output is connected to registers with an asynchronous reset (fpga_mnist_i/mnist_accel_0/inst/mnist_accel_slave_lite_v1_0_S_AXI_inst/top_mnist_fpga_instance/fc2_fsm/mac_reg_reg[16]). This is preventing the possibility of merging these registers in to the DSP Block since the DSP block registers only possess synchronous reset capability.  It is suggested to recode or change these registers to remove the reset or use a synchronous reset to get the best optimization for performance, power and area.
Related violations: <none>

DPOR-1#9 Warning
Asynchronous load check  
DSP fpga_mnist_i/mnist_accel_0/inst/mnist_accel_slave_lite_v1_0_S_AXI_inst/top_mnist_fpga_instance/fc2_fsm/mac_reg0 output is connected to registers with an asynchronous reset (fpga_mnist_i/mnist_accel_0/inst/mnist_accel_slave_lite_v1_0_S_AXI_inst/top_mnist_fpga_instance/fc2_fsm/mac_reg_reg[1]). This is preventing the possibility of merging these registers in to the DSP Block since the DSP block registers only possess synchronous reset capability.  It is suggested to recode or change these registers to remove the reset or use a synchronous reset to get the best optimization for performance, power and area.
Related violations: <none>

DPOR-1#10 Warning
Asynchronous load check  
DSP fpga_mnist_i/mnist_accel_0/inst/mnist_accel_slave_lite_v1_0_S_AXI_inst/top_mnist_fpga_instance/fc2_fsm/mac_reg0 output is connected to registers with an asynchronous reset (fpga_mnist_i/mnist_accel_0/inst/mnist_accel_slave_lite_v1_0_S_AXI_inst/top_mnist_fpga_instance/fc2_fsm/mac_reg_reg[2]). This is preventing the possibility of merging these registers in to the DSP Block since the DSP block registers only possess synchronous reset capability.  It is suggested to recode or change these registers to remove the reset or use a synchronous reset to get the best optimization for performance, power and area.
Related violations: <none>

DPOR-1#11 Warning
Asynchronous load check  
DSP fpga_mnist_i/mnist_accel_0/inst/mnist_accel_slave_lite_v1_0_S_AXI_inst/top_mnist_fpga_instance/fc2_fsm/mac_reg0 output is connected to registers with an asynchronous reset (fpga_mnist_i/mnist_accel_0/inst/mnist_accel_slave_lite_v1_0_S_AXI_inst/top_mnist_fpga_instance/fc2_fsm/mac_reg_reg[3]). This is preventing the possibility of merging these registers in to the DSP Block since the DSP block registers only possess synchronous reset capability.  It is suggested to recode or change these registers to remove the reset or use a synchronous reset to get the best optimization for performance, power and area.
Related violations: <none>

DPOR-1#12 Warning
Asynchronous load check  
DSP fpga_mnist_i/mnist_accel_0/inst/mnist_accel_slave_lite_v1_0_S_AXI_inst/top_mnist_fpga_instance/fc2_fsm/mac_reg0 output is connected to registers with an asynchronous reset (fpga_mnist_i/mnist_accel_0/inst/mnist_accel_slave_lite_v1_0_S_AXI_inst/top_mnist_fpga_instance/fc2_fsm/mac_reg_reg[4]). This is preventing the possibility of merging these registers in to the DSP Block since the DSP block registers only possess synchronous reset capability.  It is suggested to recode or change these registers to remove the reset or use a synchronous reset to get the best optimization for performance, power and area.
Related violations: <none>

DPOR-1#13 Warning
Asynchronous load check  
DSP fpga_mnist_i/mnist_accel_0/inst/mnist_accel_slave_lite_v1_0_S_AXI_inst/top_mnist_fpga_instance/fc2_fsm/mac_reg0 output is connected to registers with an asynchronous reset (fpga_mnist_i/mnist_accel_0/inst/mnist_accel_slave_lite_v1_0_S_AXI_inst/top_mnist_fpga_instance/fc2_fsm/mac_reg_reg[5]). This is preventing the possibility of merging these registers in to the DSP Block since the DSP block registers only possess synchronous reset capability.  It is suggested to recode or change these registers to remove the reset or use a synchronous reset to get the best optimization for performance, power and area.
Related violations: <none>

DPOR-1#14 Warning
Asynchronous load check  
DSP fpga_mnist_i/mnist_accel_0/inst/mnist_accel_slave_lite_v1_0_S_AXI_inst/top_mnist_fpga_instance/fc2_fsm/mac_reg0 output is connected to registers with an asynchronous reset (fpga_mnist_i/mnist_accel_0/inst/mnist_accel_slave_lite_v1_0_S_AXI_inst/top_mnist_fpga_instance/fc2_fsm/mac_reg_reg[6]). This is preventing the possibility of merging these registers in to the DSP Block since the DSP block registers only possess synchronous reset capability.  It is suggested to recode or change these registers to remove the reset or use a synchronous reset to get the best optimization for performance, power and area.
Related violations: <none>

DPOR-1#15 Warning
Asynchronous load check  
DSP fpga_mnist_i/mnist_accel_0/inst/mnist_accel_slave_lite_v1_0_S_AXI_inst/top_mnist_fpga_instance/fc2_fsm/mac_reg0 output is connected to registers with an asynchronous reset (fpga_mnist_i/mnist_accel_0/inst/mnist_accel_slave_lite_v1_0_S_AXI_inst/top_mnist_fpga_instance/fc2_fsm/mac_reg_reg[7]). This is preventing the possibility of merging these registers in to the DSP Block since the DSP block registers only possess synchronous reset capability.  It is suggested to recode or change these registers to remove the reset or use a synchronous reset to get the best optimization for performance, power and area.
Related violations: <none>

DPOR-1#16 Warning
Asynchronous load check  
DSP fpga_mnist_i/mnist_accel_0/inst/mnist_accel_slave_lite_v1_0_S_AXI_inst/top_mnist_fpga_instance/fc2_fsm/mac_reg0 output is connected to registers with an asynchronous reset (fpga_mnist_i/mnist_accel_0/inst/mnist_accel_slave_lite_v1_0_S_AXI_inst/top_mnist_fpga_instance/fc2_fsm/mac_reg_reg[8]). This is preventing the possibility of merging these registers in to the DSP Block since the DSP block registers only possess synchronous reset capability.  It is suggested to recode or change these registers to remove the reset or use a synchronous reset to get the best optimization for performance, power and area.
Related violations: <none>

DPOR-1#17 Warning
Asynchronous load check  
DSP fpga_mnist_i/mnist_accel_0/inst/mnist_accel_slave_lite_v1_0_S_AXI_inst/top_mnist_fpga_instance/fc2_fsm/mac_reg0 output is connected to registers with an asynchronous reset (fpga_mnist_i/mnist_accel_0/inst/mnist_accel_slave_lite_v1_0_S_AXI_inst/top_mnist_fpga_instance/fc2_fsm/mac_reg_reg[9]). This is preventing the possibility of merging these registers in to the DSP Block since the DSP block registers only possess synchronous reset capability.  It is suggested to recode or change these registers to remove the reset or use a synchronous reset to get the best optimization for performance, power and area.
Related violations: <none>

RBOR-1#1 Warning
RAMB output registers  
RAMB fpga_mnist_i/mnist_accel_0/inst/mnist_accel_slave_lite_v1_0_S_AXI_inst/top_mnist_fpga_instance/u_pixel_buf/mem_reg_1 output DOB (8) is connected to asynchronous registers, if you use synchronous controls you will get better results both in area and delay (RAMB has synchronous registers built in).
Related violations: <none>

RBOR-1#2 Warning
RAMB output registers  
RAMB fpga_mnist_i/mnist_accel_0/inst/mnist_accel_slave_lite_v1_0_S_AXI_inst/top_mnist_fpga_instance/u_pixel_buf/mem_reg_2 output DOB (8) is connected to asynchronous registers, if you use synchronous controls you will get better results both in area and delay (RAMB has synchronous registers built in).
Related violations: <none>

RBOR-1#3 Warning
RAMB output registers  
RAMB fpga_mnist_i/mnist_accel_0/inst/mnist_accel_slave_lite_v1_0_S_AXI_inst/top_mnist_fpga_instance/u_pixel_buf/mem_reg_3 output DOB (8) is connected to asynchronous registers, if you use synchronous controls you will get better results both in area and delay (RAMB has synchronous registers built in).
Related violations: <none>

RBOR-1#4 Warning
RAMB output registers  
RAMB fpga_mnist_i/mnist_accel_0/inst/mnist_accel_slave_lite_v1_0_S_AXI_inst/top_mnist_fpga_instance/u_pixel_buf/mem_reg_4 output DOB (8) is connected to asynchronous registers, if you use synchronous controls you will get better results both in area and delay (RAMB has synchronous registers built in).
Related violations: <none>

RBOR-1#5 Warning
RAMB output registers  
RAMB fpga_mnist_i/mnist_accel_0/inst/mnist_accel_slave_lite_v1_0_S_AXI_inst/top_mnist_fpga_instance/weight_ram1/data_out_reg_0 output DOA (8) is connected to asynchronous registers, if you use synchronous controls you will get better results both in area and delay (RAMB has synchronous registers built in).
Related violations: <none>

RBOR-1#6 Warning
RAMB output registers  
RAMB fpga_mnist_i/mnist_accel_0/inst/mnist_accel_slave_lite_v1_0_S_AXI_inst/top_mnist_fpga_instance/weight_ram1/data_out_reg_1 output DOA (8) is connected to asynchronous registers, if you use synchronous controls you will get better results both in area and delay (RAMB has synchronous registers built in).
Related violations: <none>

RBOR-1#7 Warning
RAMB output registers  
RAMB fpga_mnist_i/mnist_accel_0/inst/mnist_accel_slave_lite_v1_0_S_AXI_inst/top_mnist_fpga_instance/weight_ram2/data_out_reg output DOA (18) DOB (2) is connected to asynchronous registers, if you use synchronous controls you will get better results both in area and delay (RAMB has synchronous registers built in).
Related violations: <none>

REQP-1839#1 Warning
RAMB36 async control check  
The RAMB36E1 fpga_mnist_i/mnist_accel_0/inst/mnist_accel_slave_lite_v1_0_S_AXI_inst/top_mnist_fpga_instance/weight_ram1/data_out_reg_0 has an input control pin fpga_mnist_i/mnist_accel_0/inst/mnist_accel_slave_lite_v1_0_S_AXI_inst/top_mnist_fpga_instance/weight_ram1/data_out_reg_0/ADDRARDADDR[10] (net: fpga_mnist_i/mnist_accel_0/inst/mnist_accel_slave_lite_v1_0_S_AXI_inst/top_mnist_fpga_instance/weight_ram1/sel[7]) which is driven by a register (fpga_mnist_i/mnist_accel_0/inst/mnist_accel_slave_lite_v1_0_S_AXI_inst/top_mnist_fpga_instance/u_fsm/weight_bram_addr_reg[7]) that has an active asychronous set or reset. This may cause corruption of the memory contents and/or read values when the set/reset is asserted and is not analyzed by the default static timing analysis. It is suggested to eliminate the use of a set/reset to registers driving this RAMB pin or else use a synchronous reset in which the assertion of the reset is timed by default.
Related violations: <none>

REQP-1839#2 Warning
RAMB36 async control check  
The RAMB36E1 fpga_mnist_i/mnist_accel_0/inst/mnist_accel_slave_lite_v1_0_S_AXI_inst/top_mnist_fpga_instance/weight_ram1/data_out_reg_0 has an input control pin fpga_mnist_i/mnist_accel_0/inst/mnist_accel_slave_lite_v1_0_S_AXI_inst/top_mnist_fpga_instance/weight_ram1/data_out_reg_0/ADDRARDADDR[11] (net: fpga_mnist_i/mnist_accel_0/inst/mnist_accel_slave_lite_v1_0_S_AXI_inst/top_mnist_fpga_instance/weight_ram1/sel[8]) which is driven by a register (fpga_mnist_i/mnist_accel_0/inst/mnist_accel_slave_lite_v1_0_S_AXI_inst/top_mnist_fpga_instance/u_fsm/weight_bram_addr_reg[8]) that has an active asychronous set or reset. This may cause corruption of the memory contents and/or read values when the set/reset is asserted and is not analyzed by the default static timing analysis. It is suggested to eliminate the use of a set/reset to registers driving this RAMB pin or else use a synchronous reset in which the assertion of the reset is timed by default.
Related violations: <none>

REQP-1839#3 Warning
RAMB36 async control check  
The RAMB36E1 fpga_mnist_i/mnist_accel_0/inst/mnist_accel_slave_lite_v1_0_S_AXI_inst/top_mnist_fpga_instance/weight_ram1/data_out_reg_0 has an input control pin fpga_mnist_i/mnist_accel_0/inst/mnist_accel_slave_lite_v1_0_S_AXI_inst/top_mnist_fpga_instance/weight_ram1/data_out_reg_0/ADDRARDADDR[12] (net: fpga_mnist_i/mnist_accel_0/inst/mnist_accel_slave_lite_v1_0_S_AXI_inst/top_mnist_fpga_instance/weight_ram1/sel[9]) which is driven by a register (fpga_mnist_i/mnist_accel_0/inst/mnist_accel_slave_lite_v1_0_S_AXI_inst/top_mnist_fpga_instance/u_fsm/weight_bram_addr_reg[9]) that has an active asychronous set or reset. This may cause corruption of the memory contents and/or read values when the set/reset is asserted and is not analyzed by the default static timing analysis. It is suggested to eliminate the use of a set/reset to registers driving this RAMB pin or else use a synchronous reset in which the assertion of the reset is timed by default.
Related violations: <none>

REQP-1839#4 Warning
RAMB36 async control check  
The RAMB36E1 fpga_mnist_i/mnist_accel_0/inst/mnist_accel_slave_lite_v1_0_S_AXI_inst/top_mnist_fpga_instance/weight_ram1/data_out_reg_0 has an input control pin fpga_mnist_i/mnist_accel_0/inst/mnist_accel_slave_lite_v1_0_S_AXI_inst/top_mnist_fpga_instance/weight_ram1/data_out_reg_0/ADDRARDADDR[13] (net: fpga_mnist_i/mnist_accel_0/inst/mnist_accel_slave_lite_v1_0_S_AXI_inst/top_mnist_fpga_instance/weight_ram1/sel[10]) which is driven by a register (fpga_mnist_i/mnist_accel_0/inst/mnist_accel_slave_lite_v1_0_S_AXI_inst/top_mnist_fpga_instance/u_fsm/weight_bram_addr_reg[10]) that has an active asychronous set or reset. This may cause corruption of the memory contents and/or read values when the set/reset is asserted and is not analyzed by the default static timing analysis. It is suggested to eliminate the use of a set/reset to registers driving this RAMB pin or else use a synchronous reset in which the assertion of the reset is timed by default.
Related violations: <none>

REQP-1839#5 Warning
RAMB36 async control check  
The RAMB36E1 fpga_mnist_i/mnist_accel_0/inst/mnist_accel_slave_lite_v1_0_S_AXI_inst/top_mnist_fpga_instance/weight_ram1/data_out_reg_0 has an input control pin fpga_mnist_i/mnist_accel_0/inst/mnist_accel_slave_lite_v1_0_S_AXI_inst/top_mnist_fpga_instance/weight_ram1/data_out_reg_0/ADDRARDADDR[14] (net: fpga_mnist_i/mnist_accel_0/inst/mnist_accel_slave_lite_v1_0_S_AXI_inst/top_mnist_fpga_instance/weight_ram1/sel[11]) which is driven by a register (fpga_mnist_i/mnist_accel_0/inst/mnist_accel_slave_lite_v1_0_S_AXI_inst/top_mnist_fpga_instance/u_fsm/weight_bram_addr_reg[11]) that has an active asychronous set or reset. This may cause corruption of the memory contents and/or read values when the set/reset is asserted and is not analyzed by the default static timing analysis. It is suggested to eliminate the use of a set/reset to registers driving this RAMB pin or else use a synchronous reset in which the assertion of the reset is timed by default.
Related violations: <none>

REQP-1839#6 Warning
RAMB36 async control check  
The RAMB36E1 fpga_mnist_i/mnist_accel_0/inst/mnist_accel_slave_lite_v1_0_S_AXI_inst/top_mnist_fpga_instance/weight_ram1/data_out_reg_0 has an input control pin fpga_mnist_i/mnist_accel_0/inst/mnist_accel_slave_lite_v1_0_S_AXI_inst/top_mnist_fpga_instance/weight_ram1/data_out_reg_0/ADDRARDADDR[3] (net: fpga_mnist_i/mnist_accel_0/inst/mnist_accel_slave_lite_v1_0_S_AXI_inst/top_mnist_fpga_instance/weight_ram1/sel[0]) which is driven by a register (fpga_mnist_i/mnist_accel_0/inst/mnist_accel_slave_lite_v1_0_S_AXI_inst/top_mnist_fpga_instance/u_fsm/pixel_read_word_addr_reg[0]) that has an active asychronous set or reset. This may cause corruption of the memory contents and/or read values when the set/reset is asserted and is not analyzed by the default static timing analysis. It is suggested to eliminate the use of a set/reset to registers driving this RAMB pin or else use a synchronous reset in which the assertion of the reset is timed by default.
Related violations: <none>

REQP-1839#7 Warning
RAMB36 async control check  
The RAMB36E1 fpga_mnist_i/mnist_accel_0/inst/mnist_accel_slave_lite_v1_0_S_AXI_inst/top_mnist_fpga_instance/weight_ram1/data_out_reg_0 has an input control pin fpga_mnist_i/mnist_accel_0/inst/mnist_accel_slave_lite_v1_0_S_AXI_inst/top_mnist_fpga_instance/weight_ram1/data_out_reg_0/ADDRARDADDR[4] (net: fpga_mnist_i/mnist_accel_0/inst/mnist_accel_slave_lite_v1_0_S_AXI_inst/top_mnist_fpga_instance/weight_ram1/sel[1]) which is driven by a register (fpga_mnist_i/mnist_accel_0/inst/mnist_accel_slave_lite_v1_0_S_AXI_inst/top_mnist_fpga_instance/u_fsm/pixel_read_word_addr_reg[1]) that has an active asychronous set or reset. This may cause corruption of the memory contents and/or read values when the set/reset is asserted and is not analyzed by the default static timing analysis. It is suggested to eliminate the use of a set/reset to registers driving this RAMB pin or else use a synchronous reset in which the assertion of the reset is timed by default.
Related violations: <none>

REQP-1839#8 Warning
RAMB36 async control check  
The RAMB36E1 fpga_mnist_i/mnist_accel_0/inst/mnist_accel_slave_lite_v1_0_S_AXI_inst/top_mnist_fpga_instance/weight_ram1/data_out_reg_0 has an input control pin fpga_mnist_i/mnist_accel_0/inst/mnist_accel_slave_lite_v1_0_S_AXI_inst/top_mnist_fpga_instance/weight_ram1/data_out_reg_0/ADDRARDADDR[5] (net: fpga_mnist_i/mnist_accel_0/inst/mnist_accel_slave_lite_v1_0_S_AXI_inst/top_mnist_fpga_instance/weight_ram1/sel[2]) which is driven by a register (fpga_mnist_i/mnist_accel_0/inst/mnist_accel_slave_lite_v1_0_S_AXI_inst/top_mnist_fpga_instance/u_fsm/pixel_read_word_addr_reg[2]) that has an active asychronous set or reset. This may cause corruption of the memory contents and/or read values when the set/reset is asserted and is not analyzed by the default static timing analysis. It is suggested to eliminate the use of a set/reset to registers driving this RAMB pin or else use a synchronous reset in which the assertion of the reset is timed by default.
Related violations: <none>

REQP-1839#9 Warning
RAMB36 async control check  
The RAMB36E1 fpga_mnist_i/mnist_accel_0/inst/mnist_accel_slave_lite_v1_0_S_AXI_inst/top_mnist_fpga_instance/weight_ram1/data_out_reg_0 has an input control pin fpga_mnist_i/mnist_accel_0/inst/mnist_accel_slave_lite_v1_0_S_AXI_inst/top_mnist_fpga_instance/weight_ram1/data_out_reg_0/ADDRARDADDR[6] (net: fpga_mnist_i/mnist_accel_0/inst/mnist_accel_slave_lite_v1_0_S_AXI_inst/top_mnist_fpga_instance/weight_ram1/sel[3]) which is driven by a register (fpga_mnist_i/mnist_accel_0/inst/mnist_accel_slave_lite_v1_0_S_AXI_inst/top_mnist_fpga_instance/u_fsm/pixel_read_word_addr_reg[3]) that has an active asychronous set or reset. This may cause corruption of the memory contents and/or read values when the set/reset is asserted and is not analyzed by the default static timing analysis. It is suggested to eliminate the use of a set/reset to registers driving this RAMB pin or else use a synchronous reset in which the assertion of the reset is timed by default.
Related violations: <none>

REQP-1839#10 Warning
RAMB36 async control check  
The RAMB36E1 fpga_mnist_i/mnist_accel_0/inst/mnist_accel_slave_lite_v1_0_S_AXI_inst/top_mnist_fpga_instance/weight_ram1/data_out_reg_0 has an input control pin fpga_mnist_i/mnist_accel_0/inst/mnist_accel_slave_lite_v1_0_S_AXI_inst/top_mnist_fpga_instance/weight_ram1/data_out_reg_0/ADDRARDADDR[7] (net: fpga_mnist_i/mnist_accel_0/inst/mnist_accel_slave_lite_v1_0_S_AXI_inst/top_mnist_fpga_instance/weight_ram1/sel[4]) which is driven by a register (fpga_mnist_i/mnist_accel_0/inst/mnist_accel_slave_lite_v1_0_S_AXI_inst/top_mnist_fpga_instance/u_fsm/pixel_read_word_addr_reg[4]) that has an active asychronous set or reset. This may cause corruption of the memory contents and/or read values when the set/reset is asserted and is not analyzed by the default static timing analysis. It is suggested to eliminate the use of a set/reset to registers driving this RAMB pin or else use a synchronous reset in which the assertion of the reset is timed by default.
Related violations: <none>

REQP-1839#11 Warning
RAMB36 async control check  
The RAMB36E1 fpga_mnist_i/mnist_accel_0/inst/mnist_accel_slave_lite_v1_0_S_AXI_inst/top_mnist_fpga_instance/weight_ram1/data_out_reg_0 has an input control pin fpga_mnist_i/mnist_accel_0/inst/mnist_accel_slave_lite_v1_0_S_AXI_inst/top_mnist_fpga_instance/weight_ram1/data_out_reg_0/ADDRARDADDR[8] (net: fpga_mnist_i/mnist_accel_0/inst/mnist_accel_slave_lite_v1_0_S_AXI_inst/top_mnist_fpga_instance/weight_ram1/sel[5]) which is driven by a register (fpga_mnist_i/mnist_accel_0/inst/mnist_accel_slave_lite_v1_0_S_AXI_inst/top_mnist_fpga_instance/u_fsm/weight_bram_addr_reg[5]) that has an active asychronous set or reset. This may cause corruption of the memory contents and/or read values when the set/reset is asserted and is not analyzed by the default static timing analysis. It is suggested to eliminate the use of a set/reset to registers driving this RAMB pin or else use a synchronous reset in which the assertion of the reset is timed by default.
Related violations: <none>

REQP-1839#12 Warning
RAMB36 async control check  
The RAMB36E1 fpga_mnist_i/mnist_accel_0/inst/mnist_accel_slave_lite_v1_0_S_AXI_inst/top_mnist_fpga_instance/weight_ram1/data_out_reg_0 has an input control pin fpga_mnist_i/mnist_accel_0/inst/mnist_accel_slave_lite_v1_0_S_AXI_inst/top_mnist_fpga_instance/weight_ram1/data_out_reg_0/ADDRARDADDR[9] (net: fpga_mnist_i/mnist_accel_0/inst/mnist_accel_slave_lite_v1_0_S_AXI_inst/top_mnist_fpga_instance/weight_ram1/sel[6]) which is driven by a register (fpga_mnist_i/mnist_accel_0/inst/mnist_accel_slave_lite_v1_0_S_AXI_inst/top_mnist_fpga_instance/u_fsm/weight_bram_addr_reg[6]) that has an active asychronous set or reset. This may cause corruption of the memory contents and/or read values when the set/reset is asserted and is not analyzed by the default static timing analysis. It is suggested to eliminate the use of a set/reset to registers driving this RAMB pin or else use a synchronous reset in which the assertion of the reset is timed by default.
Related violations: <none>

REQP-1839#13 Warning
RAMB36 async control check  
The RAMB36E1 fpga_mnist_i/mnist_accel_0/inst/mnist_accel_slave_lite_v1_0_S_AXI_inst/top_mnist_fpga_instance/weight_ram1/data_out_reg_1 has an input control pin fpga_mnist_i/mnist_accel_0/inst/mnist_accel_slave_lite_v1_0_S_AXI_inst/top_mnist_fpga_instance/weight_ram1/data_out_reg_1/ADDRARDADDR[10] (net: fpga_mnist_i/mnist_accel_0/inst/mnist_accel_slave_lite_v1_0_S_AXI_inst/top_mnist_fpga_instance/weight_ram1/sel[7]) which is driven by a register (fpga_mnist_i/mnist_accel_0/inst/mnist_accel_slave_lite_v1_0_S_AXI_inst/top_mnist_fpga_instance/u_fsm/weight_bram_addr_reg[7]) that has an active asychronous set or reset. This may cause corruption of the memory contents and/or read values when the set/reset is asserted and is not analyzed by the default static timing analysis. It is suggested to eliminate the use of a set/reset to registers driving this RAMB pin or else use a synchronous reset in which the assertion of the reset is timed by default.
Related violations: <none>

REQP-1839#14 Warning
RAMB36 async control check  
The RAMB36E1 fpga_mnist_i/mnist_accel_0/inst/mnist_accel_slave_lite_v1_0_S_AXI_inst/top_mnist_fpga_instance/weight_ram1/data_out_reg_1 has an input control pin fpga_mnist_i/mnist_accel_0/inst/mnist_accel_slave_lite_v1_0_S_AXI_inst/top_mnist_fpga_instance/weight_ram1/data_out_reg_1/ADDRARDADDR[11] (net: fpga_mnist_i/mnist_accel_0/inst/mnist_accel_slave_lite_v1_0_S_AXI_inst/top_mnist_fpga_instance/weight_ram1/sel[8]) which is driven by a register (fpga_mnist_i/mnist_accel_0/inst/mnist_accel_slave_lite_v1_0_S_AXI_inst/top_mnist_fpga_instance/u_fsm/weight_bram_addr_reg[8]) that has an active asychronous set or reset. This may cause corruption of the memory contents and/or read values when the set/reset is asserted and is not analyzed by the default static timing analysis. It is suggested to eliminate the use of a set/reset to registers driving this RAMB pin or else use a synchronous reset in which the assertion of the reset is timed by default.
Related violations: <none>

REQP-1839#15 Warning
RAMB36 async control check  
The RAMB36E1 fpga_mnist_i/mnist_accel_0/inst/mnist_accel_slave_lite_v1_0_S_AXI_inst/top_mnist_fpga_instance/weight_ram1/data_out_reg_1 has an input control pin fpga_mnist_i/mnist_accel_0/inst/mnist_accel_slave_lite_v1_0_S_AXI_inst/top_mnist_fpga_instance/weight_ram1/data_out_reg_1/ADDRARDADDR[12] (net: fpga_mnist_i/mnist_accel_0/inst/mnist_accel_slave_lite_v1_0_S_AXI_inst/top_mnist_fpga_instance/weight_ram1/sel[9]) which is driven by a register (fpga_mnist_i/mnist_accel_0/inst/mnist_accel_slave_lite_v1_0_S_AXI_inst/top_mnist_fpga_instance/u_fsm/weight_bram_addr_reg[9]) that has an active asychronous set or reset. This may cause corruption of the memory contents and/or read values when the set/reset is asserted and is not analyzed by the default static timing analysis. It is suggested to eliminate the use of a set/reset to registers driving this RAMB pin or else use a synchronous reset in which the assertion of the reset is timed by default.
Related violations: <none>

REQP-1839#16 Warning
RAMB36 async control check  
The RAMB36E1 fpga_mnist_i/mnist_accel_0/inst/mnist_accel_slave_lite_v1_0_S_AXI_inst/top_mnist_fpga_instance/weight_ram1/data_out_reg_1 has an input control pin fpga_mnist_i/mnist_accel_0/inst/mnist_accel_slave_lite_v1_0_S_AXI_inst/top_mnist_fpga_instance/weight_ram1/data_out_reg_1/ADDRARDADDR[13] (net: fpga_mnist_i/mnist_accel_0/inst/mnist_accel_slave_lite_v1_0_S_AXI_inst/top_mnist_fpga_instance/weight_ram1/sel[10]) which is driven by a register (fpga_mnist_i/mnist_accel_0/inst/mnist_accel_slave_lite_v1_0_S_AXI_inst/top_mnist_fpga_instance/u_fsm/weight_bram_addr_reg[10]) that has an active asychronous set or reset. This may cause corruption of the memory contents and/or read values when the set/reset is asserted and is not analyzed by the default static timing analysis. It is suggested to eliminate the use of a set/reset to registers driving this RAMB pin or else use a synchronous reset in which the assertion of the reset is timed by default.
Related violations: <none>

REQP-1839#17 Warning
RAMB36 async control check  
The RAMB36E1 fpga_mnist_i/mnist_accel_0/inst/mnist_accel_slave_lite_v1_0_S_AXI_inst/top_mnist_fpga_instance/weight_ram1/data_out_reg_1 has an input control pin fpga_mnist_i/mnist_accel_0/inst/mnist_accel_slave_lite_v1_0_S_AXI_inst/top_mnist_fpga_instance/weight_ram1/data_out_reg_1/ADDRARDADDR[14] (net: fpga_mnist_i/mnist_accel_0/inst/mnist_accel_slave_lite_v1_0_S_AXI_inst/top_mnist_fpga_instance/weight_ram1/sel[11]) which is driven by a register (fpga_mnist_i/mnist_accel_0/inst/mnist_accel_slave_lite_v1_0_S_AXI_inst/top_mnist_fpga_instance/u_fsm/weight_bram_addr_reg[11]) that has an active asychronous set or reset. This may cause corruption of the memory contents and/or read values when the set/reset is asserted and is not analyzed by the default static timing analysis. It is suggested to eliminate the use of a set/reset to registers driving this RAMB pin or else use a synchronous reset in which the assertion of the reset is timed by default.
Related violations: <none>

REQP-1839#18 Warning
RAMB36 async control check  
The RAMB36E1 fpga_mnist_i/mnist_accel_0/inst/mnist_accel_slave_lite_v1_0_S_AXI_inst/top_mnist_fpga_instance/weight_ram1/data_out_reg_1 has an input control pin fpga_mnist_i/mnist_accel_0/inst/mnist_accel_slave_lite_v1_0_S_AXI_inst/top_mnist_fpga_instance/weight_ram1/data_out_reg_1/ADDRARDADDR[7] (net: fpga_mnist_i/mnist_accel_0/inst/mnist_accel_slave_lite_v1_0_S_AXI_inst/top_mnist_fpga_instance/weight_ram1/sel[4]) which is driven by a register (fpga_mnist_i/mnist_accel_0/inst/mnist_accel_slave_lite_v1_0_S_AXI_inst/top_mnist_fpga_instance/u_fsm/pixel_read_word_addr_reg[4]) that has an active asychronous set or reset. This may cause corruption of the memory contents and/or read values when the set/reset is asserted and is not analyzed by the default static timing analysis. It is suggested to eliminate the use of a set/reset to registers driving this RAMB pin or else use a synchronous reset in which the assertion of the reset is timed by default.
Related violations: <none>

REQP-1839#19 Warning
RAMB36 async control check  
The RAMB36E1 fpga_mnist_i/mnist_accel_0/inst/mnist_accel_slave_lite_v1_0_S_AXI_inst/top_mnist_fpga_instance/weight_ram1/data_out_reg_1 has an input control pin fpga_mnist_i/mnist_accel_0/inst/mnist_accel_slave_lite_v1_0_S_AXI_inst/top_mnist_fpga_instance/weight_ram1/data_out_reg_1/ADDRARDADDR[8] (net: fpga_mnist_i/mnist_accel_0/inst/mnist_accel_slave_lite_v1_0_S_AXI_inst/top_mnist_fpga_instance/weight_ram1/sel[5]) which is driven by a register (fpga_mnist_i/mnist_accel_0/inst/mnist_accel_slave_lite_v1_0_S_AXI_inst/top_mnist_fpga_instance/u_fsm/weight_bram_addr_reg[5]) that has an active asychronous set or reset. This may cause corruption of the memory contents and/or read values when the set/reset is asserted and is not analyzed by the default static timing analysis. It is suggested to eliminate the use of a set/reset to registers driving this RAMB pin or else use a synchronous reset in which the assertion of the reset is timed by default.
Related violations: <none>

REQP-1839#20 Warning
RAMB36 async control check  
The RAMB36E1 fpga_mnist_i/mnist_accel_0/inst/mnist_accel_slave_lite_v1_0_S_AXI_inst/top_mnist_fpga_instance/weight_ram1/data_out_reg_1 has an input control pin fpga_mnist_i/mnist_accel_0/inst/mnist_accel_slave_lite_v1_0_S_AXI_inst/top_mnist_fpga_instance/weight_ram1/data_out_reg_1/ADDRARDADDR[9] (net: fpga_mnist_i/mnist_accel_0/inst/mnist_accel_slave_lite_v1_0_S_AXI_inst/top_mnist_fpga_instance/weight_ram1/sel[6]) which is driven by a register (fpga_mnist_i/mnist_accel_0/inst/mnist_accel_slave_lite_v1_0_S_AXI_inst/top_mnist_fpga_instance/u_fsm/weight_bram_addr_reg[6]) that has an active asychronous set or reset. This may cause corruption of the memory contents and/or read values when the set/reset is asserted and is not analyzed by the default static timing analysis. It is suggested to eliminate the use of a set/reset to registers driving this RAMB pin or else use a synchronous reset in which the assertion of the reset is timed by default.
Related violations: <none>

REQP-1840#1 Warning
RAMB18 async control check  
The RAMB18E1 fpga_mnist_i/mnist_accel_0/inst/mnist_accel_slave_lite_v1_0_S_AXI_inst/top_mnist_fpga_instance/u_pixel_buf/mem_reg_1 has an input control pin fpga_mnist_i/mnist_accel_0/inst/mnist_accel_slave_lite_v1_0_S_AXI_inst/top_mnist_fpga_instance/u_pixel_buf/mem_reg_1/ADDRBWRADDR[10] (net: fpga_mnist_i/mnist_accel_0/inst/mnist_accel_slave_lite_v1_0_S_AXI_inst/top_mnist_fpga_instance/u_pixel_buf/ADDRBWRADDR[4]) which is driven by a register (fpga_mnist_i/mnist_accel_0/inst/mnist_accel_slave_lite_v1_0_S_AXI_inst/top_mnist_fpga_instance/u_fsm/pixel_read_word_addr_reg[4]) that has an active asychronous set or reset. This may cause corruption of the memory contents and/or read values when the set/reset is asserted and is not analyzed by the default static timing analysis. It is suggested to eliminate the use of a set/reset to registers driving this RAMB pin or else use a synchronous reset in which the assertion of the reset is timed by default.
Related violations: <none>

REQP-1840#2 Warning
RAMB18 async control check  
The RAMB18E1 fpga_mnist_i/mnist_accel_0/inst/mnist_accel_slave_lite_v1_0_S_AXI_inst/top_mnist_fpga_instance/u_pixel_buf/mem_reg_1 has an input control pin fpga_mnist_i/mnist_accel_0/inst/mnist_accel_slave_lite_v1_0_S_AXI_inst/top_mnist_fpga_instance/u_pixel_buf/mem_reg_1/ADDRBWRADDR[11] (net: fpga_mnist_i/mnist_accel_0/inst/mnist_accel_slave_lite_v1_0_S_AXI_inst/top_mnist_fpga_instance/u_pixel_buf/ADDRBWRADDR[5]) which is driven by a register (fpga_mnist_i/mnist_accel_0/inst/mnist_accel_slave_lite_v1_0_S_AXI_inst/top_mnist_fpga_instance/u_fsm/pixel_read_word_addr_reg[5]) that has an active asychronous set or reset. This may cause corruption of the memory contents and/or read values when the set/reset is asserted and is not analyzed by the default static timing analysis. It is suggested to eliminate the use of a set/reset to registers driving this RAMB pin or else use a synchronous reset in which the assertion of the reset is timed by default.
Related violations: <none>

REQP-1840#3 Warning
RAMB18 async control check  
The RAMB18E1 fpga_mnist_i/mnist_accel_0/inst/mnist_accel_slave_lite_v1_0_S_AXI_inst/top_mnist_fpga_instance/u_pixel_buf/mem_reg_1 has an input control pin fpga_mnist_i/mnist_accel_0/inst/mnist_accel_slave_lite_v1_0_S_AXI_inst/top_mnist_fpga_instance/u_pixel_buf/mem_reg_1/ADDRBWRADDR[6] (net: fpga_mnist_i/mnist_accel_0/inst/mnist_accel_slave_lite_v1_0_S_AXI_inst/top_mnist_fpga_instance/u_pixel_buf/ADDRBWRADDR[0]) which is driven by a register (fpga_mnist_i/mnist_accel_0/inst/mnist_accel_slave_lite_v1_0_S_AXI_inst/top_mnist_fpga_instance/u_fsm/pixel_read_word_addr_reg[0]) that has an active asychronous set or reset. This may cause corruption of the memory contents and/or read values when the set/reset is asserted and is not analyzed by the default static timing analysis. It is suggested to eliminate the use of a set/reset to registers driving this RAMB pin or else use a synchronous reset in which the assertion of the reset is timed by default.
Related violations: <none>

REQP-1840#4 Warning
RAMB18 async control check  
The RAMB18E1 fpga_mnist_i/mnist_accel_0/inst/mnist_accel_slave_lite_v1_0_S_AXI_inst/top_mnist_fpga_instance/u_pixel_buf/mem_reg_1 has an input control pin fpga_mnist_i/mnist_accel_0/inst/mnist_accel_slave_lite_v1_0_S_AXI_inst/top_mnist_fpga_instance/u_pixel_buf/mem_reg_1/ADDRBWRADDR[7] (net: fpga_mnist_i/mnist_accel_0/inst/mnist_accel_slave_lite_v1_0_S_AXI_inst/top_mnist_fpga_instance/u_pixel_buf/ADDRBWRADDR[1]) which is driven by a register (fpga_mnist_i/mnist_accel_0/inst/mnist_accel_slave_lite_v1_0_S_AXI_inst/top_mnist_fpga_instance/u_fsm/pixel_read_word_addr_reg[1]) that has an active asychronous set or reset. This may cause corruption of the memory contents and/or read values when the set/reset is asserted and is not analyzed by the default static timing analysis. It is suggested to eliminate the use of a set/reset to registers driving this RAMB pin or else use a synchronous reset in which the assertion of the reset is timed by default.
Related violations: <none>

REQP-1840#5 Warning
RAMB18 async control check  
The RAMB18E1 fpga_mnist_i/mnist_accel_0/inst/mnist_accel_slave_lite_v1_0_S_AXI_inst/top_mnist_fpga_instance/u_pixel_buf/mem_reg_1 has an input control pin fpga_mnist_i/mnist_accel_0/inst/mnist_accel_slave_lite_v1_0_S_AXI_inst/top_mnist_fpga_instance/u_pixel_buf/mem_reg_1/ADDRBWRADDR[8] (net: fpga_mnist_i/mnist_accel_0/inst/mnist_accel_slave_lite_v1_0_S_AXI_inst/top_mnist_fpga_instance/u_pixel_buf/ADDRBWRADDR[2]) which is driven by a register (fpga_mnist_i/mnist_accel_0/inst/mnist_accel_slave_lite_v1_0_S_AXI_inst/top_mnist_fpga_instance/u_fsm/pixel_read_word_addr_reg[2]) that has an active asychronous set or reset. This may cause corruption of the memory contents and/or read values when the set/reset is asserted and is not analyzed by the default static timing analysis. It is suggested to eliminate the use of a set/reset to registers driving this RAMB pin or else use a synchronous reset in which the assertion of the reset is timed by default.
Related violations: <none>

REQP-1840#6 Warning
RAMB18 async control check  
The RAMB18E1 fpga_mnist_i/mnist_accel_0/inst/mnist_accel_slave_lite_v1_0_S_AXI_inst/top_mnist_fpga_instance/u_pixel_buf/mem_reg_1 has an input control pin fpga_mnist_i/mnist_accel_0/inst/mnist_accel_slave_lite_v1_0_S_AXI_inst/top_mnist_fpga_instance/u_pixel_buf/mem_reg_1/ADDRBWRADDR[9] (net: fpga_mnist_i/mnist_accel_0/inst/mnist_accel_slave_lite_v1_0_S_AXI_inst/top_mnist_fpga_instance/u_pixel_buf/ADDRBWRADDR[3]) which is driven by a register (fpga_mnist_i/mnist_accel_0/inst/mnist_accel_slave_lite_v1_0_S_AXI_inst/top_mnist_fpga_instance/u_fsm/pixel_read_word_addr_reg[3]) that has an active asychronous set or reset. This may cause corruption of the memory contents and/or read values when the set/reset is asserted and is not analyzed by the default static timing analysis. It is suggested to eliminate the use of a set/reset to registers driving this RAMB pin or else use a synchronous reset in which the assertion of the reset is timed by default.
Related violations: <none>

REQP-1840#7 Warning
RAMB18 async control check  
The RAMB18E1 fpga_mnist_i/mnist_accel_0/inst/mnist_accel_slave_lite_v1_0_S_AXI_inst/top_mnist_fpga_instance/u_pixel_buf/mem_reg_2 has an input control pin fpga_mnist_i/mnist_accel_0/inst/mnist_accel_slave_lite_v1_0_S_AXI_inst/top_mnist_fpga_instance/u_pixel_buf/mem_reg_2/ADDRBWRADDR[10] (net: fpga_mnist_i/mnist_accel_0/inst/mnist_accel_slave_lite_v1_0_S_AXI_inst/top_mnist_fpga_instance/u_pixel_buf/ADDRBWRADDR[4]) which is driven by a register (fpga_mnist_i/mnist_accel_0/inst/mnist_accel_slave_lite_v1_0_S_AXI_inst/top_mnist_fpga_instance/u_fsm/pixel_read_word_addr_reg[4]) that has an active asychronous set or reset. This may cause corruption of the memory contents and/or read values when the set/reset is asserted and is not analyzed by the default static timing analysis. It is suggested to eliminate the use of a set/reset to registers driving this RAMB pin or else use a synchronous reset in which the assertion of the reset is timed by default.
Related violations: <none>

REQP-1840#8 Warning
RAMB18 async control check  
The RAMB18E1 fpga_mnist_i/mnist_accel_0/inst/mnist_accel_slave_lite_v1_0_S_AXI_inst/top_mnist_fpga_instance/u_pixel_buf/mem_reg_2 has an input control pin fpga_mnist_i/mnist_accel_0/inst/mnist_accel_slave_lite_v1_0_S_AXI_inst/top_mnist_fpga_instance/u_pixel_buf/mem_reg_2/ADDRBWRADDR[11] (net: fpga_mnist_i/mnist_accel_0/inst/mnist_accel_slave_lite_v1_0_S_AXI_inst/top_mnist_fpga_instance/u_pixel_buf/ADDRBWRADDR[5]) which is driven by a register (fpga_mnist_i/mnist_accel_0/inst/mnist_accel_slave_lite_v1_0_S_AXI_inst/top_mnist_fpga_instance/u_fsm/pixel_read_word_addr_reg[5]) that has an active asychronous set or reset. This may cause corruption of the memory contents and/or read values when the set/reset is asserted and is not analyzed by the default static timing analysis. It is suggested to eliminate the use of a set/reset to registers driving this RAMB pin or else use a synchronous reset in which the assertion of the reset is timed by default.
Related violations: <none>

REQP-1840#9 Warning
RAMB18 async control check  
The RAMB18E1 fpga_mnist_i/mnist_accel_0/inst/mnist_accel_slave_lite_v1_0_S_AXI_inst/top_mnist_fpga_instance/u_pixel_buf/mem_reg_2 has an input control pin fpga_mnist_i/mnist_accel_0/inst/mnist_accel_slave_lite_v1_0_S_AXI_inst/top_mnist_fpga_instance/u_pixel_buf/mem_reg_2/ADDRBWRADDR[6] (net: fpga_mnist_i/mnist_accel_0/inst/mnist_accel_slave_lite_v1_0_S_AXI_inst/top_mnist_fpga_instance/u_pixel_buf/ADDRBWRADDR[0]) which is driven by a register (fpga_mnist_i/mnist_accel_0/inst/mnist_accel_slave_lite_v1_0_S_AXI_inst/top_mnist_fpga_instance/u_fsm/pixel_read_word_addr_reg[0]) that has an active asychronous set or reset. This may cause corruption of the memory contents and/or read values when the set/reset is asserted and is not analyzed by the default static timing analysis. It is suggested to eliminate the use of a set/reset to registers driving this RAMB pin or else use a synchronous reset in which the assertion of the reset is timed by default.
Related violations: <none>

REQP-1840#10 Warning
RAMB18 async control check  
The RAMB18E1 fpga_mnist_i/mnist_accel_0/inst/mnist_accel_slave_lite_v1_0_S_AXI_inst/top_mnist_fpga_instance/u_pixel_buf/mem_reg_2 has an input control pin fpga_mnist_i/mnist_accel_0/inst/mnist_accel_slave_lite_v1_0_S_AXI_inst/top_mnist_fpga_instance/u_pixel_buf/mem_reg_2/ADDRBWRADDR[7] (net: fpga_mnist_i/mnist_accel_0/inst/mnist_accel_slave_lite_v1_0_S_AXI_inst/top_mnist_fpga_instance/u_pixel_buf/ADDRBWRADDR[1]) which is driven by a register (fpga_mnist_i/mnist_accel_0/inst/mnist_accel_slave_lite_v1_0_S_AXI_inst/top_mnist_fpga_instance/u_fsm/pixel_read_word_addr_reg[1]) that has an active asychronous set or reset. This may cause corruption of the memory contents and/or read values when the set/reset is asserted and is not analyzed by the default static timing analysis. It is suggested to eliminate the use of a set/reset to registers driving this RAMB pin or else use a synchronous reset in which the assertion of the reset is timed by default.
Related violations: <none>

REQP-1840#11 Warning
RAMB18 async control check  
The RAMB18E1 fpga_mnist_i/mnist_accel_0/inst/mnist_accel_slave_lite_v1_0_S_AXI_inst/top_mnist_fpga_instance/u_pixel_buf/mem_reg_2 has an input control pin fpga_mnist_i/mnist_accel_0/inst/mnist_accel_slave_lite_v1_0_S_AXI_inst/top_mnist_fpga_instance/u_pixel_buf/mem_reg_2/ADDRBWRADDR[8] (net: fpga_mnist_i/mnist_accel_0/inst/mnist_accel_slave_lite_v1_0_S_AXI_inst/top_mnist_fpga_instance/u_pixel_buf/ADDRBWRADDR[2]) which is driven by a register (fpga_mnist_i/mnist_accel_0/inst/mnist_accel_slave_lite_v1_0_S_AXI_inst/top_mnist_fpga_instance/u_fsm/pixel_read_word_addr_reg[2]) that has an active asychronous set or reset. This may cause corruption of the memory contents and/or read values when the set/reset is asserted and is not analyzed by the default static timing analysis. It is suggested to eliminate the use of a set/reset to registers driving this RAMB pin or else use a synchronous reset in which the assertion of the reset is timed by default.
Related violations: <none>

REQP-1840#12 Warning
RAMB18 async control check  
The RAMB18E1 fpga_mnist_i/mnist_accel_0/inst/mnist_accel_slave_lite_v1_0_S_AXI_inst/top_mnist_fpga_instance/u_pixel_buf/mem_reg_2 has an input control pin fpga_mnist_i/mnist_accel_0/inst/mnist_accel_slave_lite_v1_0_S_AXI_inst/top_mnist_fpga_instance/u_pixel_buf/mem_reg_2/ADDRBWRADDR[9] (net: fpga_mnist_i/mnist_accel_0/inst/mnist_accel_slave_lite_v1_0_S_AXI_inst/top_mnist_fpga_instance/u_pixel_buf/ADDRBWRADDR[3]) which is driven by a register (fpga_mnist_i/mnist_accel_0/inst/mnist_accel_slave_lite_v1_0_S_AXI_inst/top_mnist_fpga_instance/u_fsm/pixel_read_word_addr_reg[3]) that has an active asychronous set or reset. This may cause corruption of the memory contents and/or read values when the set/reset is asserted and is not analyzed by the default static timing analysis. It is suggested to eliminate the use of a set/reset to registers driving this RAMB pin or else use a synchronous reset in which the assertion of the reset is timed by default.
Related violations: <none>

REQP-1840#13 Warning
RAMB18 async control check  
The RAMB18E1 fpga_mnist_i/mnist_accel_0/inst/mnist_accel_slave_lite_v1_0_S_AXI_inst/top_mnist_fpga_instance/u_pixel_buf/mem_reg_3 has an input control pin fpga_mnist_i/mnist_accel_0/inst/mnist_accel_slave_lite_v1_0_S_AXI_inst/top_mnist_fpga_instance/u_pixel_buf/mem_reg_3/ADDRBWRADDR[10] (net: fpga_mnist_i/mnist_accel_0/inst/mnist_accel_slave_lite_v1_0_S_AXI_inst/top_mnist_fpga_instance/u_pixel_buf/ADDRBWRADDR[4]) which is driven by a register (fpga_mnist_i/mnist_accel_0/inst/mnist_accel_slave_lite_v1_0_S_AXI_inst/top_mnist_fpga_instance/u_fsm/pixel_read_word_addr_reg[4]) that has an active asychronous set or reset. This may cause corruption of the memory contents and/or read values when the set/reset is asserted and is not analyzed by the default static timing analysis. It is suggested to eliminate the use of a set/reset to registers driving this RAMB pin or else use a synchronous reset in which the assertion of the reset is timed by default.
Related violations: <none>

REQP-1840#14 Warning
RAMB18 async control check  
The RAMB18E1 fpga_mnist_i/mnist_accel_0/inst/mnist_accel_slave_lite_v1_0_S_AXI_inst/top_mnist_fpga_instance/u_pixel_buf/mem_reg_3 has an input control pin fpga_mnist_i/mnist_accel_0/inst/mnist_accel_slave_lite_v1_0_S_AXI_inst/top_mnist_fpga_instance/u_pixel_buf/mem_reg_3/ADDRBWRADDR[11] (net: fpga_mnist_i/mnist_accel_0/inst/mnist_accel_slave_lite_v1_0_S_AXI_inst/top_mnist_fpga_instance/u_pixel_buf/ADDRBWRADDR[5]) which is driven by a register (fpga_mnist_i/mnist_accel_0/inst/mnist_accel_slave_lite_v1_0_S_AXI_inst/top_mnist_fpga_instance/u_fsm/pixel_read_word_addr_reg[5]) that has an active asychronous set or reset. This may cause corruption of the memory contents and/or read values when the set/reset is asserted and is not analyzed by the default static timing analysis. It is suggested to eliminate the use of a set/reset to registers driving this RAMB pin or else use a synchronous reset in which the assertion of the reset is timed by default.
Related violations: <none>

REQP-1840#15 Warning
RAMB18 async control check  
The RAMB18E1 fpga_mnist_i/mnist_accel_0/inst/mnist_accel_slave_lite_v1_0_S_AXI_inst/top_mnist_fpga_instance/u_pixel_buf/mem_reg_3 has an input control pin fpga_mnist_i/mnist_accel_0/inst/mnist_accel_slave_lite_v1_0_S_AXI_inst/top_mnist_fpga_instance/u_pixel_buf/mem_reg_3/ADDRBWRADDR[6] (net: fpga_mnist_i/mnist_accel_0/inst/mnist_accel_slave_lite_v1_0_S_AXI_inst/top_mnist_fpga_instance/u_pixel_buf/ADDRBWRADDR[0]) which is driven by a register (fpga_mnist_i/mnist_accel_0/inst/mnist_accel_slave_lite_v1_0_S_AXI_inst/top_mnist_fpga_instance/u_fsm/pixel_read_word_addr_reg[0]) that has an active asychronous set or reset. This may cause corruption of the memory contents and/or read values when the set/reset is asserted and is not analyzed by the default static timing analysis. It is suggested to eliminate the use of a set/reset to registers driving this RAMB pin or else use a synchronous reset in which the assertion of the reset is timed by default.
Related violations: <none>

REQP-1840#16 Warning
RAMB18 async control check  
The RAMB18E1 fpga_mnist_i/mnist_accel_0/inst/mnist_accel_slave_lite_v1_0_S_AXI_inst/top_mnist_fpga_instance/u_pixel_buf/mem_reg_3 has an input control pin fpga_mnist_i/mnist_accel_0/inst/mnist_accel_slave_lite_v1_0_S_AXI_inst/top_mnist_fpga_instance/u_pixel_buf/mem_reg_3/ADDRBWRADDR[7] (net: fpga_mnist_i/mnist_accel_0/inst/mnist_accel_slave_lite_v1_0_S_AXI_inst/top_mnist_fpga_instance/u_pixel_buf/ADDRBWRADDR[1]) which is driven by a register (fpga_mnist_i/mnist_accel_0/inst/mnist_accel_slave_lite_v1_0_S_AXI_inst/top_mnist_fpga_instance/u_fsm/pixel_read_word_addr_reg[1]) that has an active asychronous set or reset. This may cause corruption of the memory contents and/or read values when the set/reset is asserted and is not analyzed by the default static timing analysis. It is suggested to eliminate the use of a set/reset to registers driving this RAMB pin or else use a synchronous reset in which the assertion of the reset is timed by default.
Related violations: <none>

REQP-1840#17 Warning
RAMB18 async control check  
The RAMB18E1 fpga_mnist_i/mnist_accel_0/inst/mnist_accel_slave_lite_v1_0_S_AXI_inst/top_mnist_fpga_instance/u_pixel_buf/mem_reg_3 has an input control pin fpga_mnist_i/mnist_accel_0/inst/mnist_accel_slave_lite_v1_0_S_AXI_inst/top_mnist_fpga_instance/u_pixel_buf/mem_reg_3/ADDRBWRADDR[8] (net: fpga_mnist_i/mnist_accel_0/inst/mnist_accel_slave_lite_v1_0_S_AXI_inst/top_mnist_fpga_instance/u_pixel_buf/ADDRBWRADDR[2]) which is driven by a register (fpga_mnist_i/mnist_accel_0/inst/mnist_accel_slave_lite_v1_0_S_AXI_inst/top_mnist_fpga_instance/u_fsm/pixel_read_word_addr_reg[2]) that has an active asychronous set or reset. This may cause corruption of the memory contents and/or read values when the set/reset is asserted and is not analyzed by the default static timing analysis. It is suggested to eliminate the use of a set/reset to registers driving this RAMB pin or else use a synchronous reset in which the assertion of the reset is timed by default.
Related violations: <none>

REQP-1840#18 Warning
RAMB18 async control check  
The RAMB18E1 fpga_mnist_i/mnist_accel_0/inst/mnist_accel_slave_lite_v1_0_S_AXI_inst/top_mnist_fpga_instance/u_pixel_buf/mem_reg_3 has an input control pin fpga_mnist_i/mnist_accel_0/inst/mnist_accel_slave_lite_v1_0_S_AXI_inst/top_mnist_fpga_instance/u_pixel_buf/mem_reg_3/ADDRBWRADDR[9] (net: fpga_mnist_i/mnist_accel_0/inst/mnist_accel_slave_lite_v1_0_S_AXI_inst/top_mnist_fpga_instance/u_pixel_buf/ADDRBWRADDR[3]) which is driven by a register (fpga_mnist_i/mnist_accel_0/inst/mnist_accel_slave_lite_v1_0_S_AXI_inst/top_mnist_fpga_instance/u_fsm/pixel_read_word_addr_reg[3]) that has an active asychronous set or reset. This may cause corruption of the memory contents and/or read values when the set/reset is asserted and is not analyzed by the default static timing analysis. It is suggested to eliminate the use of a set/reset to registers driving this RAMB pin or else use a synchronous reset in which the assertion of the reset is timed by default.
Related violations: <none>

REQP-1840#19 Warning
RAMB18 async control check  
The RAMB18E1 fpga_mnist_i/mnist_accel_0/inst/mnist_accel_slave_lite_v1_0_S_AXI_inst/top_mnist_fpga_instance/u_pixel_buf/mem_reg_4 has an input control pin fpga_mnist_i/mnist_accel_0/inst/mnist_accel_slave_lite_v1_0_S_AXI_inst/top_mnist_fpga_instance/u_pixel_buf/mem_reg_4/ADDRBWRADDR[10] (net: fpga_mnist_i/mnist_accel_0/inst/mnist_accel_slave_lite_v1_0_S_AXI_inst/top_mnist_fpga_instance/u_pixel_buf/ADDRBWRADDR[4]) which is driven by a register (fpga_mnist_i/mnist_accel_0/inst/mnist_accel_slave_lite_v1_0_S_AXI_inst/top_mnist_fpga_instance/u_fsm/pixel_read_word_addr_reg[4]) that has an active asychronous set or reset. This may cause corruption of the memory contents and/or read values when the set/reset is asserted and is not analyzed by the default static timing analysis. It is suggested to eliminate the use of a set/reset to registers driving this RAMB pin or else use a synchronous reset in which the assertion of the reset is timed by default.
Related violations: <none>

REQP-1840#20 Warning
RAMB18 async control check  
The RAMB18E1 fpga_mnist_i/mnist_accel_0/inst/mnist_accel_slave_lite_v1_0_S_AXI_inst/top_mnist_fpga_instance/u_pixel_buf/mem_reg_4 has an input control pin fpga_mnist_i/mnist_accel_0/inst/mnist_accel_slave_lite_v1_0_S_AXI_inst/top_mnist_fpga_instance/u_pixel_buf/mem_reg_4/ADDRBWRADDR[11] (net: fpga_mnist_i/mnist_accel_0/inst/mnist_accel_slave_lite_v1_0_S_AXI_inst/top_mnist_fpga_instance/u_pixel_buf/ADDRBWRADDR[5]) which is driven by a register (fpga_mnist_i/mnist_accel_0/inst/mnist_accel_slave_lite_v1_0_S_AXI_inst/top_mnist_fpga_instance/u_fsm/pixel_read_word_addr_reg[5]) that has an active asychronous set or reset. This may cause corruption of the memory contents and/or read values when the set/reset is asserted and is not analyzed by the default static timing analysis. It is suggested to eliminate the use of a set/reset to registers driving this RAMB pin or else use a synchronous reset in which the assertion of the reset is timed by default.
Related violations: <none>


