
*** Running vivado
    with args -log fpga_mnist_wrapper.vds -m64 -product Vivado -mode batch -messageDb vivado.pb -notrace -source fpga_mnist_wrapper.tcl



****** Vivado v2024.2 (64-bit)
  **** SW Build 5239630 on Fri Nov 08 22:35:27 MST 2024
  **** IP Build 5239520 on Sun Nov 10 16:12:51 MST 2024
  **** SharedData Build 5239561 on Fri Nov 08 14:39:27 MST 2024
  **** Start of session at: Fri Jan 30 12:27:14 2026
    ** Copyright 1986-2022 Xilinx, Inc. All Rights Reserved.
    ** Copyright 2022-2024 Advanced Micro Devices, Inc. All Rights Reserved.

source fpga_mnist_wrapper.tcl -notrace
INFO: [IP_Flow 19-234] Refreshing IP repositories
INFO: [IP_Flow 19-1700] Loaded user IP repository 'c:/vitis_mnist/ip_repo/mnist_accel_1_0'.
WARNING: [IP_Flow 19-2207] Repository 'c:/vitis_mnist/ip_repo/mnist_accel_1_0' already exists; ignoring attempt to add it again.
INFO: [IP_Flow 19-1700] Loaded user IP repository 'c:/vitis_mnist/ip_repo/mnist_accel_1_0'.
WARNING: [IP_Flow 19-2248] Failed to load user IP repository 'c:/vitis_mnist/mnist_fpga/mnist_fpga.ip_user_files/bd/fpga_mnist/ip/fpga_mnist_mnist_accel_0_0'; Can't find the specified path.
If this directory should no longer be in your list of user repositories, go to the IP Settings dialog and remove it.
INFO: [IP_Flow 19-2313] Loaded Vivado IP repository 'C:/Xilinx/Vivado/2024.2/data/ip'.
add_files: Time (s): cpu = 00:00:07 ; elapsed = 00:00:11 . Memory (MB): peak = 458.160 ; gain = 86.867
Command: read_checkpoint -auto_incremental -incremental C:/vitis_mnist/clean_build/clean_build.srcs/utils_1/imports/synth_1/fpga_mnist_wrapper.dcp
INFO: [Vivado 12-5825] Read reference checkpoint from C:/vitis_mnist/clean_build/clean_build.srcs/utils_1/imports/synth_1/fpga_mnist_wrapper.dcp for incremental synthesis
INFO: [Vivado 12-7989] Please ensure there are no constraint changes
Command: synth_design -top fpga_mnist_wrapper -part xc7a35tcpg236-1
Starting synth_design
Attempting to get a license for feature 'Synthesis' and/or device 'xc7a35t'
INFO: [Common 17-349] Got license for feature 'Synthesis' and/or device 'xc7a35t'
INFO: [Device 21-403] Loading part xc7a35tcpg236-1
INFO: [Designutils 20-5440] No compile time benefit to using incremental synthesis; A full resynthesis will be run
INFO: [Designutils 20-4379] Flow is switching to default flow due to incremental criteria not met. If you would like to alter this behaviour and have the flow terminate instead, please set the following parameter config_implementation {autoIncr.Synth.RejectBehavior Terminate}
INFO: [Synth 8-7079] Multithreading enabled for synth_design using a maximum of 2 processes.
INFO: [Synth 8-7078] Launching helper process for spawning children vivado processes
INFO: [Synth 8-7075] Helper process launched with PID 80152
---------------------------------------------------------------------------------
Starting RTL Elaboration : Time (s): cpu = 00:00:06 ; elapsed = 00:00:07 . Memory (MB): peak = 1119.320 ; gain = 467.398
---------------------------------------------------------------------------------
INFO: [Synth 8-6157] synthesizing module 'fpga_mnist_wrapper' [C:/vitis_mnist/mnist_fpga/mnist_fpga.gen/sources_1/bd/fpga_mnist/hdl/fpga_mnist_wrapper.v:13]
INFO: [Synth 8-6157] synthesizing module 'fpga_mnist' [c:/vitis_mnist/mnist_fpga/mnist_fpga.gen/sources_1/bd/fpga_mnist/synth/fpga_mnist.v:13]
INFO: [Synth 8-6157] synthesizing module 'fpga_mnist_axi_bram_ctrl_0_0' [C:/vitis_mnist/clean_build/clean_build.runs/synth_1/.Xil/Vivado-63084-DESKTOP-6GKB5CJ/realtime/fpga_mnist_axi_bram_ctrl_0_0_stub.v:6]
INFO: [Synth 8-6155] done synthesizing module 'fpga_mnist_axi_bram_ctrl_0_0' (0#1) [C:/vitis_mnist/clean_build/clean_build.runs/synth_1/.Xil/Vivado-63084-DESKTOP-6GKB5CJ/realtime/fpga_mnist_axi_bram_ctrl_0_0_stub.v:6]
INFO: [Synth 8-6157] synthesizing module 'fpga_mnist_axi_bram_ctrl_1_0' [C:/vitis_mnist/clean_build/clean_build.runs/synth_1/.Xil/Vivado-63084-DESKTOP-6GKB5CJ/realtime/fpga_mnist_axi_bram_ctrl_1_0_stub.v:6]
INFO: [Synth 8-6155] done synthesizing module 'fpga_mnist_axi_bram_ctrl_1_0' (0#1) [C:/vitis_mnist/clean_build/clean_build.runs/synth_1/.Xil/Vivado-63084-DESKTOP-6GKB5CJ/realtime/fpga_mnist_axi_bram_ctrl_1_0_stub.v:6]
INFO: [Synth 8-6157] synthesizing module 'fpga_mnist_axi_smc_0' [C:/vitis_mnist/clean_build/clean_build.runs/synth_1/.Xil/Vivado-63084-DESKTOP-6GKB5CJ/realtime/fpga_mnist_axi_smc_0_stub.v:6]
INFO: [Synth 8-6155] done synthesizing module 'fpga_mnist_axi_smc_0' (0#1) [C:/vitis_mnist/clean_build/clean_build.runs/synth_1/.Xil/Vivado-63084-DESKTOP-6GKB5CJ/realtime/fpga_mnist_axi_smc_0_stub.v:6]
WARNING: [Synth 8-7071] port 'M00_AXI_awprot' of module 'fpga_mnist_axi_smc_0' is unconnected for instance 'axi_smc' [c:/vitis_mnist/mnist_fpga/mnist_fpga.gen/sources_1/bd/fpga_mnist/synth/fpga_mnist.v:288]
WARNING: [Synth 8-7071] port 'M00_AXI_arprot' of module 'fpga_mnist_axi_smc_0' is unconnected for instance 'axi_smc' [c:/vitis_mnist/mnist_fpga/mnist_fpga.gen/sources_1/bd/fpga_mnist/synth/fpga_mnist.v:288]
WARNING: [Synth 8-7071] port 'M02_AXI_awqos' of module 'fpga_mnist_axi_smc_0' is unconnected for instance 'axi_smc' [c:/vitis_mnist/mnist_fpga/mnist_fpga.gen/sources_1/bd/fpga_mnist/synth/fpga_mnist.v:288]
WARNING: [Synth 8-7071] port 'M02_AXI_arqos' of module 'fpga_mnist_axi_smc_0' is unconnected for instance 'axi_smc' [c:/vitis_mnist/mnist_fpga/mnist_fpga.gen/sources_1/bd/fpga_mnist/synth/fpga_mnist.v:288]
WARNING: [Synth 8-7071] port 'M03_AXI_awqos' of module 'fpga_mnist_axi_smc_0' is unconnected for instance 'axi_smc' [c:/vitis_mnist/mnist_fpga/mnist_fpga.gen/sources_1/bd/fpga_mnist/synth/fpga_mnist.v:288]
WARNING: [Synth 8-7071] port 'M03_AXI_arqos' of module 'fpga_mnist_axi_smc_0' is unconnected for instance 'axi_smc' [c:/vitis_mnist/mnist_fpga/mnist_fpga.gen/sources_1/bd/fpga_mnist/synth/fpga_mnist.v:288]
WARNING: [Synth 8-7023] instance 'axi_smc' of module 'fpga_mnist_axi_smc_0' has 133 connections declared, but only 127 given [c:/vitis_mnist/mnist_fpga/mnist_fpga.gen/sources_1/bd/fpga_mnist/synth/fpga_mnist.v:288]
INFO: [Synth 8-6157] synthesizing module 'fpga_mnist_axi_uart16550_0_1' [C:/vitis_mnist/clean_build/clean_build.runs/synth_1/.Xil/Vivado-63084-DESKTOP-6GKB5CJ/realtime/fpga_mnist_axi_uart16550_0_1_stub.v:6]
INFO: [Synth 8-6155] done synthesizing module 'fpga_mnist_axi_uart16550_0_1' (0#1) [C:/vitis_mnist/clean_build/clean_build.runs/synth_1/.Xil/Vivado-63084-DESKTOP-6GKB5CJ/realtime/fpga_mnist_axi_uart16550_0_1_stub.v:6]
WARNING: [Synth 8-7071] port 'ip2intc_irpt' of module 'fpga_mnist_axi_uart16550_0_1' is unconnected for instance 'axi_uart16550_0' [c:/vitis_mnist/mnist_fpga/mnist_fpga.gen/sources_1/bd/fpga_mnist/synth/fpga_mnist.v:416]
WARNING: [Synth 8-7071] port 'baudoutn' of module 'fpga_mnist_axi_uart16550_0_1' is unconnected for instance 'axi_uart16550_0' [c:/vitis_mnist/mnist_fpga/mnist_fpga.gen/sources_1/bd/fpga_mnist/synth/fpga_mnist.v:416]
WARNING: [Synth 8-7071] port 'ddis' of module 'fpga_mnist_axi_uart16550_0_1' is unconnected for instance 'axi_uart16550_0' [c:/vitis_mnist/mnist_fpga/mnist_fpga.gen/sources_1/bd/fpga_mnist/synth/fpga_mnist.v:416]
WARNING: [Synth 8-7071] port 'dtrn' of module 'fpga_mnist_axi_uart16550_0_1' is unconnected for instance 'axi_uart16550_0' [c:/vitis_mnist/mnist_fpga/mnist_fpga.gen/sources_1/bd/fpga_mnist/synth/fpga_mnist.v:416]
WARNING: [Synth 8-7071] port 'out1n' of module 'fpga_mnist_axi_uart16550_0_1' is unconnected for instance 'axi_uart16550_0' [c:/vitis_mnist/mnist_fpga/mnist_fpga.gen/sources_1/bd/fpga_mnist/synth/fpga_mnist.v:416]
WARNING: [Synth 8-7071] port 'out2n' of module 'fpga_mnist_axi_uart16550_0_1' is unconnected for instance 'axi_uart16550_0' [c:/vitis_mnist/mnist_fpga/mnist_fpga.gen/sources_1/bd/fpga_mnist/synth/fpga_mnist.v:416]
WARNING: [Synth 8-7071] port 'rtsn' of module 'fpga_mnist_axi_uart16550_0_1' is unconnected for instance 'axi_uart16550_0' [c:/vitis_mnist/mnist_fpga/mnist_fpga.gen/sources_1/bd/fpga_mnist/synth/fpga_mnist.v:416]
WARNING: [Synth 8-7071] port 'rxrdyn' of module 'fpga_mnist_axi_uart16550_0_1' is unconnected for instance 'axi_uart16550_0' [c:/vitis_mnist/mnist_fpga/mnist_fpga.gen/sources_1/bd/fpga_mnist/synth/fpga_mnist.v:416]
WARNING: [Synth 8-7071] port 'txrdyn' of module 'fpga_mnist_axi_uart16550_0_1' is unconnected for instance 'axi_uart16550_0' [c:/vitis_mnist/mnist_fpga/mnist_fpga.gen/sources_1/bd/fpga_mnist/synth/fpga_mnist.v:416]
WARNING: [Synth 8-7023] instance 'axi_uart16550_0' of module 'fpga_mnist_axi_uart16550_0_1' has 35 connections declared, but only 26 given [c:/vitis_mnist/mnist_fpga/mnist_fpga.gen/sources_1/bd/fpga_mnist/synth/fpga_mnist.v:416]
INFO: [Synth 8-6157] synthesizing module 'fpga_mnist_blk_mem_gen_0_4' [C:/vitis_mnist/clean_build/clean_build.runs/synth_1/.Xil/Vivado-63084-DESKTOP-6GKB5CJ/realtime/fpga_mnist_blk_mem_gen_0_4_stub.v:6]
INFO: [Synth 8-6155] done synthesizing module 'fpga_mnist_blk_mem_gen_0_4' (0#1) [C:/vitis_mnist/clean_build/clean_build.runs/synth_1/.Xil/Vivado-63084-DESKTOP-6GKB5CJ/realtime/fpga_mnist_blk_mem_gen_0_4_stub.v:6]
WARNING: [Synth 8-7071] port 'rsta_busy' of module 'fpga_mnist_blk_mem_gen_0_4' is unconnected for instance 'blk_mem_gen_0' [c:/vitis_mnist/mnist_fpga/mnist_fpga.gen/sources_1/bd/fpga_mnist/synth/fpga_mnist.v:443]
WARNING: [Synth 8-7023] instance 'blk_mem_gen_0' of module 'fpga_mnist_blk_mem_gen_0_4' has 8 connections declared, but only 7 given [c:/vitis_mnist/mnist_fpga/mnist_fpga.gen/sources_1/bd/fpga_mnist/synth/fpga_mnist.v:443]
INFO: [Synth 8-6157] synthesizing module 'fpga_mnist_blk_mem_gen_1_0' [C:/vitis_mnist/clean_build/clean_build.runs/synth_1/.Xil/Vivado-63084-DESKTOP-6GKB5CJ/realtime/fpga_mnist_blk_mem_gen_1_0_stub.v:6]
INFO: [Synth 8-6155] done synthesizing module 'fpga_mnist_blk_mem_gen_1_0' (0#1) [C:/vitis_mnist/clean_build/clean_build.runs/synth_1/.Xil/Vivado-63084-DESKTOP-6GKB5CJ/realtime/fpga_mnist_blk_mem_gen_1_0_stub.v:6]
WARNING: [Synth 8-7071] port 'rsta_busy' of module 'fpga_mnist_blk_mem_gen_1_0' is unconnected for instance 'blk_mem_gen_1' [c:/vitis_mnist/mnist_fpga/mnist_fpga.gen/sources_1/bd/fpga_mnist/synth/fpga_mnist.v:451]
WARNING: [Synth 8-7023] instance 'blk_mem_gen_1' of module 'fpga_mnist_blk_mem_gen_1_0' has 8 connections declared, but only 7 given [c:/vitis_mnist/mnist_fpga/mnist_fpga.gen/sources_1/bd/fpga_mnist/synth/fpga_mnist.v:451]
INFO: [Synth 8-6157] synthesizing module 'fpga_mnist_clk_wiz_0_0' [C:/vitis_mnist/clean_build/clean_build.runs/synth_1/.Xil/Vivado-63084-DESKTOP-6GKB5CJ/realtime/fpga_mnist_clk_wiz_0_0_stub.v:6]
INFO: [Synth 8-6155] done synthesizing module 'fpga_mnist_clk_wiz_0_0' (0#1) [C:/vitis_mnist/clean_build/clean_build.runs/synth_1/.Xil/Vivado-63084-DESKTOP-6GKB5CJ/realtime/fpga_mnist_clk_wiz_0_0_stub.v:6]
WARNING: [Synth 8-4446] all outputs are unconnected for this instance and logic may be removed [c:/vitis_mnist/mnist_fpga/mnist_fpga.gen/sources_1/bd/fpga_mnist/synth/fpga_mnist.v:464]
INFO: [Synth 8-6157] synthesizing module 'fpga_mnist_ila_0_0' [C:/vitis_mnist/clean_build/clean_build.runs/synth_1/.Xil/Vivado-63084-DESKTOP-6GKB5CJ/realtime/fpga_mnist_ila_0_0_stub.v:6]
INFO: [Synth 8-6155] done synthesizing module 'fpga_mnist_ila_0_0' (0#1) [C:/vitis_mnist/clean_build/clean_build.runs/synth_1/.Xil/Vivado-63084-DESKTOP-6GKB5CJ/realtime/fpga_mnist_ila_0_0_stub.v:6]
INFO: [Synth 8-6157] synthesizing module 'fpga_mnist_mdm_0_0' [C:/vitis_mnist/clean_build/clean_build.runs/synth_1/.Xil/Vivado-63084-DESKTOP-6GKB5CJ/realtime/fpga_mnist_mdm_0_0_stub.v:6]
INFO: [Synth 8-6155] done synthesizing module 'fpga_mnist_mdm_0_0' (0#1) [C:/vitis_mnist/clean_build/clean_build.runs/synth_1/.Xil/Vivado-63084-DESKTOP-6GKB5CJ/realtime/fpga_mnist_mdm_0_0_stub.v:6]
WARNING: [Synth 8-7071] port 'Debug_SYS_Rst' of module 'fpga_mnist_mdm_0_0' is unconnected for instance 'mdm_0' [c:/vitis_mnist/mnist_fpga/mnist_fpga.gen/sources_1/bd/fpga_mnist/synth/fpga_mnist.v:484]
WARNING: [Synth 8-7023] instance 'mdm_0' of module 'fpga_mnist_mdm_0_0' has 10 connections declared, but only 9 given [c:/vitis_mnist/mnist_fpga/mnist_fpga.gen/sources_1/bd/fpga_mnist/synth/fpga_mnist.v:484]
INFO: [Synth 8-6157] synthesizing module 'fpga_mnist_microblaze_0_0' [C:/vitis_mnist/clean_build/clean_build.runs/synth_1/.Xil/Vivado-63084-DESKTOP-6GKB5CJ/realtime/fpga_mnist_microblaze_0_0_stub.v:6]
INFO: [Synth 8-6155] done synthesizing module 'fpga_mnist_microblaze_0_0' (0#1) [C:/vitis_mnist/clean_build/clean_build.runs/synth_1/.Xil/Vivado-63084-DESKTOP-6GKB5CJ/realtime/fpga_mnist_microblaze_0_0_stub.v:6]
WARNING: [Synth 8-7071] port 'Interrupt_Ack' of module 'fpga_mnist_microblaze_0_0' is unconnected for instance 'microblaze_0' [c:/vitis_mnist/mnist_fpga/mnist_fpga.gen/sources_1/bd/fpga_mnist/synth/fpga_mnist.v:496]
WARNING: [Synth 8-7071] port 'M_AXI_IP_AWADDR' of module 'fpga_mnist_microblaze_0_0' is unconnected for instance 'microblaze_0' [c:/vitis_mnist/mnist_fpga/mnist_fpga.gen/sources_1/bd/fpga_mnist/synth/fpga_mnist.v:496]
WARNING: [Synth 8-7071] port 'M_AXI_IP_AWPROT' of module 'fpga_mnist_microblaze_0_0' is unconnected for instance 'microblaze_0' [c:/vitis_mnist/mnist_fpga/mnist_fpga.gen/sources_1/bd/fpga_mnist/synth/fpga_mnist.v:496]
WARNING: [Synth 8-7071] port 'M_AXI_IP_AWVALID' of module 'fpga_mnist_microblaze_0_0' is unconnected for instance 'microblaze_0' [c:/vitis_mnist/mnist_fpga/mnist_fpga.gen/sources_1/bd/fpga_mnist/synth/fpga_mnist.v:496]
WARNING: [Synth 8-7071] port 'M_AXI_IP_WDATA' of module 'fpga_mnist_microblaze_0_0' is unconnected for instance 'microblaze_0' [c:/vitis_mnist/mnist_fpga/mnist_fpga.gen/sources_1/bd/fpga_mnist/synth/fpga_mnist.v:496]
WARNING: [Synth 8-7071] port 'M_AXI_IP_WSTRB' of module 'fpga_mnist_microblaze_0_0' is unconnected for instance 'microblaze_0' [c:/vitis_mnist/mnist_fpga/mnist_fpga.gen/sources_1/bd/fpga_mnist/synth/fpga_mnist.v:496]
WARNING: [Synth 8-7071] port 'M_AXI_IP_WVALID' of module 'fpga_mnist_microblaze_0_0' is unconnected for instance 'microblaze_0' [c:/vitis_mnist/mnist_fpga/mnist_fpga.gen/sources_1/bd/fpga_mnist/synth/fpga_mnist.v:496]
WARNING: [Synth 8-7071] port 'M_AXI_IP_BREADY' of module 'fpga_mnist_microblaze_0_0' is unconnected for instance 'microblaze_0' [c:/vitis_mnist/mnist_fpga/mnist_fpga.gen/sources_1/bd/fpga_mnist/synth/fpga_mnist.v:496]
WARNING: [Synth 8-7023] instance 'microblaze_0' of module 'fpga_mnist_microblaze_0_0' has 52 connections declared, but only 44 given [c:/vitis_mnist/mnist_fpga/mnist_fpga.gen/sources_1/bd/fpga_mnist/synth/fpga_mnist.v:496]
INFO: [Synth 8-6157] synthesizing module 'fpga_mnist_mnist_accel_0_2' [C:/vitis_mnist/clean_build/clean_build.runs/synth_1/.Xil/Vivado-63084-DESKTOP-6GKB5CJ/realtime/fpga_mnist_mnist_accel_0_2_stub.v:6]
INFO: [Synth 8-6155] done synthesizing module 'fpga_mnist_mnist_accel_0_2' (0#1) [C:/vitis_mnist/clean_build/clean_build.runs/synth_1/.Xil/Vivado-63084-DESKTOP-6GKB5CJ/realtime/fpga_mnist_mnist_accel_0_2_stub.v:6]
INFO: [Synth 8-6157] synthesizing module 'fpga_mnist_proc_sys_reset_0_0' [C:/vitis_mnist/clean_build/clean_build.runs/synth_1/.Xil/Vivado-63084-DESKTOP-6GKB5CJ/realtime/fpga_mnist_proc_sys_reset_0_0_stub.v:6]
INFO: [Synth 8-6155] done synthesizing module 'fpga_mnist_proc_sys_reset_0_0' (0#1) [C:/vitis_mnist/clean_build/clean_build.runs/synth_1/.Xil/Vivado-63084-DESKTOP-6GKB5CJ/realtime/fpga_mnist_proc_sys_reset_0_0_stub.v:6]
WARNING: [Synth 8-7071] port 'bus_struct_reset' of module 'fpga_mnist_proc_sys_reset_0_0' is unconnected for instance 'proc_sys_reset_0' [c:/vitis_mnist/mnist_fpga/mnist_fpga.gen/sources_1/bd/fpga_mnist/synth/fpga_mnist.v:580]
WARNING: [Synth 8-7071] port 'peripheral_reset' of module 'fpga_mnist_proc_sys_reset_0_0' is unconnected for instance 'proc_sys_reset_0' [c:/vitis_mnist/mnist_fpga/mnist_fpga.gen/sources_1/bd/fpga_mnist/synth/fpga_mnist.v:580]
WARNING: [Synth 8-7071] port 'interconnect_aresetn' of module 'fpga_mnist_proc_sys_reset_0_0' is unconnected for instance 'proc_sys_reset_0' [c:/vitis_mnist/mnist_fpga/mnist_fpga.gen/sources_1/bd/fpga_mnist/synth/fpga_mnist.v:580]
WARNING: [Synth 8-7023] instance 'proc_sys_reset_0' of module 'fpga_mnist_proc_sys_reset_0_0' has 10 connections declared, but only 7 given [c:/vitis_mnist/mnist_fpga/mnist_fpga.gen/sources_1/bd/fpga_mnist/synth/fpga_mnist.v:580]
INFO: [Synth 8-6155] done synthesizing module 'fpga_mnist' (0#1) [c:/vitis_mnist/mnist_fpga/mnist_fpga.gen/sources_1/bd/fpga_mnist/synth/fpga_mnist.v:13]
INFO: [Synth 8-6155] done synthesizing module 'fpga_mnist_wrapper' (0#1) [C:/vitis_mnist/mnist_fpga/mnist_fpga.gen/sources_1/bd/fpga_mnist/hdl/fpga_mnist_wrapper.v:13]
INFO: [Synth 8-6071] Mark debug on the nets applies keep_hierarchy on instance 'mnist_accel_0'. This will prevent further optimization [c:/vitis_mnist/mnist_fpga/mnist_fpga.gen/sources_1/bd/fpga_mnist/synth/fpga_mnist.v:541]
INFO: [Synth 8-6071] Mark debug on the nets applies keep_hierarchy on instance 'ila_0'. This will prevent further optimization [c:/vitis_mnist/mnist_fpga/mnist_fpga.gen/sources_1/bd/fpga_mnist/synth/fpga_mnist.v:464]
INFO: [Synth 8-6071] Mark debug on the nets applies keep_hierarchy on instance 'proc_sys_reset_0'. This will prevent further optimization [c:/vitis_mnist/mnist_fpga/mnist_fpga.gen/sources_1/bd/fpga_mnist/synth/fpga_mnist.v:580]
INFO: [Synth 8-6071] Mark debug on the nets applies keep_hierarchy on instance 'axi_uart16550_0'. This will prevent further optimization [c:/vitis_mnist/mnist_fpga/mnist_fpga.gen/sources_1/bd/fpga_mnist/synth/fpga_mnist.v:416]
INFO: [Synth 8-6071] Mark debug on the nets applies keep_hierarchy on instance 'axi_smc'. This will prevent further optimization [c:/vitis_mnist/mnist_fpga/mnist_fpga.gen/sources_1/bd/fpga_mnist/synth/fpga_mnist.v:288]
INFO: [Synth 8-6071] Mark debug on the nets applies keep_hierarchy on instance 'fpga_mnist_i'. This will prevent further optimization [C:/vitis_mnist/mnist_fpga/mnist_fpga.gen/sources_1/bd/fpga_mnist/hdl/fpga_mnist_wrapper.v:34]
INFO: [Synth 8-6071] Mark debug on the nets applies keep_hierarchy on instance 'clk_wiz_0'. This will prevent further optimization [c:/vitis_mnist/mnist_fpga/mnist_fpga.gen/sources_1/bd/fpga_mnist/synth/fpga_mnist.v:459]
---------------------------------------------------------------------------------
Finished RTL Elaboration : Time (s): cpu = 00:00:08 ; elapsed = 00:00:09 . Memory (MB): peak = 1233.863 ; gain = 581.941
---------------------------------------------------------------------------------
---------------------------------------------------------------------------------
Start Handling Custom Attributes
---------------------------------------------------------------------------------
---------------------------------------------------------------------------------
Finished Handling Custom Attributes : Time (s): cpu = 00:00:08 ; elapsed = 00:00:09 . Memory (MB): peak = 1233.863 ; gain = 581.941
---------------------------------------------------------------------------------
---------------------------------------------------------------------------------
Finished RTL Optimization Phase 1 : Time (s): cpu = 00:00:08 ; elapsed = 00:00:09 . Memory (MB): peak = 1233.863 ; gain = 581.941
---------------------------------------------------------------------------------
Netlist sorting complete. Time (s): cpu = 00:00:00 ; elapsed = 00:00:00.011 . Memory (MB): peak = 1233.863 ; gain = 0.000
INFO: [Project 1-570] Preparing netlist for logic optimization

Processing XDC Constraints
Initializing timing engine
Parsing XDC File [c:/vitis_mnist/mnist_fpga/mnist_fpga.gen/sources_1/bd/fpga_mnist/ip/fpga_mnist_microblaze_0_0/fpga_mnist_microblaze_0_0/fpga_mnist_microblaze_0_0_in_context.xdc] for cell 'fpga_mnist_i/microblaze_0'
Finished Parsing XDC File [c:/vitis_mnist/mnist_fpga/mnist_fpga.gen/sources_1/bd/fpga_mnist/ip/fpga_mnist_microblaze_0_0/fpga_mnist_microblaze_0_0/fpga_mnist_microblaze_0_0_in_context.xdc] for cell 'fpga_mnist_i/microblaze_0'
Parsing XDC File [c:/vitis_mnist/mnist_fpga/mnist_fpga.gen/sources_1/bd/fpga_mnist/ip/fpga_mnist_clk_wiz_0_0/fpga_mnist_clk_wiz_0_0/fpga_mnist_clk_wiz_0_0_in_context.xdc] for cell 'fpga_mnist_i/clk_wiz_0'
Finished Parsing XDC File [c:/vitis_mnist/mnist_fpga/mnist_fpga.gen/sources_1/bd/fpga_mnist/ip/fpga_mnist_clk_wiz_0_0/fpga_mnist_clk_wiz_0_0/fpga_mnist_clk_wiz_0_0_in_context.xdc] for cell 'fpga_mnist_i/clk_wiz_0'
Parsing XDC File [c:/vitis_mnist/mnist_fpga/mnist_fpga.gen/sources_1/bd/fpga_mnist/ip/fpga_mnist_proc_sys_reset_0_0/fpga_mnist_proc_sys_reset_0_0/fpga_mnist_proc_sys_reset_0_0_in_context.xdc] for cell 'fpga_mnist_i/proc_sys_reset_0'
Finished Parsing XDC File [c:/vitis_mnist/mnist_fpga/mnist_fpga.gen/sources_1/bd/fpga_mnist/ip/fpga_mnist_proc_sys_reset_0_0/fpga_mnist_proc_sys_reset_0_0/fpga_mnist_proc_sys_reset_0_0_in_context.xdc] for cell 'fpga_mnist_i/proc_sys_reset_0'
Parsing XDC File [c:/vitis_mnist/mnist_fpga/mnist_fpga.gen/sources_1/bd/fpga_mnist/ip/fpga_mnist_axi_smc_0/fpga_mnist_axi_smc_0/fpga_mnist_axi_smc_0_in_context.xdc] for cell 'fpga_mnist_i/axi_smc'
Finished Parsing XDC File [c:/vitis_mnist/mnist_fpga/mnist_fpga.gen/sources_1/bd/fpga_mnist/ip/fpga_mnist_axi_smc_0/fpga_mnist_axi_smc_0/fpga_mnist_axi_smc_0_in_context.xdc] for cell 'fpga_mnist_i/axi_smc'
Parsing XDC File [c:/vitis_mnist/mnist_fpga/mnist_fpga.gen/sources_1/bd/fpga_mnist/ip/fpga_mnist_blk_mem_gen_1_0/fpga_mnist_blk_mem_gen_1_0/fpga_mnist_blk_mem_gen_1_0_in_context.xdc] for cell 'fpga_mnist_i/blk_mem_gen_1'
Finished Parsing XDC File [c:/vitis_mnist/mnist_fpga/mnist_fpga.gen/sources_1/bd/fpga_mnist/ip/fpga_mnist_blk_mem_gen_1_0/fpga_mnist_blk_mem_gen_1_0/fpga_mnist_blk_mem_gen_1_0_in_context.xdc] for cell 'fpga_mnist_i/blk_mem_gen_1'
Parsing XDC File [c:/vitis_mnist/mnist_fpga/mnist_fpga.gen/sources_1/bd/fpga_mnist/ip/fpga_mnist_mdm_0_0/fpga_mnist_mdm_0_0/fpga_mnist_mdm_0_0_in_context.xdc] for cell 'fpga_mnist_i/mdm_0'
Finished Parsing XDC File [c:/vitis_mnist/mnist_fpga/mnist_fpga.gen/sources_1/bd/fpga_mnist/ip/fpga_mnist_mdm_0_0/fpga_mnist_mdm_0_0/fpga_mnist_mdm_0_0_in_context.xdc] for cell 'fpga_mnist_i/mdm_0'
Parsing XDC File [c:/vitis_mnist/mnist_fpga/mnist_fpga.gen/sources_1/bd/fpga_mnist/ip/fpga_mnist_axi_bram_ctrl_0_0/fpga_mnist_axi_bram_ctrl_0_0/fpga_mnist_axi_bram_ctrl_1_0_in_context.xdc] for cell 'fpga_mnist_i/axi_bram_ctrl_0'
Finished Parsing XDC File [c:/vitis_mnist/mnist_fpga/mnist_fpga.gen/sources_1/bd/fpga_mnist/ip/fpga_mnist_axi_bram_ctrl_0_0/fpga_mnist_axi_bram_ctrl_0_0/fpga_mnist_axi_bram_ctrl_1_0_in_context.xdc] for cell 'fpga_mnist_i/axi_bram_ctrl_0'
Parsing XDC File [c:/vitis_mnist/mnist_fpga/mnist_fpga.gen/sources_1/bd/fpga_mnist/ip/fpga_mnist_blk_mem_gen_0_4/fpga_mnist_blk_mem_gen_0_4/fpga_mnist_blk_mem_gen_0_4_in_context.xdc] for cell 'fpga_mnist_i/blk_mem_gen_0'
Finished Parsing XDC File [c:/vitis_mnist/mnist_fpga/mnist_fpga.gen/sources_1/bd/fpga_mnist/ip/fpga_mnist_blk_mem_gen_0_4/fpga_mnist_blk_mem_gen_0_4/fpga_mnist_blk_mem_gen_0_4_in_context.xdc] for cell 'fpga_mnist_i/blk_mem_gen_0'
Parsing XDC File [c:/vitis_mnist/mnist_fpga/mnist_fpga.gen/sources_1/bd/fpga_mnist/ip/fpga_mnist_axi_bram_ctrl_1_0/fpga_mnist_axi_bram_ctrl_1_0/fpga_mnist_axi_bram_ctrl_1_0_in_context.xdc] for cell 'fpga_mnist_i/axi_bram_ctrl_1'
Finished Parsing XDC File [c:/vitis_mnist/mnist_fpga/mnist_fpga.gen/sources_1/bd/fpga_mnist/ip/fpga_mnist_axi_bram_ctrl_1_0/fpga_mnist_axi_bram_ctrl_1_0/fpga_mnist_axi_bram_ctrl_1_0_in_context.xdc] for cell 'fpga_mnist_i/axi_bram_ctrl_1'
Parsing XDC File [c:/vitis_mnist/mnist_fpga/mnist_fpga.gen/sources_1/bd/fpga_mnist/ip/fpga_mnist_ila_0_0/fpga_mnist_ila_0_0/fpga_mnist_ila_0_0_in_context.xdc] for cell 'fpga_mnist_i/ila_0'
Finished Parsing XDC File [c:/vitis_mnist/mnist_fpga/mnist_fpga.gen/sources_1/bd/fpga_mnist/ip/fpga_mnist_ila_0_0/fpga_mnist_ila_0_0/fpga_mnist_ila_0_0_in_context.xdc] for cell 'fpga_mnist_i/ila_0'
Parsing XDC File [c:/vitis_mnist/mnist_fpga/mnist_fpga.gen/sources_1/bd/fpga_mnist/ip/fpga_mnist_mnist_accel_0_2/fpga_mnist_mnist_accel_0_2/fpga_mnist_mnist_accel_0_2_in_context.xdc] for cell 'fpga_mnist_i/mnist_accel_0'
Finished Parsing XDC File [c:/vitis_mnist/mnist_fpga/mnist_fpga.gen/sources_1/bd/fpga_mnist/ip/fpga_mnist_mnist_accel_0_2/fpga_mnist_mnist_accel_0_2/fpga_mnist_mnist_accel_0_2_in_context.xdc] for cell 'fpga_mnist_i/mnist_accel_0'
Parsing XDC File [c:/vitis_mnist/mnist_fpga/mnist_fpga.gen/sources_1/bd/fpga_mnist/ip/fpga_mnist_axi_uart16550_0_1/fpga_mnist_axi_uart16550_0_1/fpga_mnist_axi_uart16550_0_1_in_context.xdc] for cell 'fpga_mnist_i/axi_uart16550_0'
Finished Parsing XDC File [c:/vitis_mnist/mnist_fpga/mnist_fpga.gen/sources_1/bd/fpga_mnist/ip/fpga_mnist_axi_uart16550_0_1/fpga_mnist_axi_uart16550_0_1/fpga_mnist_axi_uart16550_0_1_in_context.xdc] for cell 'fpga_mnist_i/axi_uart16550_0'
Parsing XDC File [C:/vitis_mnist/mnist_fpga/mnist_fpga.srcs/constrs_1/new/mnist_pin_assignment.xdc]
Finished Parsing XDC File [C:/vitis_mnist/mnist_fpga/mnist_fpga.srcs/constrs_1/new/mnist_pin_assignment.xdc]
INFO: [Project 1-236] Implementation specific constraints were found while reading constraint file [C:/vitis_mnist/mnist_fpga/mnist_fpga.srcs/constrs_1/new/mnist_pin_assignment.xdc]. These constraints will be ignored for synthesis but will be used in implementation. Impacted constraints are listed in the file [.Xil/fpga_mnist_wrapper_propImpl.xdc].
Resolution: To avoid this warning, move constraints listed in [.Xil/fpga_mnist_wrapper_propImpl.xdc] to another XDC file and exclude this new file from synthesis with the used_in_synthesis property (File Properties dialog in GUI) and re-run elaboration/synthesis.
Parsing XDC File [C:/vitis_mnist/clean_build/clean_build.runs/synth_1/dont_touch.xdc]
Finished Parsing XDC File [C:/vitis_mnist/clean_build/clean_build.runs/synth_1/dont_touch.xdc]
Completed Processing XDC Constraints

Netlist sorting complete. Time (s): cpu = 00:00:00 ; elapsed = 00:00:00 . Memory (MB): peak = 1233.863 ; gain = 0.000
INFO: [Project 1-111] Unisim Transformation Summary:
No Unisim elements were transformed.

Constraint Validation Runtime : Time (s): cpu = 00:00:00 ; elapsed = 00:00:00.013 . Memory (MB): peak = 1233.863 ; gain = 0.000
WARNING: [Timing 38-316] Clock period '20.000' specified during out-of-context synthesis of instance 'fpga_mnist_i/blk_mem_gen_0' at clock pin 'clka' is different from the actual clock period '10.000', this can lead to different synthesis results.
WARNING: [Timing 38-316] Clock period '20.000' specified during out-of-context synthesis of instance 'fpga_mnist_i/blk_mem_gen_1' at clock pin 'clka' is different from the actual clock period '10.000', this can lead to different synthesis results.
INFO: [Designutils 20-5440] No compile time benefit to using incremental synthesis; A full resynthesis will be run
INFO: [Designutils 20-4379] Flow is switching to default flow due to incremental criteria not met. If you would like to alter this behaviour and have the flow terminate instead, please set the following parameter config_implementation {autoIncr.Synth.RejectBehavior Terminate}
---------------------------------------------------------------------------------
Finished Constraint Validation : Time (s): cpu = 00:00:18 ; elapsed = 00:00:20 . Memory (MB): peak = 1233.863 ; gain = 581.941
---------------------------------------------------------------------------------
---------------------------------------------------------------------------------
Start Loading Part and Timing Information
---------------------------------------------------------------------------------
Loading part: xc7a35tcpg236-1
---------------------------------------------------------------------------------
Finished Loading Part and Timing Information : Time (s): cpu = 00:00:18 ; elapsed = 00:00:20 . Memory (MB): peak = 1233.863 ; gain = 581.941
---------------------------------------------------------------------------------
---------------------------------------------------------------------------------
Start Applying 'set_property' XDC Constraints
---------------------------------------------------------------------------------
Applied set_property IO_BUFFER_TYPE = NONE for sys_clock. (constraint file  c:/vitis_mnist/mnist_fpga/mnist_fpga.gen/sources_1/bd/fpga_mnist/ip/fpga_mnist_clk_wiz_0_0/fpga_mnist_clk_wiz_0_0/fpga_mnist_clk_wiz_0_0_in_context.xdc, line 3).
Applied set_property CLOCK_BUFFER_TYPE = NONE for sys_clock. (constraint file  c:/vitis_mnist/mnist_fpga/mnist_fpga.gen/sources_1/bd/fpga_mnist/ip/fpga_mnist_clk_wiz_0_0/fpga_mnist_clk_wiz_0_0/fpga_mnist_clk_wiz_0_0_in_context.xdc, line 4).
Applied set_property KEEP_HIERARCHY = SOFT for fpga_mnist_i. (constraint file  auto generated constraint).
Applied set_property KEEP_HIERARCHY = SOFT for fpga_mnist_i/microblaze_0. (constraint file  auto generated constraint).
Applied set_property KEEP_HIERARCHY = SOFT for fpga_mnist_i/clk_wiz_0. (constraint file  auto generated constraint).
Applied set_property KEEP_HIERARCHY = SOFT for fpga_mnist_i/proc_sys_reset_0. (constraint file  auto generated constraint).
Applied set_property KEEP_HIERARCHY = SOFT for fpga_mnist_i/axi_smc. (constraint file  auto generated constraint).
Applied set_property KEEP_HIERARCHY = SOFT for fpga_mnist_i/blk_mem_gen_1. (constraint file  auto generated constraint).
Applied set_property KEEP_HIERARCHY = SOFT for fpga_mnist_i/mdm_0. (constraint file  auto generated constraint).
Applied set_property KEEP_HIERARCHY = SOFT for fpga_mnist_i/axi_bram_ctrl_0. (constraint file  auto generated constraint).
Applied set_property KEEP_HIERARCHY = SOFT for fpga_mnist_i/blk_mem_gen_0. (constraint file  auto generated constraint).
Applied set_property KEEP_HIERARCHY = SOFT for fpga_mnist_i/axi_bram_ctrl_1. (constraint file  auto generated constraint).
Applied set_property KEEP_HIERARCHY = SOFT for fpga_mnist_i/ila_0. (constraint file  auto generated constraint).
Applied set_property KEEP_HIERARCHY = SOFT for fpga_mnist_i/mnist_accel_0. (constraint file  auto generated constraint).
Applied set_property KEEP_HIERARCHY = SOFT for fpga_mnist_i/axi_uart16550_0. (constraint file  auto generated constraint).
---------------------------------------------------------------------------------
Finished applying 'set_property' XDC Constraints : Time (s): cpu = 00:00:18 ; elapsed = 00:00:20 . Memory (MB): peak = 1233.863 ; gain = 581.941
---------------------------------------------------------------------------------
---------------------------------------------------------------------------------
Finished RTL Optimization Phase 2 : Time (s): cpu = 00:00:18 ; elapsed = 00:00:20 . Memory (MB): peak = 1233.863 ; gain = 581.941
---------------------------------------------------------------------------------
---------------------------------------------------------------------------------
Start RTL Component Statistics 
---------------------------------------------------------------------------------
Detailed RTL Component Info : 
---------------------------------------------------------------------------------
Finished RTL Component Statistics 
---------------------------------------------------------------------------------
---------------------------------------------------------------------------------
Start Part Resource Summary
---------------------------------------------------------------------------------
Part Resources:
DSPs: 90 (col length:60)
BRAMs: 100 (col length: RAMB18 60 RAMB36 30)
---------------------------------------------------------------------------------
Finished Part Resource Summary
---------------------------------------------------------------------------------
---------------------------------------------------------------------------------
Start Cross Boundary and Area Optimization
---------------------------------------------------------------------------------
WARNING: [Synth 8-7080] Parallel synthesis criteria is not met
---------------------------------------------------------------------------------
Finished Cross Boundary and Area Optimization : Time (s): cpu = 00:00:20 ; elapsed = 00:00:22 . Memory (MB): peak = 1233.863 ; gain = 581.941
---------------------------------------------------------------------------------
---------------------------------------------------------------------------------
Start Applying XDC Timing Constraints
---------------------------------------------------------------------------------
---------------------------------------------------------------------------------
Finished Applying XDC Timing Constraints : Time (s): cpu = 00:00:27 ; elapsed = 00:00:29 . Memory (MB): peak = 1403.160 ; gain = 751.238
---------------------------------------------------------------------------------
---------------------------------------------------------------------------------
Start Timing Optimization
---------------------------------------------------------------------------------
---------------------------------------------------------------------------------
Finished Timing Optimization : Time (s): cpu = 00:00:27 ; elapsed = 00:00:29 . Memory (MB): peak = 1403.234 ; gain = 751.312
---------------------------------------------------------------------------------
---------------------------------------------------------------------------------
Start Technology Mapping
---------------------------------------------------------------------------------
---------------------------------------------------------------------------------
Finished Technology Mapping : Time (s): cpu = 00:00:27 ; elapsed = 00:00:29 . Memory (MB): peak = 1413.625 ; gain = 761.703
---------------------------------------------------------------------------------
---------------------------------------------------------------------------------
Start IO Insertion
---------------------------------------------------------------------------------
---------------------------------------------------------------------------------
Start Flattening Before IO Insertion
---------------------------------------------------------------------------------
---------------------------------------------------------------------------------
Finished Flattening Before IO Insertion
---------------------------------------------------------------------------------
---------------------------------------------------------------------------------
Start Final Netlist Cleanup
---------------------------------------------------------------------------------
---------------------------------------------------------------------------------
Finished Final Netlist Cleanup
---------------------------------------------------------------------------------
---------------------------------------------------------------------------------
Finished IO Insertion : Time (s): cpu = 00:00:32 ; elapsed = 00:00:34 . Memory (MB): peak = 1629.770 ; gain = 977.848
---------------------------------------------------------------------------------
---------------------------------------------------------------------------------
Start Renaming Generated Instances
---------------------------------------------------------------------------------
---------------------------------------------------------------------------------
Finished Renaming Generated Instances : Time (s): cpu = 00:00:32 ; elapsed = 00:00:34 . Memory (MB): peak = 1629.770 ; gain = 977.848
---------------------------------------------------------------------------------
---------------------------------------------------------------------------------
Start Rebuilding User Hierarchy
---------------------------------------------------------------------------------
---------------------------------------------------------------------------------
Finished Rebuilding User Hierarchy : Time (s): cpu = 00:00:32 ; elapsed = 00:00:34 . Memory (MB): peak = 1629.770 ; gain = 977.848
---------------------------------------------------------------------------------
---------------------------------------------------------------------------------
Start Renaming Generated Ports
---------------------------------------------------------------------------------
---------------------------------------------------------------------------------
Finished Renaming Generated Ports : Time (s): cpu = 00:00:32 ; elapsed = 00:00:34 . Memory (MB): peak = 1629.770 ; gain = 977.848
---------------------------------------------------------------------------------
---------------------------------------------------------------------------------
Start Handling Custom Attributes
---------------------------------------------------------------------------------
---------------------------------------------------------------------------------
Finished Handling Custom Attributes : Time (s): cpu = 00:00:32 ; elapsed = 00:00:34 . Memory (MB): peak = 1629.770 ; gain = 977.848
---------------------------------------------------------------------------------
---------------------------------------------------------------------------------
Start Renaming Generated Nets
---------------------------------------------------------------------------------
---------------------------------------------------------------------------------
Finished Renaming Generated Nets : Time (s): cpu = 00:00:32 ; elapsed = 00:00:34 . Memory (MB): peak = 1629.770 ; gain = 977.848
---------------------------------------------------------------------------------
---------------------------------------------------------------------------------
Start Writing Synthesis Report
---------------------------------------------------------------------------------

Report BlackBoxes: 
+------+------------------------------+----------+
|      |BlackBox name                 |Instances |
+------+------------------------------+----------+
|1     |fpga_mnist_axi_bram_ctrl_0_0  |         1|
|2     |fpga_mnist_axi_bram_ctrl_1_0  |         1|
|3     |fpga_mnist_axi_smc_0          |         1|
|4     |fpga_mnist_axi_uart16550_0_1  |         1|
|5     |fpga_mnist_blk_mem_gen_0_4    |         1|
|6     |fpga_mnist_blk_mem_gen_1_0    |         1|
|7     |fpga_mnist_clk_wiz_0_0        |         1|
|8     |fpga_mnist_ila_0_0            |         1|
|9     |fpga_mnist_mdm_0_0            |         1|
|10    |fpga_mnist_microblaze_0_0     |         1|
|11    |fpga_mnist_mnist_accel_0_2    |         1|
|12    |fpga_mnist_proc_sys_reset_0_0 |         1|
+------+------------------------------+----------+

Report Cell Usage: 
+------+----------------------------+------+
|      |Cell                        |Count |
+------+----------------------------+------+
|1     |fpga_mnist_axi_bram_ctrl_0  |     1|
|2     |fpga_mnist_axi_bram_ctrl_1  |     1|
|3     |fpga_mnist_axi_smc          |     1|
|4     |fpga_mnist_axi_uart16550_0  |     1|
|5     |fpga_mnist_blk_mem_gen_0    |     1|
|6     |fpga_mnist_blk_mem_gen_1    |     1|
|7     |fpga_mnist_clk_wiz_0        |     1|
|8     |fpga_mnist_ila_0            |     1|
|9     |fpga_mnist_mdm_0            |     1|
|10    |fpga_mnist_microblaze_0     |     1|
|11    |fpga_mnist_mnist_accel_0    |     1|
|12    |fpga_mnist_proc_sys_reset_0 |     1|
|13    |IBUF                        |     2|
|14    |OBUF                        |    12|
+------+----------------------------+------+
---------------------------------------------------------------------------------
Finished Writing Synthesis Report : Time (s): cpu = 00:00:32 ; elapsed = 00:00:34 . Memory (MB): peak = 1629.770 ; gain = 977.848
---------------------------------------------------------------------------------
Synthesis finished with 0 errors, 0 critical warnings and 1 warnings.
Synthesis Optimization Runtime : Time (s): cpu = 00:00:21 ; elapsed = 00:00:32 . Memory (MB): peak = 1629.770 ; gain = 977.848
Synthesis Optimization Complete : Time (s): cpu = 00:00:32 ; elapsed = 00:00:34 . Memory (MB): peak = 1629.770 ; gain = 977.848
INFO: [Project 1-571] Translating synthesized netlist
Netlist sorting complete. Time (s): cpu = 00:00:00 ; elapsed = 00:00:00.010 . Memory (MB): peak = 1638.930 ; gain = 0.000
INFO: [Project 1-570] Preparing netlist for logic optimization
INFO: [Opt 31-138] Pushed 0 inverter(s) to 0 load pin(s).
Netlist sorting complete. Time (s): cpu = 00:00:00 ; elapsed = 00:00:00 . Memory (MB): peak = 1642.609 ; gain = 0.000
INFO: [Project 1-111] Unisim Transformation Summary:
No Unisim elements were transformed.

Synth Design complete | Checksum: 4f2055d9
INFO: [Common 17-83] Releasing license: Synthesis
58 Infos, 42 Warnings, 0 Critical Warnings and 0 Errors encountered.
synth_design completed successfully
synth_design: Time (s): cpu = 00:00:37 ; elapsed = 00:00:43 . Memory (MB): peak = 1642.609 ; gain = 1173.504
Write ShapeDB Complete: Time (s): cpu = 00:00:00 ; elapsed = 00:00:00.008 . Memory (MB): peak = 1642.609 ; gain = 0.000
INFO: [Common 17-1381] The checkpoint 'C:/vitis_mnist/clean_build/clean_build.runs/synth_1/fpga_mnist_wrapper.dcp' has been generated.
INFO: [Vivado 12-24828] Executing command : report_utilization -file fpga_mnist_wrapper_utilization_synth.rpt -pb fpga_mnist_wrapper_utilization_synth.pb
INFO: [Common 17-206] Exiting Vivado at Fri Jan 30 12:28:17 2026...
