
*** Running vivado
    with args -log fpga_mnist_mnist_accel_0_2.vds -m64 -product Vivado -mode batch -messageDb vivado.pb -notrace -source fpga_mnist_mnist_accel_0_2.tcl



****** Vivado v2024.2 (64-bit)
  **** SW Build 5239630 on Fri Nov 08 22:35:27 MST 2024
  **** IP Build 5239520 on Sun Nov 10 16:12:51 MST 2024
  **** SharedData Build 5239561 on Fri Nov 08 14:39:27 MST 2024
  **** Start of session at: Fri Jan 30 12:25:18 2026
    ** Copyright 1986-2022 Xilinx, Inc. All Rights Reserved.
    ** Copyright 2022-2024 Advanced Micro Devices, Inc. All Rights Reserved.

source fpga_mnist_mnist_accel_0_2.tcl -notrace
INFO: [IP_Flow 19-234] Refreshing IP repositories
INFO: [IP_Flow 19-1700] Loaded user IP repository 'c:/vitis_mnist/ip_repo/mnist_accel_1_0'.
WARNING: [IP_Flow 19-2207] Repository 'c:/vitis_mnist/ip_repo/mnist_accel_1_0' already exists; ignoring attempt to add it again.
INFO: [IP_Flow 19-1700] Loaded user IP repository 'c:/vitis_mnist/ip_repo/mnist_accel_1_0'.
WARNING: [IP_Flow 19-2248] Failed to load user IP repository 'c:/vitis_mnist/mnist_fpga/mnist_fpga.ip_user_files/bd/fpga_mnist/ip/fpga_mnist_mnist_accel_0_0'; Can't find the specified path.
If this directory should no longer be in your list of user repositories, go to the IP Settings dialog and remove it.
INFO: [IP_Flow 19-2313] Loaded Vivado IP repository 'C:/Xilinx/Vivado/2024.2/data/ip'.
INFO: [IP_Flow 19-6924] IPCACHE: Running cache check for IP inst: fpga_mnist_mnist_accel_0_2
Command: synth_design -top fpga_mnist_mnist_accel_0_2 -part xc7a35tcpg236-1 -incremental_mode off -mode out_of_context
Starting synth_design
Attempting to get a license for feature 'Synthesis' and/or device 'xc7a35t'
INFO: [Common 17-349] Got license for feature 'Synthesis' and/or device 'xc7a35t'
INFO: [Device 21-403] Loading part xc7a35tcpg236-1
INFO: [Synth 8-7079] Multithreading enabled for synth_design using a maximum of 2 processes.
INFO: [Synth 8-7078] Launching helper process for spawning children vivado processes
INFO: [Synth 8-7075] Helper process launched with PID 76428
---------------------------------------------------------------------------------
Starting RTL Elaboration : Time (s): cpu = 00:00:06 ; elapsed = 00:00:07 . Memory (MB): peak = 1036.074 ; gain = 466.500
---------------------------------------------------------------------------------
WARNING: [Synth 8-6901] identifier 'control_write_strobe' is used before its declaration [c:/vitis_mnist/mnist_fpga/mnist_fpga.srcs/sources_1/bd/fpga_mnist/ipshared/74f3/src/mnist_accel_slave_lite_v1_0_S_AXI.v:352]
WARNING: [Synth 8-6901] identifier 'pix_data_write_strobe' is used before its declaration [c:/vitis_mnist/mnist_fpga/mnist_fpga.srcs/sources_1/bd/fpga_mnist/ipshared/74f3/src/mnist_accel_slave_lite_v1_0_S_AXI.v:353]
INFO: [Synth 8-6157] synthesizing module 'fpga_mnist_mnist_accel_0_2' [c:/vitis_mnist/mnist_fpga/mnist_fpga.gen/sources_1/bd/fpga_mnist/ip/fpga_mnist_mnist_accel_0_2/synth/fpga_mnist_mnist_accel_0_2.v:53]
INFO: [Synth 8-6157] synthesizing module 'mnist_accel' [c:/vitis_mnist/mnist_fpga/mnist_fpga.srcs/sources_1/bd/fpga_mnist/ipshared/74f3/hdl/mnist_accel.v:4]
INFO: [Synth 8-6157] synthesizing module 'mnist_accel_slave_lite_v1_0_S_AXI' [c:/vitis_mnist/mnist_fpga/mnist_fpga.srcs/sources_1/bd/fpga_mnist/ipshared/74f3/src/mnist_accel_slave_lite_v1_0_S_AXI.v:4]
INFO: [Synth 8-155] case statement is not full and has no default [c:/vitis_mnist/mnist_fpga/mnist_fpga.srcs/sources_1/bd/fpga_mnist/ipshared/74f3/src/mnist_accel_slave_lite_v1_0_S_AXI.v:185]
INFO: [Synth 8-155] case statement is not full and has no default [c:/vitis_mnist/mnist_fpga/mnist_fpga.srcs/sources_1/bd/fpga_mnist/ipshared/74f3/src/mnist_accel_slave_lite_v1_0_S_AXI.v:312]
INFO: [Synth 8-226] default block is never used [c:/vitis_mnist/mnist_fpga/mnist_fpga.srcs/sources_1/bd/fpga_mnist/ipshared/74f3/src/mnist_accel_slave_lite_v1_0_S_AXI.v:438]
INFO: [Synth 8-6157] synthesizing module 'mnist_fpga_accel' [c:/vitis_mnist/mnist_fpga/mnist_fpga.srcs/sources_1/bd/fpga_mnist/ipshared/74f3/src/mnist_fpga_accel.v:6]
INFO: [Synth 8-6157] synthesizing module 'pixel_buffer' [c:/vitis_mnist/mnist_fpga/mnist_fpga.srcs/sources_1/bd/fpga_mnist/ipshared/74f3/src/pixel_buffer.v:14]
INFO: [Synth 8-6155] done synthesizing module 'pixel_buffer' (0#1) [c:/vitis_mnist/mnist_fpga/mnist_fpga.srcs/sources_1/bd/fpga_mnist/ipshared/74f3/src/pixel_buffer.v:14]
INFO: [Synth 8-6157] synthesizing module 'weight_bram' [c:/vitis_mnist/mnist_fpga/mnist_fpga.srcs/sources_1/bd/fpga_mnist/ipshared/74f3/src/weight_bram.v:6]
INFO: [Synth 8-251] Loading FC2 weight file: weights.mem [c:/vitis_mnist/mnist_fpga/mnist_fpga.srcs/sources_1/bd/fpga_mnist/ipshared/74f3/src/weight_bram.v:21]
INFO: [Synth 8-3876] $readmem data file 'weights.mem' is read successfully [c:/vitis_mnist/mnist_fpga/mnist_fpga.srcs/sources_1/bd/fpga_mnist/ipshared/74f3/src/weight_bram.v:22]
INFO: [Synth 8-6155] done synthesizing module 'weight_bram' (0#1) [c:/vitis_mnist/mnist_fpga/mnist_fpga.srcs/sources_1/bd/fpga_mnist/ipshared/74f3/src/weight_bram.v:6]
INFO: [Synth 8-6157] synthesizing module 'weight_bram__parameterized0' [c:/vitis_mnist/mnist_fpga/mnist_fpga.srcs/sources_1/bd/fpga_mnist/ipshared/74f3/src/weight_bram.v:6]
INFO: [Synth 8-251] Loading FC2 weight file: fc2_weights.mem [c:/vitis_mnist/mnist_fpga/mnist_fpga.srcs/sources_1/bd/fpga_mnist/ipshared/74f3/src/weight_bram.v:21]
INFO: [Synth 8-3876] $readmem data file 'fc2_weights.mem' is read successfully [c:/vitis_mnist/mnist_fpga/mnist_fpga.srcs/sources_1/bd/fpga_mnist/ipshared/74f3/src/weight_bram.v:22]
INFO: [Synth 8-6155] done synthesizing module 'weight_bram__parameterized0' (0#1) [c:/vitis_mnist/mnist_fpga/mnist_fpga.srcs/sources_1/bd/fpga_mnist/ipshared/74f3/src/weight_bram.v:6]
INFO: [Synth 8-6157] synthesizing module 'bias_bram' [c:/vitis_mnist/mnist_fpga/mnist_fpga.srcs/sources_1/bd/fpga_mnist/ipshared/74f3/src/bias_bram.v:6]
INFO: [Synth 8-251] Loading FC2 bias file: biases.mem [c:/vitis_mnist/mnist_fpga/mnist_fpga.srcs/sources_1/bd/fpga_mnist/ipshared/74f3/src/bias_bram.v:20]
INFO: [Synth 8-3876] $readmem data file 'biases.mem' is read successfully [c:/vitis_mnist/mnist_fpga/mnist_fpga.srcs/sources_1/bd/fpga_mnist/ipshared/74f3/src/bias_bram.v:21]
INFO: [Synth 8-6155] done synthesizing module 'bias_bram' (0#1) [c:/vitis_mnist/mnist_fpga/mnist_fpga.srcs/sources_1/bd/fpga_mnist/ipshared/74f3/src/bias_bram.v:6]
INFO: [Synth 8-6157] synthesizing module 'bias_bram__parameterized0' [c:/vitis_mnist/mnist_fpga/mnist_fpga.srcs/sources_1/bd/fpga_mnist/ipshared/74f3/src/bias_bram.v:6]
INFO: [Synth 8-251] Loading FC2 bias file: fc2_biases.mem [c:/vitis_mnist/mnist_fpga/mnist_fpga.srcs/sources_1/bd/fpga_mnist/ipshared/74f3/src/bias_bram.v:20]
INFO: [Synth 8-3876] $readmem data file 'fc2_biases.mem' is read successfully [c:/vitis_mnist/mnist_fpga/mnist_fpga.srcs/sources_1/bd/fpga_mnist/ipshared/74f3/src/bias_bram.v:21]
INFO: [Synth 8-6155] done synthesizing module 'bias_bram__parameterized0' (0#1) [c:/vitis_mnist/mnist_fpga/mnist_fpga.srcs/sources_1/bd/fpga_mnist/ipshared/74f3/src/bias_bram.v:6]
INFO: [Synth 8-6157] synthesizing module 'mac_array' [c:/vitis_mnist/mnist_fpga/mnist_fpga.srcs/sources_1/bd/fpga_mnist/ipshared/74f3/src/mac_array.v:2]
INFO: [Synth 8-6155] done synthesizing module 'mac_array' (0#1) [c:/vitis_mnist/mnist_fpga/mnist_fpga.srcs/sources_1/bd/fpga_mnist/ipshared/74f3/src/mac_array.v:2]
INFO: [Synth 8-6157] synthesizing module 'layer_two_fsm' [c:/vitis_mnist/mnist_fpga/mnist_fpga.srcs/sources_1/bd/fpga_mnist/ipshared/74f3/src/layer_two_fsm.v:6]
INFO: [Synth 8-155] case statement is not full and has no default [c:/vitis_mnist/mnist_fpga/mnist_fpga.srcs/sources_1/bd/fpga_mnist/ipshared/74f3/src/layer_two_fsm.v:88]
INFO: [Synth 8-155] case statement is not full and has no default [c:/vitis_mnist/mnist_fpga/mnist_fpga.srcs/sources_1/bd/fpga_mnist/ipshared/74f3/src/layer_two_fsm.v:161]
INFO: [Synth 8-6155] done synthesizing module 'layer_two_fsm' (0#1) [c:/vitis_mnist/mnist_fpga/mnist_fpga.srcs/sources_1/bd/fpga_mnist/ipshared/74f3/src/layer_two_fsm.v:6]
INFO: [Synth 8-6157] synthesizing module 'control_fsm' [c:/vitis_mnist/mnist_fpga/mnist_fpga.srcs/sources_1/bd/fpga_mnist/ipshared/74f3/src/control_fsm.v:2]
WARNING: [Synth 8-6090] variable 'mac_accum_en' is written by both blocking and non-blocking assignments, entire logic could be removed [c:/vitis_mnist/mnist_fpga/mnist_fpga.srcs/sources_1/bd/fpga_mnist/ipshared/74f3/src/control_fsm.v:207]
WARNING: [Synth 8-6090] variable 'mac_accum_reset' is written by both blocking and non-blocking assignments, entire logic could be removed [c:/vitis_mnist/mnist_fpga/mnist_fpga.srcs/sources_1/bd/fpga_mnist/ipshared/74f3/src/control_fsm.v:208]
INFO: [Synth 8-6155] done synthesizing module 'control_fsm' (0#1) [c:/vitis_mnist/mnist_fpga/mnist_fpga.srcs/sources_1/bd/fpga_mnist/ipshared/74f3/src/control_fsm.v:2]
INFO: [Synth 8-6157] synthesizing module 'argmax_fsm' [c:/vitis_mnist/mnist_fpga/mnist_fpga.srcs/sources_1/bd/fpga_mnist/ipshared/74f3/src/argmax_fsm.v:1]
INFO: [Synth 8-6155] done synthesizing module 'argmax_fsm' (0#1) [c:/vitis_mnist/mnist_fpga/mnist_fpga.srcs/sources_1/bd/fpga_mnist/ipshared/74f3/src/argmax_fsm.v:1]
INFO: [Synth 8-6157] synthesizing module 'seven_seg' [c:/vitis_mnist/mnist_fpga/mnist_fpga.srcs/sources_1/bd/fpga_mnist/ipshared/74f3/src/seven_seg.v:2]
INFO: [Synth 8-6155] done synthesizing module 'seven_seg' (0#1) [c:/vitis_mnist/mnist_fpga/mnist_fpga.srcs/sources_1/bd/fpga_mnist/ipshared/74f3/src/seven_seg.v:2]
INFO: [Synth 8-6155] done synthesizing module 'mnist_fpga_accel' (0#1) [c:/vitis_mnist/mnist_fpga/mnist_fpga.srcs/sources_1/bd/fpga_mnist/ipshared/74f3/src/mnist_fpga_accel.v:6]
WARNING: [Synth 8-689] width (3) of port connection 'dbg_state' does not match port width (8) of module 'mnist_fpga_accel' [c:/vitis_mnist/mnist_fpga/mnist_fpga.srcs/sources_1/bd/fpga_mnist/ipshared/74f3/src/mnist_accel_slave_lite_v1_0_S_AXI.v:484]
WARNING: [Synth 8-689] width (16) of port connection 'dbg_neuron_index' does not match port width (32) of module 'mnist_fpga_accel' [c:/vitis_mnist/mnist_fpga/mnist_fpga.srcs/sources_1/bd/fpga_mnist/ipshared/74f3/src/mnist_accel_slave_lite_v1_0_S_AXI.v:486]
WARNING: [Synth 8-689] width (1) of port connection 'dbg_start_fc2' does not match port width (8) of module 'mnist_fpga_accel' [c:/vitis_mnist/mnist_fpga/mnist_fpga.srcs/sources_1/bd/fpga_mnist/ipshared/74f3/src/mnist_accel_slave_lite_v1_0_S_AXI.v:487]
INFO: [Synth 8-6155] done synthesizing module 'mnist_accel_slave_lite_v1_0_S_AXI' (0#1) [c:/vitis_mnist/mnist_fpga/mnist_fpga.srcs/sources_1/bd/fpga_mnist/ipshared/74f3/src/mnist_accel_slave_lite_v1_0_S_AXI.v:4]
INFO: [Synth 8-6155] done synthesizing module 'mnist_accel' (0#1) [c:/vitis_mnist/mnist_fpga/mnist_fpga.srcs/sources_1/bd/fpga_mnist/ipshared/74f3/hdl/mnist_accel.v:4]
INFO: [Synth 8-6155] done synthesizing module 'fpga_mnist_mnist_accel_0_2' (0#1) [c:/vitis_mnist/mnist_fpga/mnist_fpga.gen/sources_1/bd/fpga_mnist/ip/fpga_mnist_mnist_accel_0_2/synth/fpga_mnist_mnist_accel_0_2.v:53]
WARNING: [Synth 8-7137] Register fc2_out_reg[0] in module layer_two_fsm has both Set and reset with same priority. This may cause simulation mismatches. Consider rewriting code  [c:/vitis_mnist/mnist_fpga/mnist_fpga.srcs/sources_1/bd/fpga_mnist/ipshared/74f3/src/layer_two_fsm.v:140]
WARNING: [Synth 8-7137] Register fc2_out_reg[1] in module layer_two_fsm has both Set and reset with same priority. This may cause simulation mismatches. Consider rewriting code  [c:/vitis_mnist/mnist_fpga/mnist_fpga.srcs/sources_1/bd/fpga_mnist/ipshared/74f3/src/layer_two_fsm.v:140]
WARNING: [Synth 8-7137] Register fc2_out_reg[2] in module layer_two_fsm has both Set and reset with same priority. This may cause simulation mismatches. Consider rewriting code  [c:/vitis_mnist/mnist_fpga/mnist_fpga.srcs/sources_1/bd/fpga_mnist/ipshared/74f3/src/layer_two_fsm.v:140]
WARNING: [Synth 8-7137] Register fc2_out_reg[3] in module layer_two_fsm has both Set and reset with same priority. This may cause simulation mismatches. Consider rewriting code  [c:/vitis_mnist/mnist_fpga/mnist_fpga.srcs/sources_1/bd/fpga_mnist/ipshared/74f3/src/layer_two_fsm.v:140]
WARNING: [Synth 8-7137] Register fc2_out_reg[4] in module layer_two_fsm has both Set and reset with same priority. This may cause simulation mismatches. Consider rewriting code  [c:/vitis_mnist/mnist_fpga/mnist_fpga.srcs/sources_1/bd/fpga_mnist/ipshared/74f3/src/layer_two_fsm.v:140]
WARNING: [Synth 8-7137] Register fc2_out_reg[5] in module layer_two_fsm has both Set and reset with same priority. This may cause simulation mismatches. Consider rewriting code  [c:/vitis_mnist/mnist_fpga/mnist_fpga.srcs/sources_1/bd/fpga_mnist/ipshared/74f3/src/layer_two_fsm.v:140]
WARNING: [Synth 8-7137] Register fc2_out_reg[6] in module layer_two_fsm has both Set and reset with same priority. This may cause simulation mismatches. Consider rewriting code  [c:/vitis_mnist/mnist_fpga/mnist_fpga.srcs/sources_1/bd/fpga_mnist/ipshared/74f3/src/layer_two_fsm.v:140]
WARNING: [Synth 8-7137] Register fc2_out_reg[7] in module layer_two_fsm has both Set and reset with same priority. This may cause simulation mismatches. Consider rewriting code  [c:/vitis_mnist/mnist_fpga/mnist_fpga.srcs/sources_1/bd/fpga_mnist/ipshared/74f3/src/layer_two_fsm.v:140]
WARNING: [Synth 8-7137] Register fc2_out_reg[8] in module layer_two_fsm has both Set and reset with same priority. This may cause simulation mismatches. Consider rewriting code  [c:/vitis_mnist/mnist_fpga/mnist_fpga.srcs/sources_1/bd/fpga_mnist/ipshared/74f3/src/layer_two_fsm.v:140]
WARNING: [Synth 8-7137] Register fc2_out_reg[9] in module layer_two_fsm has both Set and reset with same priority. This may cause simulation mismatches. Consider rewriting code  [c:/vitis_mnist/mnist_fpga/mnist_fpga.srcs/sources_1/bd/fpga_mnist/ipshared/74f3/src/layer_two_fsm.v:140]
WARNING: [Synth 8-6014] Unused sequential element debug_cnt_reg was removed.  [c:/vitis_mnist/mnist_fpga/mnist_fpga.srcs/sources_1/bd/fpga_mnist/ipshared/74f3/src/control_fsm.v:221]
WARNING: [Synth 8-6014] Unused sequential element pixels_loaded_reg was removed.  [c:/vitis_mnist/mnist_fpga/mnist_fpga.srcs/sources_1/bd/fpga_mnist/ipshared/74f3/src/mnist_fpga_accel.v:100]
WARNING: [Synth 8-6014] Unused sequential element result_digit_reg was removed.  [c:/vitis_mnist/mnist_fpga/mnist_fpga.srcs/sources_1/bd/fpga_mnist/ipshared/74f3/src/mnist_accel_slave_lite_v1_0_S_AXI.v:464]
WARNING: [Synth 8-7129] Port read_addr_byte[7] in module pixel_buffer is either unconnected or has no load
WARNING: [Synth 8-7129] Port read_addr_byte[6] in module pixel_buffer is either unconnected or has no load
WARNING: [Synth 8-7129] Port read_addr_byte[5] in module pixel_buffer is either unconnected or has no load
WARNING: [Synth 8-7129] Port read_addr_byte[4] in module pixel_buffer is either unconnected or has no load
WARNING: [Synth 8-7129] Port read_addr_byte[3] in module pixel_buffer is either unconnected or has no load
WARNING: [Synth 8-7129] Port read_addr_byte[2] in module pixel_buffer is either unconnected or has no load
WARNING: [Synth 8-7129] Port read_addr_byte[1] in module pixel_buffer is either unconnected or has no load
WARNING: [Synth 8-7129] Port read_addr_byte[0] in module pixel_buffer is either unconnected or has no load
WARNING: [Synth 8-7129] Port S_AXI_AWPROT[2] in module mnist_accel_slave_lite_v1_0_S_AXI is either unconnected or has no load
WARNING: [Synth 8-7129] Port S_AXI_AWPROT[1] in module mnist_accel_slave_lite_v1_0_S_AXI is either unconnected or has no load
WARNING: [Synth 8-7129] Port S_AXI_AWPROT[0] in module mnist_accel_slave_lite_v1_0_S_AXI is either unconnected or has no load
WARNING: [Synth 8-7129] Port S_AXI_WDATA[31] in module mnist_accel_slave_lite_v1_0_S_AXI is either unconnected or has no load
WARNING: [Synth 8-7129] Port S_AXI_WDATA[30] in module mnist_accel_slave_lite_v1_0_S_AXI is either unconnected or has no load
WARNING: [Synth 8-7129] Port S_AXI_WDATA[29] in module mnist_accel_slave_lite_v1_0_S_AXI is either unconnected or has no load
WARNING: [Synth 8-7129] Port S_AXI_WDATA[28] in module mnist_accel_slave_lite_v1_0_S_AXI is either unconnected or has no load
WARNING: [Synth 8-7129] Port S_AXI_WDATA[27] in module mnist_accel_slave_lite_v1_0_S_AXI is either unconnected or has no load
WARNING: [Synth 8-7129] Port S_AXI_WDATA[26] in module mnist_accel_slave_lite_v1_0_S_AXI is either unconnected or has no load
WARNING: [Synth 8-7129] Port S_AXI_WDATA[25] in module mnist_accel_slave_lite_v1_0_S_AXI is either unconnected or has no load
WARNING: [Synth 8-7129] Port S_AXI_WDATA[24] in module mnist_accel_slave_lite_v1_0_S_AXI is either unconnected or has no load
WARNING: [Synth 8-7129] Port S_AXI_WDATA[23] in module mnist_accel_slave_lite_v1_0_S_AXI is either unconnected or has no load
WARNING: [Synth 8-7129] Port S_AXI_WDATA[22] in module mnist_accel_slave_lite_v1_0_S_AXI is either unconnected or has no load
WARNING: [Synth 8-7129] Port S_AXI_WDATA[21] in module mnist_accel_slave_lite_v1_0_S_AXI is either unconnected or has no load
WARNING: [Synth 8-7129] Port S_AXI_WDATA[20] in module mnist_accel_slave_lite_v1_0_S_AXI is either unconnected or has no load
WARNING: [Synth 8-7129] Port S_AXI_WDATA[19] in module mnist_accel_slave_lite_v1_0_S_AXI is either unconnected or has no load
WARNING: [Synth 8-7129] Port S_AXI_WDATA[18] in module mnist_accel_slave_lite_v1_0_S_AXI is either unconnected or has no load
WARNING: [Synth 8-7129] Port S_AXI_WDATA[17] in module mnist_accel_slave_lite_v1_0_S_AXI is either unconnected or has no load
WARNING: [Synth 8-7129] Port S_AXI_WDATA[16] in module mnist_accel_slave_lite_v1_0_S_AXI is either unconnected or has no load
WARNING: [Synth 8-7129] Port S_AXI_WDATA[15] in module mnist_accel_slave_lite_v1_0_S_AXI is either unconnected or has no load
WARNING: [Synth 8-7129] Port S_AXI_WDATA[14] in module mnist_accel_slave_lite_v1_0_S_AXI is either unconnected or has no load
WARNING: [Synth 8-7129] Port S_AXI_WDATA[13] in module mnist_accel_slave_lite_v1_0_S_AXI is either unconnected or has no load
WARNING: [Synth 8-7129] Port S_AXI_WDATA[12] in module mnist_accel_slave_lite_v1_0_S_AXI is either unconnected or has no load
WARNING: [Synth 8-7129] Port S_AXI_WDATA[11] in module mnist_accel_slave_lite_v1_0_S_AXI is either unconnected or has no load
WARNING: [Synth 8-7129] Port S_AXI_WDATA[10] in module mnist_accel_slave_lite_v1_0_S_AXI is either unconnected or has no load
WARNING: [Synth 8-7129] Port S_AXI_WDATA[9] in module mnist_accel_slave_lite_v1_0_S_AXI is either unconnected or has no load
WARNING: [Synth 8-7129] Port S_AXI_WDATA[8] in module mnist_accel_slave_lite_v1_0_S_AXI is either unconnected or has no load
WARNING: [Synth 8-7129] Port S_AXI_WSTRB[3] in module mnist_accel_slave_lite_v1_0_S_AXI is either unconnected or has no load
WARNING: [Synth 8-7129] Port S_AXI_WSTRB[2] in module mnist_accel_slave_lite_v1_0_S_AXI is either unconnected or has no load
WARNING: [Synth 8-7129] Port S_AXI_WSTRB[1] in module mnist_accel_slave_lite_v1_0_S_AXI is either unconnected or has no load
WARNING: [Synth 8-7129] Port S_AXI_ARPROT[2] in module mnist_accel_slave_lite_v1_0_S_AXI is either unconnected or has no load
WARNING: [Synth 8-7129] Port S_AXI_ARPROT[1] in module mnist_accel_slave_lite_v1_0_S_AXI is either unconnected or has no load
WARNING: [Synth 8-7129] Port S_AXI_ARPROT[0] in module mnist_accel_slave_lite_v1_0_S_AXI is either unconnected or has no load
---------------------------------------------------------------------------------
Finished RTL Elaboration : Time (s): cpu = 00:00:08 ; elapsed = 00:00:09 . Memory (MB): peak = 1168.719 ; gain = 599.145
---------------------------------------------------------------------------------
---------------------------------------------------------------------------------
Start Handling Custom Attributes
---------------------------------------------------------------------------------
---------------------------------------------------------------------------------
Finished Handling Custom Attributes : Time (s): cpu = 00:00:08 ; elapsed = 00:00:09 . Memory (MB): peak = 1168.719 ; gain = 599.145
---------------------------------------------------------------------------------
---------------------------------------------------------------------------------
Finished RTL Optimization Phase 1 : Time (s): cpu = 00:00:08 ; elapsed = 00:00:09 . Memory (MB): peak = 1168.719 ; gain = 599.145
---------------------------------------------------------------------------------
Netlist sorting complete. Time (s): cpu = 00:00:00 ; elapsed = 00:00:00.054 . Memory (MB): peak = 1168.719 ; gain = 0.000
INFO: [Project 1-570] Preparing netlist for logic optimization

Processing XDC Constraints
Initializing timing engine
Completed Processing XDC Constraints

Netlist sorting complete. Time (s): cpu = 00:00:00 ; elapsed = 00:00:00.001 . Memory (MB): peak = 1256.457 ; gain = 0.000
INFO: [Project 1-111] Unisim Transformation Summary:
No Unisim elements were transformed.

Constraint Validation Runtime : Time (s): cpu = 00:00:00 ; elapsed = 00:00:00.125 . Memory (MB): peak = 1257.293 ; gain = 0.836
INFO: [Designutils 20-5008] Incremental synthesis strategy off

*** Running vivado
    with args -log fpga_mnist_mnist_accel_0_2.vds -m64 -product Vivado -mode batch -messageDb vivado.pb -notrace -source fpga_mnist_mnist_accel_0_2.tcl



****** Vivado v2024.2 (64-bit)
  **** SW Build 5239630 on Fri Nov 08 22:35:27 MST 2024
  **** IP Build 5239520 on Sun Nov 10 16:12:51 MST 2024
  **** SharedData Build 5239561 on Fri Nov 08 14:39:27 MST 2024
  **** Start of session at: Fri Jan 30 12:26:02 2026
    ** Copyright 1986-2022 Xilinx, Inc. All Rights Reserved.
    ** Copyright 2022-2024 Advanced Micro Devices, Inc. All Rights Reserved.

source fpga_mnist_mnist_accel_0_2.tcl -notrace
INFO: [IP_Flow 19-234] Refreshing IP repositories
INFO: [IP_Flow 19-1700] Loaded user IP repository 'c:/vitis_mnist/ip_repo/mnist_accel_1_0'.
WARNING: [IP_Flow 19-2207] Repository 'c:/vitis_mnist/ip_repo/mnist_accel_1_0' already exists; ignoring attempt to add it again.
INFO: [IP_Flow 19-1700] Loaded user IP repository 'c:/vitis_mnist/ip_repo/mnist_accel_1_0'.
WARNING: [IP_Flow 19-2248] Failed to load user IP repository 'c:/vitis_mnist/mnist_fpga/mnist_fpga.ip_user_files/bd/fpga_mnist/ip/fpga_mnist_mnist_accel_0_0'; Can't find the specified path.
If this directory should no longer be in your list of user repositories, go to the IP Settings dialog and remove it.
INFO: [IP_Flow 19-2313] Loaded Vivado IP repository 'C:/Xilinx/Vivado/2024.2/data/ip'.
INFO: [IP_Flow 19-6924] IPCACHE: Running cache check for IP inst: fpga_mnist_mnist_accel_0_2
Command: synth_design -top fpga_mnist_mnist_accel_0_2 -part xc7a35tcpg236-1 -incremental_mode off -mode out_of_context
Starting synth_design
Attempting to get a license for feature 'Synthesis' and/or device 'xc7a35t'
INFO: [Common 17-349] Got license for feature 'Synthesis' and/or device 'xc7a35t'
INFO: [Device 21-403] Loading part xc7a35tcpg236-1
INFO: [Synth 8-7079] Multithreading enabled for synth_design using a maximum of 2 processes.
INFO: [Synth 8-7078] Launching helper process for spawning children vivado processes
INFO: [Synth 8-7075] Helper process launched with PID 44864
---------------------------------------------------------------------------------
Starting RTL Elaboration : Time (s): cpu = 00:00:05 ; elapsed = 00:00:05 . Memory (MB): peak = 1039.266 ; gain = 467.172
---------------------------------------------------------------------------------
WARNING: [Synth 8-6901] identifier 'control_write_strobe' is used before its declaration [c:/vitis_mnist/mnist_fpga/mnist_fpga.srcs/sources_1/bd/fpga_mnist/ipshared/74f3/src/mnist_accel_slave_lite_v1_0_S_AXI.v:352]
WARNING: [Synth 8-6901] identifier 'pix_data_write_strobe' is used before its declaration [c:/vitis_mnist/mnist_fpga/mnist_fpga.srcs/sources_1/bd/fpga_mnist/ipshared/74f3/src/mnist_accel_slave_lite_v1_0_S_AXI.v:353]
INFO: [Synth 8-6157] synthesizing module 'fpga_mnist_mnist_accel_0_2' [c:/vitis_mnist/mnist_fpga/mnist_fpga.gen/sources_1/bd/fpga_mnist/ip/fpga_mnist_mnist_accel_0_2/synth/fpga_mnist_mnist_accel_0_2.v:53]
INFO: [Synth 8-6157] synthesizing module 'mnist_accel' [c:/vitis_mnist/mnist_fpga/mnist_fpga.srcs/sources_1/bd/fpga_mnist/ipshared/74f3/hdl/mnist_accel.v:4]
INFO: [Synth 8-6157] synthesizing module 'mnist_accel_slave_lite_v1_0_S_AXI' [c:/vitis_mnist/mnist_fpga/mnist_fpga.srcs/sources_1/bd/fpga_mnist/ipshared/74f3/src/mnist_accel_slave_lite_v1_0_S_AXI.v:4]
INFO: [Synth 8-155] case statement is not full and has no default [c:/vitis_mnist/mnist_fpga/mnist_fpga.srcs/sources_1/bd/fpga_mnist/ipshared/74f3/src/mnist_accel_slave_lite_v1_0_S_AXI.v:185]
INFO: [Synth 8-155] case statement is not full and has no default [c:/vitis_mnist/mnist_fpga/mnist_fpga.srcs/sources_1/bd/fpga_mnist/ipshared/74f3/src/mnist_accel_slave_lite_v1_0_S_AXI.v:312]
INFO: [Synth 8-226] default block is never used [c:/vitis_mnist/mnist_fpga/mnist_fpga.srcs/sources_1/bd/fpga_mnist/ipshared/74f3/src/mnist_accel_slave_lite_v1_0_S_AXI.v:438]
INFO: [Synth 8-6157] synthesizing module 'mnist_fpga_accel' [c:/vitis_mnist/mnist_fpga/mnist_fpga.srcs/sources_1/bd/fpga_mnist/ipshared/74f3/src/mnist_fpga_accel.v:6]
INFO: [Synth 8-6157] synthesizing module 'pixel_buffer' [c:/vitis_mnist/mnist_fpga/mnist_fpga.srcs/sources_1/bd/fpga_mnist/ipshared/74f3/src/pixel_buffer.v:14]
INFO: [Synth 8-6155] done synthesizing module 'pixel_buffer' (0#1) [c:/vitis_mnist/mnist_fpga/mnist_fpga.srcs/sources_1/bd/fpga_mnist/ipshared/74f3/src/pixel_buffer.v:14]
INFO: [Synth 8-6157] synthesizing module 'weight_bram' [c:/vitis_mnist/mnist_fpga/mnist_fpga.srcs/sources_1/bd/fpga_mnist/ipshared/74f3/src/weight_bram.v:6]
INFO: [Synth 8-251] Loading FC2 weight file: weights.mem [c:/vitis_mnist/mnist_fpga/mnist_fpga.srcs/sources_1/bd/fpga_mnist/ipshared/74f3/src/weight_bram.v:21]
INFO: [Synth 8-3876] $readmem data file 'weights.mem' is read successfully [c:/vitis_mnist/mnist_fpga/mnist_fpga.srcs/sources_1/bd/fpga_mnist/ipshared/74f3/src/weight_bram.v:22]
INFO: [Synth 8-6155] done synthesizing module 'weight_bram' (0#1) [c:/vitis_mnist/mnist_fpga/mnist_fpga.srcs/sources_1/bd/fpga_mnist/ipshared/74f3/src/weight_bram.v:6]
INFO: [Synth 8-6157] synthesizing module 'weight_bram__parameterized0' [c:/vitis_mnist/mnist_fpga/mnist_fpga.srcs/sources_1/bd/fpga_mnist/ipshared/74f3/src/weight_bram.v:6]
INFO: [Synth 8-251] Loading FC2 weight file: fc2_weights.mem [c:/vitis_mnist/mnist_fpga/mnist_fpga.srcs/sources_1/bd/fpga_mnist/ipshared/74f3/src/weight_bram.v:21]
INFO: [Synth 8-3876] $readmem data file 'fc2_weights.mem' is read successfully [c:/vitis_mnist/mnist_fpga/mnist_fpga.srcs/sources_1/bd/fpga_mnist/ipshared/74f3/src/weight_bram.v:22]
INFO: [Synth 8-6155] done synthesizing module 'weight_bram__parameterized0' (0#1) [c:/vitis_mnist/mnist_fpga/mnist_fpga.srcs/sources_1/bd/fpga_mnist/ipshared/74f3/src/weight_bram.v:6]
INFO: [Synth 8-6157] synthesizing module 'bias_bram' [c:/vitis_mnist/mnist_fpga/mnist_fpga.srcs/sources_1/bd/fpga_mnist/ipshared/74f3/src/bias_bram.v:6]
INFO: [Synth 8-251] Loading FC2 bias file: biases.mem [c:/vitis_mnist/mnist_fpga/mnist_fpga.srcs/sources_1/bd/fpga_mnist/ipshared/74f3/src/bias_bram.v:20]
INFO: [Synth 8-3876] $readmem data file 'biases.mem' is read successfully [c:/vitis_mnist/mnist_fpga/mnist_fpga.srcs/sources_1/bd/fpga_mnist/ipshared/74f3/src/bias_bram.v:21]
INFO: [Synth 8-6155] done synthesizing module 'bias_bram' (0#1) [c:/vitis_mnist/mnist_fpga/mnist_fpga.srcs/sources_1/bd/fpga_mnist/ipshared/74f3/src/bias_bram.v:6]
INFO: [Synth 8-6157] synthesizing module 'bias_bram__parameterized0' [c:/vitis_mnist/mnist_fpga/mnist_fpga.srcs/sources_1/bd/fpga_mnist/ipshared/74f3/src/bias_bram.v:6]
INFO: [Synth 8-251] Loading FC2 bias file: fc2_biases.mem [c:/vitis_mnist/mnist_fpga/mnist_fpga.srcs/sources_1/bd/fpga_mnist/ipshared/74f3/src/bias_bram.v:20]
INFO: [Synth 8-3876] $readmem data file 'fc2_biases.mem' is read successfully [c:/vitis_mnist/mnist_fpga/mnist_fpga.srcs/sources_1/bd/fpga_mnist/ipshared/74f3/src/bias_bram.v:21]
INFO: [Synth 8-6155] done synthesizing module 'bias_bram__parameterized0' (0#1) [c:/vitis_mnist/mnist_fpga/mnist_fpga.srcs/sources_1/bd/fpga_mnist/ipshared/74f3/src/bias_bram.v:6]
INFO: [Synth 8-6157] synthesizing module 'mac_array' [c:/vitis_mnist/mnist_fpga/mnist_fpga.srcs/sources_1/bd/fpga_mnist/ipshared/74f3/src/mac_array.v:2]
INFO: [Synth 8-6155] done synthesizing module 'mac_array' (0#1) [c:/vitis_mnist/mnist_fpga/mnist_fpga.srcs/sources_1/bd/fpga_mnist/ipshared/74f3/src/mac_array.v:2]
INFO: [Synth 8-6157] synthesizing module 'layer_two_fsm' [c:/vitis_mnist/mnist_fpga/mnist_fpga.srcs/sources_1/bd/fpga_mnist/ipshared/74f3/src/layer_two_fsm.v:6]
INFO: [Synth 8-155] case statement is not full and has no default [c:/vitis_mnist/mnist_fpga/mnist_fpga.srcs/sources_1/bd/fpga_mnist/ipshared/74f3/src/layer_two_fsm.v:88]
INFO: [Synth 8-155] case statement is not full and has no default [c:/vitis_mnist/mnist_fpga/mnist_fpga.srcs/sources_1/bd/fpga_mnist/ipshared/74f3/src/layer_two_fsm.v:161]
INFO: [Synth 8-6155] done synthesizing module 'layer_two_fsm' (0#1) [c:/vitis_mnist/mnist_fpga/mnist_fpga.srcs/sources_1/bd/fpga_mnist/ipshared/74f3/src/layer_two_fsm.v:6]
INFO: [Synth 8-6157] synthesizing module 'control_fsm' [c:/vitis_mnist/mnist_fpga/mnist_fpga.srcs/sources_1/bd/fpga_mnist/ipshared/74f3/src/control_fsm.v:2]
WARNING: [Synth 8-6090] variable 'mac_accum_en' is written by both blocking and non-blocking assignments, entire logic could be removed [c:/vitis_mnist/mnist_fpga/mnist_fpga.srcs/sources_1/bd/fpga_mnist/ipshared/74f3/src/control_fsm.v:207]
WARNING: [Synth 8-6090] variable 'mac_accum_reset' is written by both blocking and non-blocking assignments, entire logic could be removed [c:/vitis_mnist/mnist_fpga/mnist_fpga.srcs/sources_1/bd/fpga_mnist/ipshared/74f3/src/control_fsm.v:208]
INFO: [Synth 8-6155] done synthesizing module 'control_fsm' (0#1) [c:/vitis_mnist/mnist_fpga/mnist_fpga.srcs/sources_1/bd/fpga_mnist/ipshared/74f3/src/control_fsm.v:2]
INFO: [Synth 8-6157] synthesizing module 'argmax_fsm' [c:/vitis_mnist/mnist_fpga/mnist_fpga.srcs/sources_1/bd/fpga_mnist/ipshared/74f3/src/argmax_fsm.v:1]
INFO: [Synth 8-6155] done synthesizing module 'argmax_fsm' (0#1) [c:/vitis_mnist/mnist_fpga/mnist_fpga.srcs/sources_1/bd/fpga_mnist/ipshared/74f3/src/argmax_fsm.v:1]
INFO: [Synth 8-6157] synthesizing module 'seven_seg' [c:/vitis_mnist/mnist_fpga/mnist_fpga.srcs/sources_1/bd/fpga_mnist/ipshared/74f3/src/seven_seg.v:2]
INFO: [Synth 8-6155] done synthesizing module 'seven_seg' (0#1) [c:/vitis_mnist/mnist_fpga/mnist_fpga.srcs/sources_1/bd/fpga_mnist/ipshared/74f3/src/seven_seg.v:2]
INFO: [Synth 8-6155] done synthesizing module 'mnist_fpga_accel' (0#1) [c:/vitis_mnist/mnist_fpga/mnist_fpga.srcs/sources_1/bd/fpga_mnist/ipshared/74f3/src/mnist_fpga_accel.v:6]
WARNING: [Synth 8-689] width (3) of port connection 'dbg_state' does not match port width (8) of module 'mnist_fpga_accel' [c:/vitis_mnist/mnist_fpga/mnist_fpga.srcs/sources_1/bd/fpga_mnist/ipshared/74f3/src/mnist_accel_slave_lite_v1_0_S_AXI.v:484]
WARNING: [Synth 8-689] width (16) of port connection 'dbg_neuron_index' does not match port width (32) of module 'mnist_fpga_accel' [c:/vitis_mnist/mnist_fpga/mnist_fpga.srcs/sources_1/bd/fpga_mnist/ipshared/74f3/src/mnist_accel_slave_lite_v1_0_S_AXI.v:486]
WARNING: [Synth 8-689] width (1) of port connection 'dbg_start_fc2' does not match port width (8) of module 'mnist_fpga_accel' [c:/vitis_mnist/mnist_fpga/mnist_fpga.srcs/sources_1/bd/fpga_mnist/ipshared/74f3/src/mnist_accel_slave_lite_v1_0_S_AXI.v:487]
INFO: [Synth 8-6155] done synthesizing module 'mnist_accel_slave_lite_v1_0_S_AXI' (0#1) [c:/vitis_mnist/mnist_fpga/mnist_fpga.srcs/sources_1/bd/fpga_mnist/ipshared/74f3/src/mnist_accel_slave_lite_v1_0_S_AXI.v:4]
INFO: [Synth 8-6155] done synthesizing module 'mnist_accel' (0#1) [c:/vitis_mnist/mnist_fpga/mnist_fpga.srcs/sources_1/bd/fpga_mnist/ipshared/74f3/hdl/mnist_accel.v:4]
INFO: [Synth 8-6155] done synthesizing module 'fpga_mnist_mnist_accel_0_2' (0#1) [c:/vitis_mnist/mnist_fpga/mnist_fpga.gen/sources_1/bd/fpga_mnist/ip/fpga_mnist_mnist_accel_0_2/synth/fpga_mnist_mnist_accel_0_2.v:53]
WARNING: [Synth 8-7137] Register fc2_out_reg[0] in module layer_two_fsm has both Set and reset with same priority. This may cause simulation mismatches. Consider rewriting code  [c:/vitis_mnist/mnist_fpga/mnist_fpga.srcs/sources_1/bd/fpga_mnist/ipshared/74f3/src/layer_two_fsm.v:140]
WARNING: [Synth 8-7137] Register fc2_out_reg[1] in module layer_two_fsm has both Set and reset with same priority. This may cause simulation mismatches. Consider rewriting code  [c:/vitis_mnist/mnist_fpga/mnist_fpga.srcs/sources_1/bd/fpga_mnist/ipshared/74f3/src/layer_two_fsm.v:140]
WARNING: [Synth 8-7137] Register fc2_out_reg[2] in module layer_two_fsm has both Set and reset with same priority. This may cause simulation mismatches. Consider rewriting code  [c:/vitis_mnist/mnist_fpga/mnist_fpga.srcs/sources_1/bd/fpga_mnist/ipshared/74f3/src/layer_two_fsm.v:140]
WARNING: [Synth 8-7137] Register fc2_out_reg[3] in module layer_two_fsm has both Set and reset with same priority. This may cause simulation mismatches. Consider rewriting code  [c:/vitis_mnist/mnist_fpga/mnist_fpga.srcs/sources_1/bd/fpga_mnist/ipshared/74f3/src/layer_two_fsm.v:140]
WARNING: [Synth 8-7137] Register fc2_out_reg[4] in module layer_two_fsm has both Set and reset with same priority. This may cause simulation mismatches. Consider rewriting code  [c:/vitis_mnist/mnist_fpga/mnist_fpga.srcs/sources_1/bd/fpga_mnist/ipshared/74f3/src/layer_two_fsm.v:140]
WARNING: [Synth 8-7137] Register fc2_out_reg[5] in module layer_two_fsm has both Set and reset with same priority. This may cause simulation mismatches. Consider rewriting code  [c:/vitis_mnist/mnist_fpga/mnist_fpga.srcs/sources_1/bd/fpga_mnist/ipshared/74f3/src/layer_two_fsm.v:140]
WARNING: [Synth 8-7137] Register fc2_out_reg[6] in module layer_two_fsm has both Set and reset with same priority. This may cause simulation mismatches. Consider rewriting code  [c:/vitis_mnist/mnist_fpga/mnist_fpga.srcs/sources_1/bd/fpga_mnist/ipshared/74f3/src/layer_two_fsm.v:140]
WARNING: [Synth 8-7137] Register fc2_out_reg[7] in module layer_two_fsm has both Set and reset with same priority. This may cause simulation mismatches. Consider rewriting code  [c:/vitis_mnist/mnist_fpga/mnist_fpga.srcs/sources_1/bd/fpga_mnist/ipshared/74f3/src/layer_two_fsm.v:140]
WARNING: [Synth 8-7137] Register fc2_out_reg[8] in module layer_two_fsm has both Set and reset with same priority. This may cause simulation mismatches. Consider rewriting code  [c:/vitis_mnist/mnist_fpga/mnist_fpga.srcs/sources_1/bd/fpga_mnist/ipshared/74f3/src/layer_two_fsm.v:140]
WARNING: [Synth 8-7137] Register fc2_out_reg[9] in module layer_two_fsm has both Set and reset with same priority. This may cause simulation mismatches. Consider rewriting code  [c:/vitis_mnist/mnist_fpga/mnist_fpga.srcs/sources_1/bd/fpga_mnist/ipshared/74f3/src/layer_two_fsm.v:140]
WARNING: [Synth 8-6014] Unused sequential element debug_cnt_reg was removed.  [c:/vitis_mnist/mnist_fpga/mnist_fpga.srcs/sources_1/bd/fpga_mnist/ipshared/74f3/src/control_fsm.v:221]
WARNING: [Synth 8-6014] Unused sequential element pixels_loaded_reg was removed.  [c:/vitis_mnist/mnist_fpga/mnist_fpga.srcs/sources_1/bd/fpga_mnist/ipshared/74f3/src/mnist_fpga_accel.v:100]
WARNING: [Synth 8-6014] Unused sequential element result_digit_reg was removed.  [c:/vitis_mnist/mnist_fpga/mnist_fpga.srcs/sources_1/bd/fpga_mnist/ipshared/74f3/src/mnist_accel_slave_lite_v1_0_S_AXI.v:464]
WARNING: [Synth 8-7129] Port read_addr_byte[7] in module pixel_buffer is either unconnected or has no load
WARNING: [Synth 8-7129] Port read_addr_byte[6] in module pixel_buffer is either unconnected or has no load
WARNING: [Synth 8-7129] Port read_addr_byte[5] in module pixel_buffer is either unconnected or has no load
WARNING: [Synth 8-7129] Port read_addr_byte[4] in module pixel_buffer is either unconnected or has no load
WARNING: [Synth 8-7129] Port read_addr_byte[3] in module pixel_buffer is either unconnected or has no load
WARNING: [Synth 8-7129] Port read_addr_byte[2] in module pixel_buffer is either unconnected or has no load
WARNING: [Synth 8-7129] Port read_addr_byte[1] in module pixel_buffer is either unconnected or has no load
WARNING: [Synth 8-7129] Port read_addr_byte[0] in module pixel_buffer is either unconnected or has no load
WARNING: [Synth 8-7129] Port S_AXI_AWPROT[2] in module mnist_accel_slave_lite_v1_0_S_AXI is either unconnected or has no load
WARNING: [Synth 8-7129] Port S_AXI_AWPROT[1] in module mnist_accel_slave_lite_v1_0_S_AXI is either unconnected or has no load
WARNING: [Synth 8-7129] Port S_AXI_AWPROT[0] in module mnist_accel_slave_lite_v1_0_S_AXI is either unconnected or has no load
WARNING: [Synth 8-7129] Port S_AXI_WDATA[31] in module mnist_accel_slave_lite_v1_0_S_AXI is either unconnected or has no load
WARNING: [Synth 8-7129] Port S_AXI_WDATA[30] in module mnist_accel_slave_lite_v1_0_S_AXI is either unconnected or has no load
WARNING: [Synth 8-7129] Port S_AXI_WDATA[29] in module mnist_accel_slave_lite_v1_0_S_AXI is either unconnected or has no load
WARNING: [Synth 8-7129] Port S_AXI_WDATA[28] in module mnist_accel_slave_lite_v1_0_S_AXI is either unconnected or has no load
WARNING: [Synth 8-7129] Port S_AXI_WDATA[27] in module mnist_accel_slave_lite_v1_0_S_AXI is either unconnected or has no load
WARNING: [Synth 8-7129] Port S_AXI_WDATA[26] in module mnist_accel_slave_lite_v1_0_S_AXI is either unconnected or has no load
WARNING: [Synth 8-7129] Port S_AXI_WDATA[25] in module mnist_accel_slave_lite_v1_0_S_AXI is either unconnected or has no load
WARNING: [Synth 8-7129] Port S_AXI_WDATA[24] in module mnist_accel_slave_lite_v1_0_S_AXI is either unconnected or has no load
WARNING: [Synth 8-7129] Port S_AXI_WDATA[23] in module mnist_accel_slave_lite_v1_0_S_AXI is either unconnected or has no load
WARNING: [Synth 8-7129] Port S_AXI_WDATA[22] in module mnist_accel_slave_lite_v1_0_S_AXI is either unconnected or has no load
WARNING: [Synth 8-7129] Port S_AXI_WDATA[21] in module mnist_accel_slave_lite_v1_0_S_AXI is either unconnected or has no load
WARNING: [Synth 8-7129] Port S_AXI_WDATA[20] in module mnist_accel_slave_lite_v1_0_S_AXI is either unconnected or has no load
WARNING: [Synth 8-7129] Port S_AXI_WDATA[19] in module mnist_accel_slave_lite_v1_0_S_AXI is either unconnected or has no load
WARNING: [Synth 8-7129] Port S_AXI_WDATA[18] in module mnist_accel_slave_lite_v1_0_S_AXI is either unconnected or has no load
WARNING: [Synth 8-7129] Port S_AXI_WDATA[17] in module mnist_accel_slave_lite_v1_0_S_AXI is either unconnected or has no load
WARNING: [Synth 8-7129] Port S_AXI_WDATA[16] in module mnist_accel_slave_lite_v1_0_S_AXI is either unconnected or has no load
WARNING: [Synth 8-7129] Port S_AXI_WDATA[15] in module mnist_accel_slave_lite_v1_0_S_AXI is either unconnected or has no load
WARNING: [Synth 8-7129] Port S_AXI_WDATA[14] in module mnist_accel_slave_lite_v1_0_S_AXI is either unconnected or has no load
WARNING: [Synth 8-7129] Port S_AXI_WDATA[13] in module mnist_accel_slave_lite_v1_0_S_AXI is either unconnected or has no load
WARNING: [Synth 8-7129] Port S_AXI_WDATA[12] in module mnist_accel_slave_lite_v1_0_S_AXI is either unconnected or has no load
WARNING: [Synth 8-7129] Port S_AXI_WDATA[11] in module mnist_accel_slave_lite_v1_0_S_AXI is either unconnected or has no load
WARNING: [Synth 8-7129] Port S_AXI_WDATA[10] in module mnist_accel_slave_lite_v1_0_S_AXI is either unconnected or has no load
WARNING: [Synth 8-7129] Port S_AXI_WDATA[9] in module mnist_accel_slave_lite_v1_0_S_AXI is either unconnected or has no load
WARNING: [Synth 8-7129] Port S_AXI_WDATA[8] in module mnist_accel_slave_lite_v1_0_S_AXI is either unconnected or has no load
WARNING: [Synth 8-7129] Port S_AXI_WSTRB[3] in module mnist_accel_slave_lite_v1_0_S_AXI is either unconnected or has no load
WARNING: [Synth 8-7129] Port S_AXI_WSTRB[2] in module mnist_accel_slave_lite_v1_0_S_AXI is either unconnected or has no load
WARNING: [Synth 8-7129] Port S_AXI_WSTRB[1] in module mnist_accel_slave_lite_v1_0_S_AXI is either unconnected or has no load
WARNING: [Synth 8-7129] Port S_AXI_ARPROT[2] in module mnist_accel_slave_lite_v1_0_S_AXI is either unconnected or has no load
WARNING: [Synth 8-7129] Port S_AXI_ARPROT[1] in module mnist_accel_slave_lite_v1_0_S_AXI is either unconnected or has no load
WARNING: [Synth 8-7129] Port S_AXI_ARPROT[0] in module mnist_accel_slave_lite_v1_0_S_AXI is either unconnected or has no load
---------------------------------------------------------------------------------
Finished RTL Elaboration : Time (s): cpu = 00:00:06 ; elapsed = 00:00:07 . Memory (MB): peak = 1172.031 ; gain = 599.938
---------------------------------------------------------------------------------
---------------------------------------------------------------------------------
Start Handling Custom Attributes
---------------------------------------------------------------------------------
---------------------------------------------------------------------------------
Finished Handling Custom Attributes : Time (s): cpu = 00:00:06 ; elapsed = 00:00:07 . Memory (MB): peak = 1172.031 ; gain = 599.938
---------------------------------------------------------------------------------
---------------------------------------------------------------------------------
Finished RTL Optimization Phase 1 : Time (s): cpu = 00:00:06 ; elapsed = 00:00:07 . Memory (MB): peak = 1172.031 ; gain = 599.938
---------------------------------------------------------------------------------
Netlist sorting complete. Time (s): cpu = 00:00:00 ; elapsed = 00:00:00.049 . Memory (MB): peak = 1172.031 ; gain = 0.000
INFO: [Project 1-570] Preparing netlist for logic optimization

Processing XDC Constraints
Initializing timing engine
Completed Processing XDC Constraints

Netlist sorting complete. Time (s): cpu = 00:00:00 ; elapsed = 00:00:00 . Memory (MB): peak = 1261.625 ; gain = 0.000
INFO: [Project 1-111] Unisim Transformation Summary:
No Unisim elements were transformed.

Constraint Validation Runtime : Time (s): cpu = 00:00:00 ; elapsed = 00:00:00.089 . Memory (MB): peak = 1261.688 ; gain = 0.062
INFO: [Designutils 20-5008] Incremental synthesis strategy off
---------------------------------------------------------------------------------
Finished Constraint Validation : Time (s): cpu = 00:00:15 ; elapsed = 00:00:16 . Memory (MB): peak = 1261.688 ; gain = 689.594
---------------------------------------------------------------------------------
---------------------------------------------------------------------------------
Start Loading Part and Timing Information
---------------------------------------------------------------------------------
Loading part: xc7a35tcpg236-1
---------------------------------------------------------------------------------
Finished Loading Part and Timing Information : Time (s): cpu = 00:00:15 ; elapsed = 00:00:16 . Memory (MB): peak = 1261.688 ; gain = 689.594
---------------------------------------------------------------------------------
---------------------------------------------------------------------------------
Start Applying 'set_property' XDC Constraints
---------------------------------------------------------------------------------
---------------------------------------------------------------------------------
Finished applying 'set_property' XDC Constraints : Time (s): cpu = 00:00:15 ; elapsed = 00:00:16 . Memory (MB): peak = 1261.688 ; gain = 689.594
---------------------------------------------------------------------------------
INFO: [Synth 8-802] inferred FSM for state register 'state_reg' in module 'layer_two_fsm'
INFO: [Synth 8-802] inferred FSM for state register 'state_reg' in module 'control_fsm'
INFO: [Synth 8-802] inferred FSM for state register 'state_reg' in module 'argmax_fsm'
INFO: [Synth 8-802] inferred FSM for state register 'pl_state_reg' in module 'mnist_fpga_accel'
WARNING: [Synth 8-3936] Found unconnected internal register 'axi_araddr_reg' and it is trimmed from '9' to '4' bits. [c:/vitis_mnist/mnist_fpga/mnist_fpga.srcs/sources_1/bd/fpga_mnist/ipshared/74f3/src/mnist_accel_slave_lite_v1_0_S_AXI.v:327]
INFO: [Synth 8-802] inferred FSM for state register 'state_write_reg' in module 'mnist_accel_slave_lite_v1_0_S_AXI'
INFO: [Synth 8-802] inferred FSM for state register 'state_read_reg' in module 'mnist_accel_slave_lite_v1_0_S_AXI'
INFO: [Synth 8-3971] The signal "pixel_buffer:/mem_reg" was recognized as a true dual port RAM template.
---------------------------------------------------------------------------------------------------
                   State |                     New Encoding |                Previous Encoding 
---------------------------------------------------------------------------------------------------
                  S_IDLE |                     000000000001 |                             0000
             S_BIAS_ADDR |                     000000000010 |                             0001
           S_BIAS_WAIT_0 |                     000000000100 |                             0010
           S_BIAS_WAIT_1 |                     000000001000 |                             0011
           S_WEIGHT_ADDR |                     000000010000 |                             0100
         S_WEIGHT_WAIT_0 |                     000000100000 |                             0101
         S_WEIGHT_WAIT_1 |                     000001000000 |                             0110
         S_WEIGHT_WAIT_2 |                     000010000000 |                             0111
                   S_MAC |                     000100000000 |                             1000
                   S_ACC |                     001000000000 |                             1010
                 S_STORE |                     010000000000 |                             1001
                  S_DONE |                     100000000000 |                             1011
---------------------------------------------------------------------------------------------------
INFO: [Synth 8-3354] encoded FSM with state register 'state_reg' using encoding 'one-hot' in module 'layer_two_fsm'
---------------------------------------------------------------------------------------------------
                   State |                     New Encoding |                Previous Encoding 
---------------------------------------------------------------------------------------------------
                  S_IDLE |                          0000001 |                              000
          S_NEURON_START |                          0000010 |                              001
            S_GROUP_READ |                          0000100 |                              010
            S_GROUP_WAIT |                          0001000 |                              011
           S_GROUP_ACCUM |                          0010000 |                              100
            S_NEURON_FIN |                          0100000 |                              101
                  S_DONE |                          1000000 |                              110
---------------------------------------------------------------------------------------------------
INFO: [Synth 8-3354] encoded FSM with state register 'state_reg' using encoding 'one-hot' in module 'control_fsm'
---------------------------------------------------------------------------------------------------
                   State |                     New Encoding |                Previous Encoding 
---------------------------------------------------------------------------------------------------
                  iSTATE |                             0001 |                               00
*
                  S_INIT |                             0010 |                               01
                   S_CMP |                             0100 |                               10
                  S_DONE |                             1000 |                               11
---------------------------------------------------------------------------------------------------
INFO: [Synth 8-3354] encoded FSM with state register 'state_reg' using encoding 'one-hot' in module 'argmax_fsm'
---------------------------------------------------------------------------------------------------
                   State |                     New Encoding |                Previous Encoding 
---------------------------------------------------------------------------------------------------
                 PL_IDLE |                              001 |                               00
                 PL_LOAD |                              010 |                               01
                 PL_DONE |                              100 |                               10
---------------------------------------------------------------------------------------------------
INFO: [Synth 8-3354] encoded FSM with state register 'pl_state_reg' using encoding 'one-hot' in module 'mnist_fpga_accel'
---------------------------------------------------------------------------------------------------
                   State |                     New Encoding |                Previous Encoding 
---------------------------------------------------------------------------------------------------
                    Idle |                               00 |                               00
                   Waddr |                               01 |                               10
                   Wdata |                               10 |                               11
---------------------------------------------------------------------------------------------------
INFO: [Synth 8-3354] encoded FSM with state register 'state_write_reg' using encoding 'sequential' in module 'mnist_accel_slave_lite_v1_0_S_AXI'
---------------------------------------------------------------------------------------------------
                   State |                     New Encoding |                Previous Encoding 
---------------------------------------------------------------------------------------------------
                    Idle |                               00 |                               00
                   Raddr |                               01 |                               10
                   Rdata |                               10 |                               11
---------------------------------------------------------------------------------------------------
INFO: [Synth 8-3354] encoded FSM with state register 'state_read_reg' using encoding 'sequential' in module 'mnist_accel_slave_lite_v1_0_S_AXI'
---------------------------------------------------------------------------------
Finished RTL Optimization Phase 2 : Time (s): cpu = 00:00:16 ; elapsed = 00:00:17 . Memory (MB): peak = 1261.688 ; gain = 689.594
---------------------------------------------------------------------------------
---------------------------------------------------------------------------------
Start RTL Component Statistics 
---------------------------------------------------------------------------------
Detailed RTL Component Info : 
+---Adders : 
	   2 Input   48 Bit       Adders := 1     
	   5 Input   32 Bit       Adders := 1     
	   2 Input   32 Bit       Adders := 1     
	   2 Input   17 Bit       Adders := 2     
	   2 Input   16 Bit       Adders := 2     
	   2 Input    8 Bit       Adders := 1     
	   2 Input    4 Bit       Adders := 3     
	   2 Input    3 Bit       Adders := 1     
	   2 Input    2 Bit       Adders := 1     
+---Registers : 
	               48 Bit    Registers := 1     
	               40 Bit    Registers := 1     
	               32 Bit    Registers := 96    
	               20 Bit    Registers := 1     
	               16 Bit    Registers := 4     
	               12 Bit    Registers := 1     
	                9 Bit    Registers := 1     
	                8 Bit    Registers := 11    
	                6 Bit    Registers := 1     
	                4 Bit    Registers := 7     
	                3 Bit    Registers := 1     
	                2 Bit    Registers := 2     
	                1 Bit    Registers := 20    
+---Multipliers : 
	               8x32  Multipliers := 1     
+---RAMs : 
	               2K Bit	(256 X 8 bit)          RAMs := 1     
+---ROMs : 
	                    ROMs := 2     
+---Muxes : 
	  11 Input   48 Bit        Muxes := 1     
	  65 Input   32 Bit        Muxes := 1     
	  11 Input   32 Bit        Muxes := 1     
	   2 Input   32 Bit        Muxes := 3     
	   4 Input   32 Bit        Muxes := 2     
	   2 Input   16 Bit        Muxes := 1     
	   7 Input   16 Bit        Muxes := 2     
	  12 Input   12 Bit        Muxes := 1     
	   2 Input   12 Bit        Muxes := 3     
	   2 Input    9 Bit        Muxes := 1     
	   4 Input    8 Bit        Muxes := 1     
	   7 Input    7 Bit        Muxes := 1     
	   2 Input    7 Bit        Muxes := 10    
	  11 Input    4 Bit        Muxes := 2     
	   4 Input    4 Bit        Muxes := 3     
	   7 Input    3 Bit        Muxes := 1     
	   2 Input    2 Bit        Muxes := 6     
	  11 Input    2 Bit        Muxes := 1     
	   3 Input    2 Bit        Muxes := 2     
	   2 Input    1 Bit        Muxes := 90    
	  11 Input    1 Bit        Muxes := 15    
	  12 Input    1 Bit        Muxes := 1     
	   7 Input    1 Bit        Muxes := 9     
	   4 Input    1 Bit        Muxes := 5     
	   3 Input    1 Bit        Muxes := 15    
---------------------------------------------------------------------------------
Finished RTL Component Statistics 
---------------------------------------------------------------------------------
---------------------------------------------------------------------------------
Start Part Resource Summary
---------------------------------------------------------------------------------
Part Resources:
DSPs: 90 (col length:60)
BRAMs: 100 (col length: RAMB18 60 RAMB36 30)
---------------------------------------------------------------------------------
Finished Part Resource Summary
---------------------------------------------------------------------------------
---------------------------------------------------------------------------------
Start Cross Boundary and Area Optimization
---------------------------------------------------------------------------------
WARNING: [Synth 8-7080] Parallel synthesis criteria is not met
DSP Report: Generating DSP mac_reg0, operation Mode is: A*B.
DSP Report: operator mac_reg0 is absorbed into DSP mac_reg0.
DSP Report: operator mac_reg0 is absorbed into DSP mac_reg0.
DSP Report: Generating DSP mac_reg0, operation Mode is: (PCIN>>17)+A*B.
DSP Report: operator mac_reg0 is absorbed into DSP mac_reg0.
DSP Report: operator mac_reg0 is absorbed into DSP mac_reg0.
WARNING: [Synth 8-7129] Port s_axi_awprot[2] in module fpga_mnist_mnist_accel_0_2 is either unconnected or has no load
WARNING: [Synth 8-7129] Port s_axi_awprot[1] in module fpga_mnist_mnist_accel_0_2 is either unconnected or has no load
WARNING: [Synth 8-7129] Port s_axi_awprot[0] in module fpga_mnist_mnist_accel_0_2 is either unconnected or has no load
WARNING: [Synth 8-7129] Port s_axi_wdata[31] in module fpga_mnist_mnist_accel_0_2 is either unconnected or has no load
WARNING: [Synth 8-7129] Port s_axi_wdata[30] in module fpga_mnist_mnist_accel_0_2 is either unconnected or has no load
WARNING: [Synth 8-7129] Port s_axi_wdata[29] in module fpga_mnist_mnist_accel_0_2 is either unconnected or has no load
WARNING: [Synth 8-7129] Port s_axi_wdata[28] in module fpga_mnist_mnist_accel_0_2 is either unconnected or has no load
WARNING: [Synth 8-7129] Port s_axi_wdata[27] in module fpga_mnist_mnist_accel_0_2 is either unconnected or has no load
WARNING: [Synth 8-7129] Port s_axi_wdata[26] in module fpga_mnist_mnist_accel_0_2 is either unconnected or has no load
WARNING: [Synth 8-7129] Port s_axi_wdata[25] in module fpga_mnist_mnist_accel_0_2 is either unconnected or has no load
WARNING: [Synth 8-7129] Port s_axi_wdata[24] in module fpga_mnist_mnist_accel_0_2 is either unconnected or has no load
WARNING: [Synth 8-7129] Port s_axi_wdata[23] in module fpga_mnist_mnist_accel_0_2 is either unconnected or has no load
WARNING: [Synth 8-7129] Port s_axi_wdata[22] in module fpga_mnist_mnist_accel_0_2 is either unconnected or has no load
WARNING: [Synth 8-7129] Port s_axi_wdata[21] in module fpga_mnist_mnist_accel_0_2 is either unconnected or has no load
WARNING: [Synth 8-7129] Port s_axi_wdata[20] in module fpga_mnist_mnist_accel_0_2 is either unconnected or has no load
WARNING: [Synth 8-7129] Port s_axi_wdata[19] in module fpga_mnist_mnist_accel_0_2 is either unconnected or has no load
WARNING: [Synth 8-7129] Port s_axi_wdata[18] in module fpga_mnist_mnist_accel_0_2 is either unconnected or has no load
WARNING: [Synth 8-7129] Port s_axi_wdata[17] in module fpga_mnist_mnist_accel_0_2 is either unconnected or has no load
WARNING: [Synth 8-7129] Port s_axi_wdata[16] in module fpga_mnist_mnist_accel_0_2 is either unconnected or has no load
WARNING: [Synth 8-7129] Port s_axi_wdata[15] in module fpga_mnist_mnist_accel_0_2 is either unconnected or has no load
WARNING: [Synth 8-7129] Port s_axi_wdata[14] in module fpga_mnist_mnist_accel_0_2 is either unconnected or has no load
WARNING: [Synth 8-7129] Port s_axi_wdata[13] in module fpga_mnist_mnist_accel_0_2 is either unconnected or has no load
WARNING: [Synth 8-7129] Port s_axi_wdata[12] in module fpga_mnist_mnist_accel_0_2 is either unconnected or has no load
WARNING: [Synth 8-7129] Port s_axi_wdata[11] in module fpga_mnist_mnist_accel_0_2 is either unconnected or has no load
WARNING: [Synth 8-7129] Port s_axi_wdata[10] in module fpga_mnist_mnist_accel_0_2 is either unconnected or has no load
WARNING: [Synth 8-7129] Port s_axi_wdata[9] in module fpga_mnist_mnist_accel_0_2 is either unconnected or has no load
WARNING: [Synth 8-7129] Port s_axi_wdata[8] in module fpga_mnist_mnist_accel_0_2 is either unconnected or has no load
WARNING: [Synth 8-7129] Port s_axi_wstrb[3] in module fpga_mnist_mnist_accel_0_2 is either unconnected or has no load
WARNING: [Synth 8-7129] Port s_axi_wstrb[2] in module fpga_mnist_mnist_accel_0_2 is either unconnected or has no load
WARNING: [Synth 8-7129] Port s_axi_wstrb[1] in module fpga_mnist_mnist_accel_0_2 is either unconnected or has no load
WARNING: [Synth 8-7129] Port s_axi_araddr[8] in module fpga_mnist_mnist_accel_0_2 is either unconnected or has no load
WARNING: [Synth 8-7129] Port s_axi_araddr[7] in module fpga_mnist_mnist_accel_0_2 is either unconnected or has no load
WARNING: [Synth 8-7129] Port s_axi_araddr[6] in module fpga_mnist_mnist_accel_0_2 is either unconnected or has no load
WARNING: [Synth 8-7129] Port s_axi_araddr[5] in module fpga_mnist_mnist_accel_0_2 is either unconnected or has no load
WARNING: [Synth 8-7129] Port s_axi_araddr[4] in module fpga_mnist_mnist_accel_0_2 is either unconnected or has no load
WARNING: [Synth 8-7129] Port s_axi_arprot[2] in module fpga_mnist_mnist_accel_0_2 is either unconnected or has no load
WARNING: [Synth 8-7129] Port s_axi_arprot[1] in module fpga_mnist_mnist_accel_0_2 is either unconnected or has no load
WARNING: [Synth 8-7129] Port s_axi_arprot[0] in module fpga_mnist_mnist_accel_0_2 is either unconnected or has no load
INFO: [Synth 8-3971] The signal "\inst/mnist_accel_slave_lite_v1_0_S_AXI_inst/top_mnist_fpga_instance/u_pixel_buf/mem_reg " was recognized as a true dual port RAM template.
WARNING: [Synth 8-3332] Sequential element (mac_reg_reg[47]) is unused and will be removed from module layer_two_fsm.
WARNING: [Synth 8-3332] Sequential element (mac_reg_reg[46]) is unused and will be removed from module layer_two_fsm.
WARNING: [Synth 8-3332] Sequential element (mac_reg_reg[45]) is unused and will be removed from module layer_two_fsm.
WARNING: [Synth 8-3332] Sequential element (mac_reg_reg[44]) is unused and will be removed from module layer_two_fsm.
WARNING: [Synth 8-3332] Sequential element (mac_reg_reg[43]) is unused and will be removed from module layer_two_fsm.
WARNING: [Synth 8-3332] Sequential element (mac_reg_reg[42]) is unused and will be removed from module layer_two_fsm.
WARNING: [Synth 8-3332] Sequential element (mac_reg_reg[41]) is unused and will be removed from module layer_two_fsm.
WARNING: [Synth 8-3332] Sequential element (mac_reg_reg[40]) is unused and will be removed from module layer_two_fsm.
WARNING: [Synth 8-3332] Sequential element (mac_reg_reg[39]) is unused and will be removed from module layer_two_fsm.
WARNING: [Synth 8-3332] Sequential element (mac_reg_reg[38]) is unused and will be removed from module layer_two_fsm.
WARNING: [Synth 8-3332] Sequential element (mac_reg_reg[37]) is unused and will be removed from module layer_two_fsm.
WARNING: [Synth 8-3332] Sequential element (mac_reg_reg[36]) is unused and will be removed from module layer_two_fsm.
WARNING: [Synth 8-3332] Sequential element (mac_reg_reg[35]) is unused and will be removed from module layer_two_fsm.
WARNING: [Synth 8-3332] Sequential element (mac_reg_reg[34]) is unused and will be removed from module layer_two_fsm.
WARNING: [Synth 8-3332] Sequential element (mac_reg_reg[33]) is unused and will be removed from module layer_two_fsm.
WARNING: [Synth 8-3332] Sequential element (mac_reg_reg[32]) is unused and will be removed from module layer_two_fsm.
WARNING: [Synth 8-3332] Sequential element (mac_reg_reg[31]) is unused and will be removed from module layer_two_fsm.
WARNING: [Synth 8-3332] Sequential element (mac_reg_reg[30]) is unused and will be removed from module layer_two_fsm.
WARNING: [Synth 8-3332] Sequential element (mac_reg_reg[29]) is unused and will be removed from module layer_two_fsm.
WARNING: [Synth 8-3332] Sequential element (mac_reg_reg[28]) is unused and will be removed from module layer_two_fsm.
WARNING: [Synth 8-3332] Sequential element (mac_reg_reg[27]) is unused and will be removed from module layer_two_fsm.
WARNING: [Synth 8-3332] Sequential element (mac_reg_reg[26]) is unused and will be removed from module layer_two_fsm.
WARNING: [Synth 8-3332] Sequential element (mac_reg_reg[25]) is unused and will be removed from module layer_two_fsm.
WARNING: [Synth 8-3332] Sequential element (mac_reg_reg[24]) is unused and will be removed from module layer_two_fsm.
WARNING: [Synth 8-3332] Sequential element (mac_reg_reg[23]) is unused and will be removed from module layer_two_fsm.
WARNING: [Synth 8-3332] Sequential element (mac_reg_reg[22]) is unused and will be removed from module layer_two_fsm.
WARNING: [Synth 8-3332] Sequential element (mac_reg_reg[21]) is unused and will be removed from module layer_two_fsm.
WARNING: [Synth 8-3332] Sequential element (mac_reg_reg[20]) is unused and will be removed from module layer_two_fsm.
WARNING: [Synth 8-3332] Sequential element (mac_reg_reg[19]) is unused and will be removed from module layer_two_fsm.
WARNING: [Synth 8-3332] Sequential element (mac_reg_reg[18]) is unused and will be removed from module layer_two_fsm.
WARNING: [Synth 8-3332] Sequential element (mac_reg_reg[17]) is unused and will be removed from module layer_two_fsm.
WARNING: [Synth 8-3332] Sequential element (mac_reg_reg[47]__0) is unused and will be removed from module layer_two_fsm.
WARNING: [Synth 8-3332] Sequential element (mac_reg_reg[46]__0) is unused and will be removed from module layer_two_fsm.
WARNING: [Synth 8-3332] Sequential element (mac_reg_reg[45]__0) is unused and will be removed from module layer_two_fsm.
WARNING: [Synth 8-3332] Sequential element (mac_reg_reg[44]__0) is unused and will be removed from module layer_two_fsm.
WARNING: [Synth 8-3332] Sequential element (mac_reg_reg[43]__0) is unused and will be removed from module layer_two_fsm.
WARNING: [Synth 8-3332] Sequential element (mac_reg_reg[42]__0) is unused and will be removed from module layer_two_fsm.
WARNING: [Synth 8-3332] Sequential element (mac_reg_reg[41]__0) is unused and will be removed from module layer_two_fsm.
WARNING: [Synth 8-3332] Sequential element (mac_reg_reg[40]__0) is unused and will be removed from module layer_two_fsm.
WARNING: [Synth 8-3332] Sequential element (mac_reg_reg[39]__0) is unused and will be removed from module layer_two_fsm.
WARNING: [Synth 8-3332] Sequential element (mac_reg_reg[38]__0) is unused and will be removed from module layer_two_fsm.
WARNING: [Synth 8-3332] Sequential element (mac_reg_reg[37]__0) is unused and will be removed from module layer_two_fsm.
WARNING: [Synth 8-3332] Sequential element (mac_reg_reg[36]__0) is unused and will be removed from module layer_two_fsm.
WARNING: [Synth 8-3332] Sequential element (mac_reg_reg[35]__0) is unused and will be removed from module layer_two_fsm.
WARNING: [Synth 8-3332] Sequential element (mac_reg_reg[34]__0) is unused and will be removed from module layer_two_fsm.
WARNING: [Synth 8-3332] Sequential element (mac_reg_reg[33]__0) is unused and will be removed from module layer_two_fsm.
WARNING: [Synth 8-3332] Sequential element (mac_reg_reg[32]__0) is unused and will be removed from module layer_two_fsm.
WARNING: [Synth 8-3332] Sequential element (mac_reg_reg[31]__0) is unused and will be removed from module layer_two_fsm.
WARNING: [Synth 8-3332] Sequential element (mac_reg_reg[30]__0) is unused and will be removed from module layer_two_fsm.
WARNING: [Synth 8-3332] Sequential element (mac_reg_reg[29]__0) is unused and will be removed from module layer_two_fsm.
WARNING: [Synth 8-3332] Sequential element (mac_reg_reg[28]__0) is unused and will be removed from module layer_two_fsm.
WARNING: [Synth 8-3332] Sequential element (mac_reg_reg[27]__0) is unused and will be removed from module layer_two_fsm.
WARNING: [Synth 8-3332] Sequential element (mac_reg_reg[26]__0) is unused and will be removed from module layer_two_fsm.
WARNING: [Synth 8-3332] Sequential element (mac_reg_reg[25]__0) is unused and will be removed from module layer_two_fsm.
WARNING: [Synth 8-3332] Sequential element (mac_reg_reg[24]__0) is unused and will be removed from module layer_two_fsm.
WARNING: [Synth 8-3332] Sequential element (mac_reg_reg[23]__0) is unused and will be removed from module layer_two_fsm.
WARNING: [Synth 8-3332] Sequential element (FSM_onehot_state_reg[0]) is unused and will be removed from module argmax_fsm.
---------------------------------------------------------------------------------
Finished Cross Boundary and Area Optimization : Time (s): cpu = 00:00:28 ; elapsed = 00:00:30 . Memory (MB): peak = 1278.879 ; gain = 706.785
---------------------------------------------------------------------------------
 Sort Area is  mac_reg0_0 : 0 0 : 1424 2783 : Used 1 time 0
 Sort Area is  mac_reg0_0 : 0 1 : 1359 2783 : Used 1 time 0
---------------------------------------------------------------------------------
Start ROM, RAM, DSP, Shift Register and Retiming Reporting
---------------------------------------------------------------------------------

ROM: Preliminary Mapping Report
+-----------------+--------------------------+---------------+----------------+
|Module Name      | RTL Object               | Depth x Width | Implemented As | 
+-----------------+--------------------------+---------------+----------------+
|mnist_fpga_accel | weight_ram1/data_out_reg | 4096x16       | Block RAM      | 
|mnist_fpga_accel | weight_ram2/data_out_reg | 256x20        | Block RAM      | 
+-----------------+--------------------------+---------------+----------------+


Block RAM: Preliminary Mapping Report (see note below)
-------NONE-------
Note: The table above is a preliminary report that shows the Block RAMs at the current stage of the synthesis flow. Some Block RAMs may be reimplemented as non Block RAM primitives later in the synthesis flow. Multiple instantiated Block RAMs are reported only once. 

DSP: Preliminary Mapping Report (see note below. The ' indicates corresponding REG is set)
+--------------+----------------+--------+--------+--------+--------+--------+------+------+------+------+-------+------+------+
|Module Name   | DSP Mapping    | A Size | B Size | C Size | D Size | P Size | AREG | BREG | CREG | DREG | ADREG | MREG | PREG | 
+--------------+----------------+--------+--------+--------+--------+--------+------+------+------+------+-------+------+------+
|layer_two_fsm | A*B            | 18     | 8      | -      | -      | 48     | 0    | 0    | -    | -    | -     | 0    | 0    | 
|layer_two_fsm | (PCIN>>17)+A*B | 15     | 8      | -      | -      | 48     | 0    | 0    | -    | -    | -     | 0    | 0    | 
+--------------+----------------+--------+--------+--------+--------+--------+------+------+------+------+-------+------+------+

Note: The table above is a preliminary report that shows the DSPs inferred at the current stage of the synthesis flow. Some DSP may be reimplemented as non DSP primitives later in the synthesis flow. Multiple instantiated DSPs are reported only once.
---------------------------------------------------------------------------------
Finished ROM, RAM, DSP, Shift Register and Retiming Reporting
---------------------------------------------------------------------------------
---------------------------------------------------------------------------------
Start Applying XDC Timing Constraints
---------------------------------------------------------------------------------
---------------------------------------------------------------------------------
Finished Applying XDC Timing Constraints : Time (s): cpu = 00:00:40 ; elapsed = 00:00:43 . Memory (MB): peak = 1416.223 ; gain = 844.129
---------------------------------------------------------------------------------
---------------------------------------------------------------------------------
Start Timing Optimization
---------------------------------------------------------------------------------
---------------------------------------------------------------------------------
Finished Timing Optimization : Time (s): cpu = 00:00:41 ; elapsed = 00:00:44 . Memory (MB): peak = 1420.727 ; gain = 848.633
---------------------------------------------------------------------------------
---------------------------------------------------------------------------------
Start ROM, RAM, DSP, Shift Register and Retiming Reporting
---------------------------------------------------------------------------------

Block RAM: Final Mapping Report
-------NONE-------
---------------------------------------------------------------------------------
Finished ROM, RAM, DSP, Shift Register and Retiming Reporting
---------------------------------------------------------------------------------
---------------------------------------------------------------------------------
Start Technology Mapping
---------------------------------------------------------------------------------
INFO: [Synth 8-7052] The timing for the instance inst/mnist_accel_slave_lite_v1_0_S_AXI_inst/top_mnist_fpga_instance/u_pixel_buf/mem_reg_1 (implemented as a Block RAM) might be sub-optimal as no optional output register could be merged into the ram block. Providing additional output register may help in improving timing.
INFO: [Synth 8-7052] The timing for the instance inst/mnist_accel_slave_lite_v1_0_S_AXI_inst/top_mnist_fpga_instance/u_pixel_buf/mem_reg_2 (implemented as a Block RAM) might be sub-optimal as no optional output register could be merged into the ram block. Providing additional output register may help in improving timing.
INFO: [Synth 8-7052] The timing for the instance inst/mnist_accel_slave_lite_v1_0_S_AXI_inst/top_mnist_fpga_instance/u_pixel_buf/mem_reg_3 (implemented as a Block RAM) might be sub-optimal as no optional output register could be merged into the ram block. Providing additional output register may help in improving timing.
INFO: [Synth 8-7052] The timing for the instance inst/mnist_accel_slave_lite_v1_0_S_AXI_inst/top_mnist_fpga_instance/u_pixel_buf/mem_reg_4 (implemented as a Block RAM) might be sub-optimal as no optional output register could be merged into the ram block. Providing additional output register may help in improving timing.
INFO: [Synth 8-7052] The timing for the instance inst/mnist_accel_slave_lite_v1_0_S_AXI_inst/top_mnist_fpga_instance/weight_ram1/data_out_reg_0 (implemented as a Block RAM) might be sub-optimal as no optional output register could be merged into the ram block. Providing additional output register may help in improving timing.
INFO: [Synth 8-7052] The timing for the instance inst/mnist_accel_slave_lite_v1_0_S_AXI_inst/top_mnist_fpga_instance/weight_ram1/data_out_reg_1 (implemented as a Block RAM) might be sub-optimal as no optional output register could be merged into the ram block. Providing additional output register may help in improving timing.
INFO: [Synth 8-7052] The timing for the instance inst/mnist_accel_slave_lite_v1_0_S_AXI_inst/top_mnist_fpga_instance/weight_ram2/data_out_reg (implemented as a Block RAM) might be sub-optimal as no optional output register could be merged into the ram block. Providing additional output register may help in improving timing.
INFO: [Synth 8-7052] The timing for the instance inst/mnist_accel_slave_lite_v1_0_S_AXI_inst/top_mnist_fpga_instance/weight_ram2/data_out_reg (implemented as a Block RAM) might be sub-optimal as no optional output register could be merged into the ram block. Providing additional output register may help in improving timing.
---------------------------------------------------------------------------------
Finished Technology Mapping : Time (s): cpu = 00:00:43 ; elapsed = 00:00:46 . Memory (MB): peak = 1443.043 ; gain = 870.949
---------------------------------------------------------------------------------
---------------------------------------------------------------------------------
Start IO Insertion
---------------------------------------------------------------------------------
---------------------------------------------------------------------------------
Start Flattening Before IO Insertion
---------------------------------------------------------------------------------
---------------------------------------------------------------------------------
Finished Flattening Before IO Insertion
---------------------------------------------------------------------------------
---------------------------------------------------------------------------------
Start Final Netlist Cleanup
---------------------------------------------------------------------------------
---------------------------------------------------------------------------------
Finished Final Netlist Cleanup
---------------------------------------------------------------------------------
---------------------------------------------------------------------------------
Finished IO Insertion : Time (s): cpu = 00:00:49 ; elapsed = 00:00:52 . Memory (MB): peak = 1643.078 ; gain = 1070.984
---------------------------------------------------------------------------------
---------------------------------------------------------------------------------
Start Renaming Generated Instances
---------------------------------------------------------------------------------
---------------------------------------------------------------------------------
Finished Renaming Generated Instances : Time (s): cpu = 00:00:49 ; elapsed = 00:00:52 . Memory (MB): peak = 1643.078 ; gain = 1070.984
---------------------------------------------------------------------------------
---------------------------------------------------------------------------------
Start Rebuilding User Hierarchy
---------------------------------------------------------------------------------
---------------------------------------------------------------------------------
Finished Rebuilding User Hierarchy : Time (s): cpu = 00:00:49 ; elapsed = 00:00:52 . Memory (MB): peak = 1643.078 ; gain = 1070.984
---------------------------------------------------------------------------------
---------------------------------------------------------------------------------
Start Renaming Generated Ports
---------------------------------------------------------------------------------
---------------------------------------------------------------------------------
Finished Renaming Generated Ports : Time (s): cpu = 00:00:49 ; elapsed = 00:00:52 . Memory (MB): peak = 1643.078 ; gain = 1070.984
---------------------------------------------------------------------------------
---------------------------------------------------------------------------------
Start Handling Custom Attributes
---------------------------------------------------------------------------------
---------------------------------------------------------------------------------
Finished Handling Custom Attributes : Time (s): cpu = 00:00:49 ; elapsed = 00:00:52 . Memory (MB): peak = 1646.141 ; gain = 1074.047
---------------------------------------------------------------------------------
---------------------------------------------------------------------------------
Start Renaming Generated Nets
---------------------------------------------------------------------------------
---------------------------------------------------------------------------------
Finished Renaming Generated Nets : Time (s): cpu = 00:00:49 ; elapsed = 00:00:52 . Memory (MB): peak = 1646.141 ; gain = 1074.047
---------------------------------------------------------------------------------
---------------------------------------------------------------------------------
Start Writing Synthesis Report
---------------------------------------------------------------------------------

DSP Final Report (the ' indicates corresponding REG is set)
+--------------+-----------------+--------+--------+--------+--------+--------+------+------+------+------+-------+------+------+
|Module Name   | DSP Mapping     | A Size | B Size | C Size | D Size | P Size | AREG | BREG | CREG | DREG | ADREG | MREG | PREG | 
+--------------+-----------------+--------+--------+--------+--------+--------+------+------+------+------+-------+------+------+
|layer_two_fsm | A*B             | 17     | 18     | -      | -      | 48     | 0    | 0    | -    | -    | -     | 0    | 0    | 
|layer_two_fsm | (PCIN>>17+A*B)' | 14     | 18     | -      | -      | 48     | 0    | 0    | -    | -    | -     | 0    | 1    | 
+--------------+-----------------+--------+--------+--------+--------+--------+------+------+------+------+-------+------+------+


Report BlackBoxes: 
+-+--------------+----------+
| |BlackBox name |Instances |
+-+--------------+----------+
+-+--------------+----------+

Report Cell Usage: 
+------+---------+------+
|      |Cell     |Count |
+------+---------+------+
|1     |CARRY4   |    96|
|2     |DSP48E1  |     2|
|4     |LUT1     |     3|
|5     |LUT2     |   227|
|6     |LUT3     |   221|
|7     |LUT4     |   292|
|8     |LUT5     |    88|
|9     |LUT6     |   790|
|10    |MUXF7    |   248|
|11    |MUXF8    |    64|
|12    |RAMB18E1 |     5|
|14    |RAMB36E1 |     2|
|16    |FDCE     |  2754|
|17    |FDPE     |     3|
|18    |FDRE     |   371|
+------+---------+------+
---------------------------------------------------------------------------------
Finished Writing Synthesis Report : Time (s): cpu = 00:00:49 ; elapsed = 00:00:52 . Memory (MB): peak = 1646.141 ; gain = 1074.047
---------------------------------------------------------------------------------
Synthesis finished with 0 errors, 0 critical warnings and 97 warnings.
Synthesis Optimization Runtime : Time (s): cpu = 00:00:41 ; elapsed = 00:00:50 . Memory (MB): peak = 1646.141 ; gain = 984.391
Synthesis Optimization Complete : Time (s): cpu = 00:00:49 ; elapsed = 00:00:52 . Memory (MB): peak = 1646.141 ; gain = 1074.047
INFO: [Project 1-571] Translating synthesized netlist
Netlist sorting complete. Time (s): cpu = 00:00:00 ; elapsed = 00:00:00.108 . Memory (MB): peak = 1647.711 ; gain = 0.000
INFO: [Netlist 29-17] Analyzing 417 Unisim elements for replacement
INFO: [Netlist 29-28] Unisim Transformation completed in 0 CPU seconds
INFO: [Project 1-570] Preparing netlist for logic optimization
INFO: [Opt 31-138] Pushed 0 inverter(s) to 0 load pin(s).
Netlist sorting complete. Time (s): cpu = 00:00:00 ; elapsed = 00:00:00.001 . Memory (MB): peak = 1647.711 ; gain = 0.000
INFO: [Project 1-111] Unisim Transformation Summary:
No Unisim elements were transformed.

Synth Design complete | Checksum: d986f7a6
INFO: [Common 17-83] Releasing license: Synthesis
83 Infos, 160 Warnings, 0 Critical Warnings and 0 Errors encountered.
synth_design completed successfully
synth_design: Time (s): cpu = 00:00:54 ; elapsed = 00:00:59 . Memory (MB): peak = 1647.711 ; gain = 1261.461
Write ShapeDB Complete: Time (s): cpu = 00:00:00 ; elapsed = 00:00:00.018 . Memory (MB): peak = 1647.711 ; gain = 0.000
INFO: [Common 17-1381] The checkpoint 'C:/vitis_mnist/clean_build/clean_build.runs/fpga_mnist_mnist_accel_0_2_synth_1/fpga_mnist_mnist_accel_0_2.dcp' has been generated.
INFO: [Coretcl 2-1648] Added synthesis output to IP cache for IP fpga_mnist_mnist_accel_0_2, cache-ID = a9abd551467ada22
INFO: [Coretcl 2-1174] Renamed 12 cell refs.
Write ShapeDB Complete: Time (s): cpu = 00:00:00 ; elapsed = 00:00:00.009 . Memory (MB): peak = 1647.711 ; gain = 0.000
INFO: [Common 17-1381] The checkpoint 'C:/vitis_mnist/clean_build/clean_build.runs/fpga_mnist_mnist_accel_0_2_synth_1/fpga_mnist_mnist_accel_0_2.dcp' has been generated.
INFO: [Vivado 12-24828] Executing command : report_utilization -file fpga_mnist_mnist_accel_0_2_utilization_synth.rpt -pb fpga_mnist_mnist_accel_0_2_utilization_synth.pb
INFO: [Common 17-206] Exiting Vivado at Fri Jan 30 12:27:10 2026...
